/opt/st/stm32cubeide_1.11.0/plugins/com.st.stm32cube.ide.mcu.externaltools.gnu-tools-for-stm32.10.3-2021.10.linux64_1.0.100.202210260954/tools/arm-none-eabi/include/c++/10.3.1/limits:525:7:static constexpr signed char std::numeric_limits<signed char>::min()	4	static
/opt/st/stm32cubeide_1.11.0/plugins/com.st.stm32cube.ide.mcu.externaltools.gnu-tools-for-stm32.10.3-2021.10.linux64_1.0.100.202210260954/tools/arm-none-eabi/include/c++/10.3.1/limits:528:7:static constexpr signed char std::numeric_limits<signed char>::max()	4	static
/opt/st/stm32cubeide_1.11.0/plugins/com.st.stm32cube.ide.mcu.externaltools.gnu-tools-for-stm32.10.3-2021.10.linux64_1.0.100.202210260954/tools/arm-none-eabi/include/c++/10.3.1/limits:1204:7:static constexpr long int std::numeric_limits<long int>::min()	4	static
/opt/st/stm32cubeide_1.11.0/plugins/com.st.stm32cube.ide.mcu.externaltools.gnu-tools-for-stm32.10.3-2021.10.linux64_1.0.100.202210260954/tools/arm-none-eabi/include/c++/10.3.1/limits:1207:7:static constexpr long int std::numeric_limits<long int>::max()	4	static
/opt/st/stm32cubeide_1.11.0/plugins/com.st.stm32cube.ide.mcu.externaltools.gnu-tools-for-stm32.10.3-2021.10.linux64_1.0.100.202210260954/tools/arm-none-eabi/include/c++/10.3.1/limits:1710:7:static constexpr float std::numeric_limits<float>::infinity()	4	static
../third_party/gemmlowp/fixedpoint/fixedpoint.h:329:21:IntegerType gemmlowp::SaturatingRoundingDoublingHighMul(IntegerType, IntegerType) [with IntegerType = long int]	104	static
../tensorflow/tensorflow/lite/kernels/internal/runtime_shape.h:35:3:tflite::RuntimeShape::RuntimeShape()	16	static
../tensorflow/tensorflow/lite/kernels/internal/runtime_shape.h:45:3:tflite::RuntimeShape::RuntimeShape(int, const int32_t*)	24	static
../tensorflow/tensorflow/lite/kernels/internal/runtime_shape.h:56:3:tflite::RuntimeShape::~RuntimeShape()	16	static
../tensorflow/tensorflow/lite/kernels/internal/runtime_shape.h:58:11:int32_t tflite::RuntimeShape::DimensionsCount() const	16	static
../tensorflow/tensorflow/lite/kernels/internal/runtime_shape.h:59:11:int32_t tflite::RuntimeShape::Dims(int) const	16	static
../tensorflow/tensorflow/lite/kernels/internal/runtime_shape.h:74:12:int32_t* tflite::RuntimeShape::DimsData()	16	static
../tensorflow/tensorflow/lite/kernels/internal/runtime_shape.h:75:18:const int32_t* tflite::RuntimeShape::DimsData() const	16	static
../tensorflow/tensorflow/lite/kernels/internal/runtime_shape.h:78:8:void tflite::RuntimeShape::ReplaceWith(int, const int32_t*)	32	static
../tensorflow/tensorflow/lite/kernels/internal/runtime_shape.h:86:7:int tflite::RuntimeShape::FlatSize() const	32	static
../tensorflow/tensorflow/lite/kernels/internal/types.h:312:12:int tflite::MatchingFlatSize(const tflite::RuntimeShape&, const tflite::RuntimeShape&)	32	static
../tensorflow/tensorflow/lite/kernels/internal/common.h:253:16:int32_t tflite::MultiplyByQuantizedMultiplier(int32_t, int32_t, int)	32	static
../tensorflow/tensorflow/lite/kernels/internal/tensor_ctypes.h:34:21:tflite::RuntimeShape tflite::GetTensorShape(const TfLiteTensor*)	32	static
/opt/st/stm32cubeide_1.11.0/plugins/com.st.stm32cube.ide.mcu.externaltools.gnu-tools-for-stm32.10.3-2021.10.linux64_1.0.100.202210260954/tools/arm-none-eabi/include/c++/10.3.1/arm-none-eabi/thumb/v7e-m+fp/hard/bits/gthr-default.h:229:1:int __gthread_key_delete(__gthread_key_t)	16	static
../tensorflow/tensorflow/lite/micro/micro_context.h:120:22:tflite::MicroContext* tflite::GetMicroContext(const TfLiteContext*)	16	static
../tensorflow/tensorflow/lite/micro/kernels/activations_common.cc:36:6:void tflite::ReluQuantized(const tflite::ReluOpData&, const tflite::RuntimeShape&, const tflite::RuntimeShape&, const int8_t*, int8_t*)	48	static
../tensorflow/tensorflow/lite/micro/kernels/activations_common.cc:82:6:void tflite::ReluFloat(const tflite::RuntimeShape&, const float*, const tflite::RuntimeShape&, float*)	48	static
../tensorflow/tensorflow/lite/micro/kernels/activations_common.cc:93:6:void tflite::Relu6Float(const tflite::RuntimeShape&, const float*, const tflite::RuntimeShape&, float*)	48	static
../tensorflow/tensorflow/lite/micro/kernels/activations_common.cc:105:6:void tflite::Relu6Quantized(int8_t, int8_t, const tflite::RuntimeShape&, const int8_t*, const tflite::RuntimeShape&, int8_t*)	40	static
../tensorflow/tensorflow/lite/micro/kernels/activations_common.cc:116:14:TfLiteStatus tflite::ReluPrepare(TfLiteContext*, TfLiteNode*)	48	static
../tensorflow/tensorflow/lite/micro/kernels/activations_common.cc:138:14:TfLiteStatus tflite::Relu6Prepare(TfLiteContext*, TfLiteNode*)	48	static
/opt/st/stm32cubeide_1.11.0/plugins/com.st.stm32cube.ide.mcu.externaltools.gnu-tools-for-stm32.10.3-2021.10.linux64_1.0.100.202210260954/tools/arm-none-eabi/include/c++/10.3.1/bits/stl_algobase.h:254:5:constexpr const _Tp& std::max(const _Tp&, const _Tp&) [with _Tp = long int]	16	static
/opt/st/stm32cubeide_1.11.0/plugins/com.st.stm32cube.ide.mcu.externaltools.gnu-tools-for-stm32.10.3-2021.10.linux64_1.0.100.202210260954/tools/arm-none-eabi/include/c++/10.3.1/bits/stl_algobase.h:230:5:constexpr const _Tp& std::min(const _Tp&, const _Tp&) [with _Tp = long int]	16	static
../third_party/gemmlowp/fixedpoint/fixedpoint.h:357:20:IntegerType gemmlowp::RoundingDivideByPOT(IntegerType, int) [with IntegerType = long int]	56	static
../tensorflow/tensorflow/lite/micro/kernels/activations_common.cc:54:6:void tflite::CalculateReluOpData(const TfLiteTensor*, TfLiteTensor*, tflite::ReluOpData*) [with T = signed char]	112	static
../tensorflow/tensorflow/lite/micro/micro_utils.h:42:3:T tflite::FloatToQuantizedType(float, float, int) [with T = signed char]	48	static
../third_party/gemmlowp/fixedpoint/fixedpoint.h:64:10:tRawType gemmlowp::Dup(typename gemmlowp::FixedPointRawTypeTraits<tRawType>::ScalarRawType) [with tRawType = long int]	16	static
../third_party/gemmlowp/fixedpoint/fixedpoint.h:70:14:tIntegerType gemmlowp::BitAnd(tIntegerType, tIntegerType) [with tIntegerType = long int]	16	static
../third_party/gemmlowp/fixedpoint/fixedpoint.h:140:14:tIntegerType gemmlowp::ShiftRight(tIntegerType, int) [with tIntegerType = long int]	16	static
../third_party/gemmlowp/fixedpoint/fixedpoint.h:199:14:tIntegerType gemmlowp::MaskIfLessThan(tIntegerType, tIntegerType) [with tIntegerType = long int]	16	static
../third_party/gemmlowp/fixedpoint/fixedpoint.h:94:14:tIntegerType gemmlowp::Add(tIntegerType, tIntegerType) [with tIntegerType = long int]	16	static
../third_party/gemmlowp/fixedpoint/fixedpoint.h:185:14:tIntegerType gemmlowp::MaskIfGreaterThan(tIntegerType, tIntegerType) [with tIntegerType = long int]	16	static
../third_party/gemmlowp/fixedpoint/fixedpoint.h:156:14:tIntegerType gemmlowp::MaskIfNonZero(tIntegerType) [with tIntegerType = long int]	16	static
../third_party/gemmlowp/fixedpoint/fixedpoint.h:88:14:tIntegerType gemmlowp::BitNot(tIntegerType) [with tIntegerType = long int]	16	static
