/opt/st/stm32cubeide_1.11.0/plugins/com.st.stm32cube.ide.mcu.externaltools.gnu-tools-for-stm32.10.3-2021.10.linux64_1.0.100.202210260954/tools/arm-none-eabi/include/c++/10.3.1/limits:525:7:static constexpr signed char std::numeric_limits<signed char>::min()	4	static
/opt/st/stm32cubeide_1.11.0/plugins/com.st.stm32cube.ide.mcu.externaltools.gnu-tools-for-stm32.10.3-2021.10.linux64_1.0.100.202210260954/tools/arm-none-eabi/include/c++/10.3.1/limits:528:7:static constexpr signed char std::numeric_limits<signed char>::max()	4	static
/opt/st/stm32cubeide_1.11.0/plugins/com.st.stm32cube.ide.mcu.externaltools.gnu-tools-for-stm32.10.3-2021.10.linux64_1.0.100.202210260954/tools/arm-none-eabi/include/c++/10.3.1/limits:928:7:static constexpr short int std::numeric_limits<short int>::max()	4	static
/opt/st/stm32cubeide_1.11.0/plugins/com.st.stm32cube.ide.mcu.externaltools.gnu-tools-for-stm32.10.3-2021.10.linux64_1.0.100.202210260954/tools/arm-none-eabi/include/c++/10.3.1/limits:1204:7:static constexpr long int std::numeric_limits<long int>::min()	4	static
/opt/st/stm32cubeide_1.11.0/plugins/com.st.stm32cube.ide.mcu.externaltools.gnu-tools-for-stm32.10.3-2021.10.linux64_1.0.100.202210260954/tools/arm-none-eabi/include/c++/10.3.1/limits:1207:7:static constexpr long int std::numeric_limits<long int>::max()	4	static
../third_party/gemmlowp/fixedpoint/fixedpoint.h:262:21:IntegerType gemmlowp::SaturatingAdd(IntegerType, IntegerType) [with IntegerType = short int]	40	static
../third_party/gemmlowp/fixedpoint/fixedpoint.h:329:21:IntegerType gemmlowp::SaturatingRoundingDoublingHighMul(IntegerType, IntegerType) [with IntegerType = long int]	104	static
../tensorflow/tensorflow/lite/kernels/internal/runtime_shape.h:39:3:tflite::RuntimeShape::RuntimeShape(int, int32_t)	32	static
../tensorflow/tensorflow/lite/kernels/internal/runtime_shape.h:50:8:bool tflite::RuntimeShape::operator==(const tflite::RuntimeShape&) const	24	static
../tensorflow/tensorflow/lite/kernels/internal/runtime_shape.h:56:3:tflite::RuntimeShape::~RuntimeShape()	16	static
../tensorflow/tensorflow/lite/kernels/internal/runtime_shape.h:58:11:int32_t tflite::RuntimeShape::DimensionsCount() const	16	static
../tensorflow/tensorflow/lite/kernels/internal/runtime_shape.h:59:11:int32_t tflite::RuntimeShape::Dims(int) const	16	static
../tensorflow/tensorflow/lite/kernels/internal/runtime_shape.h:64:8:void tflite::RuntimeShape::SetDim(int, int32_t)	24	static
../tensorflow/tensorflow/lite/kernels/internal/runtime_shape.h:70:23:static tflite::RuntimeShape tflite::RuntimeShape::ExtendedShape(int, const tflite::RuntimeShape&)	24	static
../tensorflow/tensorflow/lite/kernels/internal/runtime_shape.h:74:12:int32_t* tflite::RuntimeShape::DimsData()	16	static
../tensorflow/tensorflow/lite/kernels/internal/runtime_shape.h:75:18:const int32_t* tflite::RuntimeShape::DimsData() const	16	static
../tensorflow/tensorflow/lite/kernels/internal/runtime_shape.h:86:7:int tflite::RuntimeShape::FlatSize() const	32	static
../tensorflow/tensorflow/lite/kernels/internal/runtime_shape.h:99:3:tflite::RuntimeShape::RuntimeShape(int, const tflite::RuntimeShape&, int)	40	static
../tensorflow/tensorflow/lite/kernels/internal/runtime_shape.h:123:12:int tflite::Offset(const tflite::RuntimeShape&, int, int, int, int)	32	static
../tensorflow/tensorflow/lite/kernels/internal/types.h:299:12:int tflite::MatchingElementsSize(const tflite::RuntimeShape&, const tflite::RuntimeShape&, const tflite::RuntimeShape&)	40	static
../tensorflow/tensorflow/lite/kernels/internal/common.h:238:16:int32_t tflite::MultiplyByQuantizedMultiplierSmallerThanOneExp(int32_t, int32_t, int)	24	static
../tensorflow/tensorflow/lite/kernels/internal/common.h:915:12:int tflite::SubscriptToIndex(const tflite::NdArrayDesc<4>&, int, int, int, int)	24	static
/opt/st/stm32cubeide_1.11.0/plugins/com.st.stm32cube.ide.mcu.externaltools.gnu-tools-for-stm32.10.3-2021.10.linux64_1.0.100.202210260954/tools/arm-none-eabi/include/c++/10.3.1/bits/stl_algobase.h:230:5:constexpr const _Tp& std::min(const _Tp&, const _Tp&) [with _Tp = long int]	16	static
/opt/st/stm32cubeide_1.11.0/plugins/com.st.stm32cube.ide.mcu.externaltools.gnu-tools-for-stm32.10.3-2021.10.linux64_1.0.100.202210260954/tools/arm-none-eabi/include/c++/10.3.1/bits/stl_algobase.h:254:5:constexpr const _Tp& std::max(const _Tp&, const _Tp&) [with _Tp = long int]	16	static
../tensorflow/tensorflow/lite/kernels/internal/reference/add.h:132:13:void tflite::reference_ops::AddGeneralParamScale(const tflite::ArithmeticParams&, const tflite::RuntimeShape&, const int16_t*, const tflite::RuntimeShape&, const int16_t*, const tflite::RuntimeShape&, int16_t*)	40	static
/opt/st/stm32cubeide_1.11.0/plugins/com.st.stm32cube.ide.mcu.externaltools.gnu-tools-for-stm32.10.3-2021.10.linux64_1.0.100.202210260954/tools/arm-none-eabi/include/c++/10.3.1/bits/stl_algobase.h:230:5:constexpr const _Tp& std::min(const _Tp&, const _Tp&) [with _Tp = short int]	16	static
/opt/st/stm32cubeide_1.11.0/plugins/com.st.stm32cube.ide.mcu.externaltools.gnu-tools-for-stm32.10.3-2021.10.linux64_1.0.100.202210260954/tools/arm-none-eabi/include/c++/10.3.1/bits/stl_algobase.h:254:5:constexpr const _Tp& std::max(const _Tp&, const _Tp&) [with _Tp = short int]	16	static
../tensorflow/tensorflow/lite/kernels/internal/reference/add.h:153:13:void tflite::reference_ops::Add(const tflite::ArithmeticParams&, const tflite::RuntimeShape&, const int16_t*, const tflite::RuntimeShape&, const int16_t*, const tflite::RuntimeShape&, int16_t*, bool)	88	static
../tensorflow/tensorflow/lite/kernels/internal/reference/integer_ops/add.h:27:13:void tflite::reference_integer_ops::CheckArithmeticParams(const tflite::ArithmeticParams&)	24	static
../tensorflow/tensorflow/lite/kernels/internal/reference/integer_ops/add.h:38:13:void tflite::reference_integer_ops::ElementWise(int, const tflite::ArithmeticParams&, const int8_t*, const int8_t*, int8_t*, void (*)(const tflite::ArithmeticParams&), int8_t (*)(int8_t, int8_t, const tflite::ArithmeticParams&))	40	static
../tensorflow/tensorflow/lite/kernels/internal/reference/integer_ops/add.h:49:13:void tflite::reference_integer_ops::BroadcastBinaryFunction4DSlow(const tflite::ArithmeticParams&, const tflite::RuntimeShape&, const int8_t*, const tflite::RuntimeShape&, const int8_t*, const tflite::RuntimeShape&, int8_t*, void (*)(const tflite::ArithmeticParams&), int8_t (*)(int8_t, int8_t, const tflite::ArithmeticParams&))	152	static
../tensorflow/tensorflow/lite/kernels/internal/reference/integer_ops/add.h:87:15:int8_t tflite::reference_integer_ops::AddFunc(int8_t, int8_t, const tflite::ArithmeticParams&)	64	static
../tensorflow/tensorflow/lite/kernels/internal/reference/integer_ops/add.h:111:13:void tflite::reference_integer_ops::AddElementwise(int, const tflite::ArithmeticParams&, const int8_t*, const int8_t*, int8_t*)	40	static
../tensorflow/tensorflow/lite/kernels/internal/reference/integer_ops/add.h:118:13:void tflite::reference_integer_ops::Add(const tflite::ArithmeticParams&, const tflite::RuntimeShape&, const int8_t*, const tflite::RuntimeShape&, const int8_t*, const tflite::RuntimeShape&, int8_t*)	40	static
../tensorflow/tensorflow/lite/kernels/internal/reference/integer_ops/add.h:130:13:void tflite::reference_integer_ops::BroadcastAdd4DSlow(const tflite::ArithmeticParams&, const tflite::RuntimeShape&, const int8_t*, const tflite::RuntimeShape&, const int8_t*, const tflite::RuntimeShape&, int8_t*)	48	static
../tensorflow/tensorflow/lite/kernels/internal/reference/process_broadcast_shapes.h:40:13:bool tflite::reference_ops::ProcessBroadcastShapes(const tflite::RuntimeShape&, const tflite::RuntimeShape&, tflite::ArithmeticParams*)	136	static
/opt/st/stm32cubeide_1.11.0/plugins/com.st.stm32cube.ide.mcu.externaltools.gnu-tools-for-stm32.10.3-2021.10.linux64_1.0.100.202210260954/tools/arm-none-eabi/include/c++/10.3.1/arm-none-eabi/thumb/v7e-m+fp/hard/bits/gthr-default.h:229:1:int __gthread_key_delete(__gthread_key_t)	16	static
../tensorflow/tensorflow/lite/micro/kernels/add.cc:33:6:void tflite::EvalAdd(TfLiteContext*, TfLiteNode*, TfLiteAddParams*, const tflite::OpDataAdd*, const TfLiteEvalTensor*, const TfLiteEvalTensor*, TfLiteEvalTensor*)	296	static
../tensorflow/tensorflow/lite/micro/kernels/add.cc:57:14:TfLiteStatus tflite::EvalAddQuantized(TfLiteContext*, TfLiteNode*, TfLiteAddParams*, const tflite::OpDataAdd*, const TfLiteEvalTensor*, const TfLiteEvalTensor*, TfLiteEvalTensor*)	504	static
../tensorflow/tensorflow/lite/micro/kernels/add.cc:129:7:void* tflite::AddInit(TfLiteContext*, const char*, size_t)	24	static
../tensorflow/tensorflow/lite/micro/kernels/add.cc:134:14:TfLiteStatus tflite::AddEval(TfLiteContext*, TfLiteNode*)	56	static
../tensorflow/tensorflow/lite/micro/kernels/add.cc:161:20:TfLiteRegistration tflite::Register_ADD()	24	static
../tensorflow/tensorflow/lite/kernels/internal/common.h:61:10:T tflite::ActivationFunctionWithMinMax(T, T, T) [with T = float]	24	static
../third_party/gemmlowp/fixedpoint/fixedpoint.h:357:20:IntegerType gemmlowp::RoundingDivideByPOT(IntegerType, int) [with IntegerType = long int]	56	static
../tensorflow/tensorflow/lite/kernels/internal/reference/add.h:51:13:void tflite::reference_ops::AddElementwise(int, const tflite::ArithmeticParams&, const T*, const T*, T*) [with T = short int]	72	static
../third_party/gemmlowp/fixedpoint/fixedpoint.h:481:21:static gemmlowp::FixedPoint<tRawType, tIntegerBits> gemmlowp::FixedPoint<tRawType, tIntegerBits>::FromRaw(gemmlowp::FixedPoint<tRawType, tIntegerBits>::RawType) [with tRawType = short int; int tIntegerBits = 0]	24	static
../third_party/gemmlowp/fixedpoint/fixedpoint.h:357:20:IntegerType gemmlowp::RoundingDivideByPOT(IntegerType, int) [with IntegerType = short int]	48	static
../third_party/gemmlowp/fixedpoint/fixedpoint.h:641:36:gemmlowp::FixedPoint<tRawType, tIntegerBits_a> gemmlowp::SaturatingAdd(gemmlowp::FixedPoint<tRawType, tIntegerBits_a>, gemmlowp::FixedPoint<tRawType, tIntegerBits_a>) [with tRawType = short int; int tIntegerBits = 0]	24	static
../third_party/gemmlowp/fixedpoint/fixedpoint.h:525:12:gemmlowp::FixedPoint<tRawType, tIntegerBits>::RawType& gemmlowp::FixedPoint<tRawType, tIntegerBits>::raw() [with tRawType = short int; int tIntegerBits = 0]	16	static
../tensorflow/tensorflow/lite/kernels/internal/common.h:1008:13:void tflite::NdArrayDescsForElementwiseBroadcast(const tflite::RuntimeShape&, const tflite::RuntimeShape&, tflite::NdArrayDesc<N>*, tflite::NdArrayDesc<N>*) [with int N = 4]	88	static
../tensorflow/tensorflow/lite/kernels/internal/types.h:1014:13:void tflite::SetActivationParams(float, float, P*) [with P = tflite::ArithmeticParams]	24	static
../tensorflow/tensorflow/lite/micro/kernels/kernel_util.h:71:10:const T* tflite::micro::GetTensorData(const TfLiteEvalTensor*) [with T = float]	16	static
../tensorflow/tensorflow/lite/micro/kernels/kernel_util.h:64:4:T* tflite::micro::GetTensorData(TfLiteEvalTensor*) [with T = float]	16	static
../tensorflow/tensorflow/lite/kernels/internal/reference/add.h:199:1:typename std::enable_if<(! tflite::is_small_integer<T>::value), void>::type tflite::reference_ops::BroadcastAdd4DSlow(const tflite::ArithmeticParams&, const tflite::RuntimeShape&, const T*, const tflite::RuntimeShape&, const T*, const tflite::RuntimeShape&, T*) [with T = float]	168	static
../tensorflow/tensorflow/lite/kernels/internal/reference/add.h:29:13:void tflite::reference_ops::Add(const tflite::ArithmeticParams&, const tflite::RuntimeShape&, const T*, const tflite::RuntimeShape&, const T*, const tflite::RuntimeShape&, T*) [with T = float]	48	static
../tensorflow/tensorflow/lite/kernels/internal/types.h:1020:13:void tflite::SetActivationParams(int32_t, int32_t, P*) [with P = tflite::ArithmeticParams]	24	static
../tensorflow/tensorflow/lite/micro/kernels/kernel_util.h:71:10:const T* tflite::micro::GetTensorData(const TfLiteEvalTensor*) [with T = signed char]	16	static
../tensorflow/tensorflow/lite/micro/kernels/kernel_util.h:64:4:T* tflite::micro::GetTensorData(TfLiteEvalTensor*) [with T = signed char]	16	static
../tensorflow/tensorflow/lite/micro/kernels/kernel_util.h:71:10:const T* tflite::micro::GetTensorData(const TfLiteEvalTensor*) [with T = short int]	16	static
../tensorflow/tensorflow/lite/micro/kernels/kernel_util.h:64:4:T* tflite::micro::GetTensorData(TfLiteEvalTensor*) [with T = short int]	16	static
../tensorflow/tensorflow/lite/kernels/internal/reference/add.h:244:1:typename std::enable_if<tflite::is_small_integer<T>::value, void>::type tflite::reference_ops::BroadcastAdd4DSlow(const tflite::ArithmeticParams&, const tflite::RuntimeShape&, const T*, const tflite::RuntimeShape&, const T*, const tflite::RuntimeShape&, T*) [with T = short int]	184	static
/opt/st/stm32cubeide_1.11.0/plugins/com.st.stm32cube.ide.mcu.externaltools.gnu-tools-for-stm32.10.3-2021.10.linux64_1.0.100.202210260954/tools/arm-none-eabi/include/c++/10.3.1/bits/stl_algobase.h:254:5:constexpr const _Tp& std::max(const _Tp&, const _Tp&) [with _Tp = float]	16	static
/opt/st/stm32cubeide_1.11.0/plugins/com.st.stm32cube.ide.mcu.externaltools.gnu-tools-for-stm32.10.3-2021.10.linux64_1.0.100.202210260954/tools/arm-none-eabi/include/c++/10.3.1/bits/stl_algobase.h:230:5:constexpr const _Tp& std::min(const _Tp&, const _Tp&) [with _Tp = float]	16	static
../third_party/gemmlowp/fixedpoint/fixedpoint.h:64:10:tRawType gemmlowp::Dup(typename gemmlowp::FixedPointRawTypeTraits<tRawType>::ScalarRawType) [with tRawType = long int]	16	static
../third_party/gemmlowp/fixedpoint/fixedpoint.h:70:14:tIntegerType gemmlowp::BitAnd(tIntegerType, tIntegerType) [with tIntegerType = long int]	16	static
../third_party/gemmlowp/fixedpoint/fixedpoint.h:140:14:tIntegerType gemmlowp::ShiftRight(tIntegerType, int) [with tIntegerType = long int]	16	static
../third_party/gemmlowp/fixedpoint/fixedpoint.h:199:14:tIntegerType gemmlowp::MaskIfLessThan(tIntegerType, tIntegerType) [with tIntegerType = long int]	16	static
../third_party/gemmlowp/fixedpoint/fixedpoint.h:94:14:tIntegerType gemmlowp::Add(tIntegerType, tIntegerType) [with tIntegerType = long int]	16	static
../third_party/gemmlowp/fixedpoint/fixedpoint.h:185:14:tIntegerType gemmlowp::MaskIfGreaterThan(tIntegerType, tIntegerType) [with tIntegerType = long int]	16	static
../third_party/gemmlowp/fixedpoint/fixedpoint.h:64:10:tRawType gemmlowp::Dup(typename gemmlowp::FixedPointRawTypeTraits<tRawType>::ScalarRawType) [with tRawType = short int]	16	static
../third_party/gemmlowp/fixedpoint/fixedpoint.h:70:14:tIntegerType gemmlowp::BitAnd(tIntegerType, tIntegerType) [with tIntegerType = short int]	16	static
../third_party/gemmlowp/fixedpoint/fixedpoint.h:140:14:tIntegerType gemmlowp::ShiftRight(tIntegerType, int) [with tIntegerType = short int]	16	static
../third_party/gemmlowp/fixedpoint/fixedpoint.h:199:14:tIntegerType gemmlowp::MaskIfLessThan(tIntegerType, tIntegerType) [with tIntegerType = short int]	16	static
../third_party/gemmlowp/fixedpoint/fixedpoint.h:94:14:tIntegerType gemmlowp::Add(tIntegerType, tIntegerType) [with tIntegerType = short int]	16	static
../third_party/gemmlowp/fixedpoint/fixedpoint.h:185:14:tIntegerType gemmlowp::MaskIfGreaterThan(tIntegerType, tIntegerType) [with tIntegerType = short int]	16	static
../tensorflow/tensorflow/lite/kernels/internal/common.h:997:13:void tflite::CopyDimsToDesc(const tflite::RuntimeShape&, tflite::NdArrayDesc<N>*) [with int N = 4]	24	static
../tensorflow/tensorflow/lite/kernels/internal/types.h:1038:13:void tflite::GetActivationParams(const P&, float*, float*) [with P = tflite::ArithmeticParams]	24	static
../third_party/gemmlowp/fixedpoint/fixedpoint.h:156:14:tIntegerType gemmlowp::MaskIfNonZero(tIntegerType) [with tIntegerType = long int]	16	static
../third_party/gemmlowp/fixedpoint/fixedpoint.h:156:14:tIntegerType gemmlowp::MaskIfNonZero(tIntegerType) [with tIntegerType = short int]	16	static
../third_party/gemmlowp/fixedpoint/fixedpoint.h:88:14:tIntegerType gemmlowp::BitNot(tIntegerType) [with tIntegerType = long int]	16	static
../third_party/gemmlowp/fixedpoint/fixedpoint.h:88:14:tIntegerType gemmlowp::BitNot(tIntegerType) [with tIntegerType = short int]	16	static
