../tensorflow/tensorflow/lite/kernels/internal/runtime_shape.h:56:3:tflite::RuntimeShape::~RuntimeShape()	16	static
../tensorflow/tensorflow/lite/kernels/internal/runtime_shape.h:58:11:int32_t tflite::RuntimeShape::DimensionsCount() const	16	static
../tensorflow/tensorflow/lite/kernels/internal/runtime_shape.h:75:18:const int32_t* tflite::RuntimeShape::DimsData() const	16	static
../tensorflow/tensorflow/lite/kernels/internal/runtime_shape.h:86:7:int tflite::RuntimeShape::FlatSize() const	32	static
/opt/st/stm32cubeide_1.11.0/plugins/com.st.stm32cube.ide.mcu.externaltools.gnu-tools-for-stm32.10.3-2021.10.linux64_1.0.100.202210260954/tools/arm-none-eabi/include/c++/10.3.1/arm-none-eabi/thumb/v7e-m+fp/hard/bits/gthr-default.h:229:1:int __gthread_key_delete(__gthread_key_t)	16	static
../tensorflow/tensorflow/lite/kernels/kernel_util.h:150:12:int tflite::NumDimensions(const TfLiteTensor*)	16	static
../tensorflow/tensorflow/lite/micro/micro_context.h:120:22:tflite::MicroContext* tflite::GetMicroContext(const TfLiteContext*)	16	static
../tensorflow/tensorflow/lite/micro/kernels/fill.cc:41:14:TfLiteStatus tflite::{anonymous}::EnsureEq(TfLiteContext*, const TfLiteIntArray*, const TfLiteTensor*)	56	static
../tensorflow/tensorflow/lite/micro/kernels/fill.cc:67:14:TfLiteStatus tflite::{anonymous}::Prepare(TfLiteContext*, TfLiteNode*)	64	static
../tensorflow/tensorflow/lite/micro/kernels/fill.cc:110:14:TfLiteStatus tflite::{anonymous}::Eval(TfLiteContext*, TfLiteNode*)	24	static
../tensorflow/tensorflow/lite/micro/kernels/fill.cc:136:20:TfLiteRegistration tflite::Register_FILL()	24	static
../tensorflow/tensorflow/lite/micro/kernels/fill.cc:31:14:TfLiteStatus tflite::{anonymous}::EnsureEqImpl(TfLiteContext*, const TfLiteIntArray*, const TfLiteTensor*) [with T = signed char]	56	static
../tensorflow/tensorflow/lite/micro/kernels/fill.cc:31:14:TfLiteStatus tflite::{anonymous}::EnsureEqImpl(TfLiteContext*, const TfLiteIntArray*, const TfLiteTensor*) [with T = short int]	56	static
../tensorflow/tensorflow/lite/micro/kernels/fill.cc:31:14:TfLiteStatus tflite::{anonymous}::EnsureEqImpl(TfLiteContext*, const TfLiteIntArray*, const TfLiteTensor*) [with T = long int]	56	static
../tensorflow/tensorflow/lite/micro/kernels/fill.cc:31:14:TfLiteStatus tflite::{anonymous}::EnsureEqImpl(TfLiteContext*, const TfLiteIntArray*, const TfLiteTensor*) [with T = long long int]	64	static
../tensorflow/tensorflow/lite/micro/kernels/fill.cc:104:6:void tflite::{anonymous}::FillImpl(const TfLiteEvalTensor*, TfLiteEvalTensor*) [with T = float]	72	static
../tensorflow/tensorflow/lite/micro/kernels/fill.cc:104:6:void tflite::{anonymous}::FillImpl(const TfLiteEvalTensor*, TfLiteEvalTensor*) [with T = long int]	72	static
../tensorflow/tensorflow/lite/micro/kernels/fill.cc:104:6:void tflite::{anonymous}::FillImpl(const TfLiteEvalTensor*, TfLiteEvalTensor*) [with T = signed char]	72	static
../tensorflow/tensorflow/lite/kernels/internal/tensor_ctypes.h:29:17:const T* tflite::GetTensorData(const TfLiteTensor*) [with T = signed char]	16	static
../tensorflow/tensorflow/lite/kernels/internal/tensor_ctypes.h:29:17:const T* tflite::GetTensorData(const TfLiteTensor*) [with T = short int]	16	static
../tensorflow/tensorflow/lite/kernels/internal/tensor_ctypes.h:29:17:const T* tflite::GetTensorData(const TfLiteTensor*) [with T = long int]	16	static
../tensorflow/tensorflow/lite/kernels/internal/tensor_ctypes.h:29:17:const T* tflite::GetTensorData(const TfLiteTensor*) [with T = long long int]	16	static
../tensorflow/tensorflow/lite/micro/kernels/kernel_util.h:71:10:const T* tflite::micro::GetTensorData(const TfLiteEvalTensor*) [with T = float]	16	static
../tensorflow/tensorflow/lite/micro/kernels/kernel_util.h:64:4:T* tflite::micro::GetTensorData(TfLiteEvalTensor*) [with T = float]	16	static
../tensorflow/tensorflow/lite/kernels/internal/reference/fill.h:26:6:void tflite::reference_ops::Fill(const tflite::RuntimeShape&, const T*, const tflite::RuntimeShape&, T*) [with T = float]	32	static
../tensorflow/tensorflow/lite/micro/kernels/kernel_util.h:71:10:const T* tflite::micro::GetTensorData(const TfLiteEvalTensor*) [with T = long int]	16	static
../tensorflow/tensorflow/lite/micro/kernels/kernel_util.h:64:4:T* tflite::micro::GetTensorData(TfLiteEvalTensor*) [with T = long int]	16	static
../tensorflow/tensorflow/lite/kernels/internal/reference/fill.h:26:6:void tflite::reference_ops::Fill(const tflite::RuntimeShape&, const T*, const tflite::RuntimeShape&, T*) [with T = long int]	32	static
../tensorflow/tensorflow/lite/micro/kernels/kernel_util.h:71:10:const T* tflite::micro::GetTensorData(const TfLiteEvalTensor*) [with T = signed char]	16	static
../tensorflow/tensorflow/lite/micro/kernels/kernel_util.h:64:4:T* tflite::micro::GetTensorData(TfLiteEvalTensor*) [with T = signed char]	16	static
../tensorflow/tensorflow/lite/kernels/internal/reference/fill.h:26:6:void tflite::reference_ops::Fill(const tflite::RuntimeShape&, const T*, const tflite::RuntimeShape&, T*) [with T = signed char]	32	static
