/opt/st/stm32cubeide_1.11.0/plugins/com.st.stm32cube.ide.mcu.externaltools.gnu-tools-for-stm32.10.3-2021.10.linux64_1.0.100.202210260954/tools/arm-none-eabi/include/c++/10.3.1/limits:1672:7:static constexpr float std::numeric_limits<float>::max()	4	static
/opt/st/stm32cubeide_1.11.0/plugins/com.st.stm32cube.ide.mcu.externaltools.gnu-tools-for-stm32.10.3-2021.10.linux64_1.0.100.202210260954/tools/arm-none-eabi/include/c++/10.3.1/limits:1676:7:static constexpr float std::numeric_limits<float>::lowest()	4	static
/opt/st/stm32cubeide_1.11.0/plugins/com.st.stm32cube.ide.mcu.externaltools.gnu-tools-for-stm32.10.3-2021.10.linux64_1.0.100.202210260954/tools/arm-none-eabi/include/c++/10.3.1/arm-none-eabi/thumb/v7e-m+fp/hard/bits/gthr-default.h:229:1:int __gthread_key_delete(__gthread_key_t)	16	static
../tensorflow/tensorflow/lite/micro/kernels/fully_connected_common.cc:34:22:tflite::FullyConnectedParams tflite::FullyConnectedParamsQuantized(const tflite::OpDataFullyConnected&)	16	static
../tensorflow/tensorflow/lite/micro/kernels/fully_connected_common.cc:47:22:tflite::FullyConnectedParams tflite::FullyConnectedParamsFloat(TfLiteFusedActivation)	16	static
../tensorflow/tensorflow/lite/micro/kernels/fully_connected_common.cc:55:14:TfLiteStatus tflite::CalculateOpDataFullyConnected(TfLiteContext*, TfLiteFusedActivation, TfLiteType, const TfLiteTensor*, const TfLiteTensor*, const TfLiteTensor*, TfLiteTensor*, tflite::OpDataFullyConnected*)	48	static
../tensorflow/tensorflow/lite/kernels/kernel_util.h:274:6:void tflite::CalculateActivationRange(TfLiteFusedActivation, T*, T*) [with T = float]	24	static
