../tensorflow/tensorflow/lite/kernels/internal/runtime_shape.h:35:3:tflite::RuntimeShape::RuntimeShape()	16	static
../tensorflow/tensorflow/lite/kernels/internal/runtime_shape.h:45:3:tflite::RuntimeShape::RuntimeShape(int, const int32_t*)	24	static
../tensorflow/tensorflow/lite/kernels/internal/runtime_shape.h:74:12:int32_t* tflite::RuntimeShape::DimsData()	16	static
../tensorflow/tensorflow/lite/kernels/internal/runtime_shape.h:78:8:void tflite::RuntimeShape::ReplaceWith(int, const int32_t*)	32	static
/opt/st/stm32cubeide_1.11.0/plugins/com.st.stm32cube.ide.mcu.externaltools.gnu-tools-for-stm32.10.3-2021.10.linux64_1.0.100.202210260954/tools/arm-none-eabi/include/c++/10.3.1/arm-none-eabi/thumb/v7e-m+fp/hard/bits/gthr-default.h:229:1:int __gthread_key_delete(__gthread_key_t)	16	static
../tensorflow/tensorflow/lite/micro/kernels/kernel_util.cc:27:5:int tflite::micro::{anonymous}::ValidateTensorIndexing(const TfLiteContext*, int, int, const int*)	32	static
../tensorflow/tensorflow/lite/micro/kernels/kernel_util.cc:40:20:TfLiteRegistration tflite::micro::RegisterOp(void* (*)(TfLiteContext*, const char*, size_t), TfLiteStatus (*)(TfLiteContext*, TfLiteNode*), TfLiteStatus (*)(TfLiteContext*, TfLiteNode*), void (*)(TfLiteContext*, void*))	24	static
../tensorflow/tensorflow/lite/micro/kernels/kernel_util.cc:58:19:TfLiteEvalTensor* tflite::micro::GetMutableEvalInput(const TfLiteContext*, const TfLiteNode*, int)	32	static
../tensorflow/tensorflow/lite/micro/kernels/kernel_util.cc:73:25:const TfLiteEvalTensor* tflite::micro::GetEvalInput(const TfLiteContext*, const TfLiteNode*, int)	24	static
../tensorflow/tensorflow/lite/micro/kernels/kernel_util.cc:79:19:TfLiteEvalTensor* tflite::micro::GetEvalOutput(const TfLiteContext*, const TfLiteNode*, int)	24	static
../tensorflow/tensorflow/lite/micro/kernels/kernel_util.cc:86:6:bool tflite::micro::HaveSameShapes(const TfLiteEvalTensor*, const TfLiteEvalTensor*)	16	static
../tensorflow/tensorflow/lite/micro/kernels/kernel_util.cc:93:20:const tflite::RuntimeShape tflite::micro::GetTensorShape(const TfLiteEvalTensor*)	32	static
../tensorflow/tensorflow/lite/micro/kernels/kernel_util.cc:103:13:tflite::PaddingType tflite::micro::RuntimePaddingType(TfLitePadding)	16	static
../tensorflow/tensorflow/lite/micro/kernels/kernel_util.cc:119:14:TfLiteStatus tflite::micro::CreateWritableTensorDimsWithCopy(TfLiteContext*, TfLiteTensor*, TfLiteEvalTensor*)	64	static
../tensorflow/tensorflow/lite/micro/kernels/kernel_util.cc:142:8:size_t tflite::micro::ValidateAndGetTensorSizes(const TfLiteEvalTensor*, const TfLiteEvalTensor*)	24	static
../tensorflow/tensorflow/lite/micro/kernels/kernel_util.cc:152:14:TfLiteStatus tflite::micro::CopyOpInputsToOpOutputs(TfLiteContext*, TfLiteNode*)	48	static
../tensorflow/tensorflow/lite/micro/kernels/kernel_util.cc:179:6:void tflite::micro::PrintNBytes(const int8_t*, int, const char*)	32	static
../tensorflow/tensorflow/lite/micro/kernels/kernel_util.cc:192:6:void tflite::micro::PrintNBytes(const TfLiteEvalTensor*, int, const char*)	32	static
../tensorflow/tensorflow/lite/micro/kernels/kernel_util.cc:200:6:void tflite::micro::PrintNBytes(const TfLiteTensor*, int, const char*)	32	static
../tensorflow/tensorflow/lite/micro/kernels/kernel_util.cc:205:14:TfLiteStatus tflite::micro::CopyOpInputsToSubgraphInputs(TfLiteContext*, TfLiteNode*, tflite::MicroGraph*, int, int)	56	static
../tensorflow/tensorflow/lite/micro/kernels/kernel_util.cc:225:14:TfLiteStatus tflite::micro::CopyOpOutputsToSubgraphInputs(TfLiteContext*, TfLiteNode*, tflite::MicroGraph*, int)	56	static
../tensorflow/tensorflow/lite/micro/kernels/kernel_util.cc:242:14:TfLiteStatus tflite::micro::CopySubgraphOutputsToOpOutputs(TfLiteContext*, TfLiteNode*, tflite::MicroGraph*, int)	56	static
../tensorflow/tensorflow/lite/micro/kernels/kernel_util.h:71:10:const T* tflite::micro::GetTensorData(const TfLiteEvalTensor*) [with T = signed char]	16	static
../tensorflow/tensorflow/lite/kernels/internal/tensor_ctypes.h:29:17:const T* tflite::GetTensorData(const TfLiteTensor*) [with T = signed char]	16	static
