../tensorflow/tensorflow/lite/kernels/internal/runtime_shape.h:56:3:tflite::RuntimeShape::~RuntimeShape()	16	static
../tensorflow/tensorflow/lite/kernels/internal/runtime_shape.h:58:11:int32_t tflite::RuntimeShape::DimensionsCount() const	16	static
../tensorflow/tensorflow/lite/kernels/internal/runtime_shape.h:59:11:int32_t tflite::RuntimeShape::Dims(int) const	16	static
../tensorflow/tensorflow/lite/kernels/internal/runtime_shape.h:64:8:void tflite::RuntimeShape::SetDim(int, int32_t)	24	static
../tensorflow/tensorflow/lite/kernels/internal/runtime_shape.h:70:23:static tflite::RuntimeShape tflite::RuntimeShape::ExtendedShape(int, const tflite::RuntimeShape&)	24	static
../tensorflow/tensorflow/lite/kernels/internal/runtime_shape.h:74:12:int32_t* tflite::RuntimeShape::DimsData()	16	static
../tensorflow/tensorflow/lite/kernels/internal/runtime_shape.h:75:18:const int32_t* tflite::RuntimeShape::DimsData() const	16	static
../tensorflow/tensorflow/lite/kernels/internal/runtime_shape.h:76:18:const int32_t* tflite::RuntimeShape::DimsDataUpTo5D() const	16	static
../tensorflow/tensorflow/lite/kernels/internal/runtime_shape.h:86:7:int tflite::RuntimeShape::FlatSize() const	32	static
../tensorflow/tensorflow/lite/kernels/internal/runtime_shape.h:99:3:tflite::RuntimeShape::RuntimeShape(int, const tflite::RuntimeShape&, int)	40	static
../tensorflow/tensorflow/lite/kernels/internal/types.h:312:12:int tflite::MatchingFlatSize(const tflite::RuntimeShape&, const tflite::RuntimeShape&)	32	static
../tensorflow/tensorflow/lite/kernels/internal/types.h:322:12:int tflite::MatchingFlatSize(const tflite::RuntimeShape&, const tflite::RuntimeShape&, const tflite::RuntimeShape&)	40	static
/opt/st/stm32cubeide_1.11.0/plugins/com.st.stm32cube.ide.mcu.externaltools.gnu-tools-for-stm32.10.3-2021.10.linux64_1.0.100.202210260954/tools/arm-none-eabi/include/c++/10.3.1/arm-none-eabi/thumb/v7e-m+fp/hard/bits/gthr-default.h:229:1:int __gthread_key_delete(__gthread_key_t)	16	static
../tensorflow/tensorflow/lite/micro/kernels/logical_common.cc:29:14:TfLiteStatus tflite::LogicalImpl(TfLiteContext*, TfLiteNode*, bool (*)(bool, bool))	208	static
../tensorflow/tensorflow/lite/micro/kernels/logical_common.cc:59:6:bool tflite::LogicalOr(bool, bool)	16	static
../tensorflow/tensorflow/lite/micro/kernels/logical_common.cc:61:6:bool tflite::LogicalAnd(bool, bool)	16	static
../tensorflow/tensorflow/lite/micro/kernels/kernel_util.h:71:10:const T* tflite::micro::GetTensorData(const TfLiteEvalTensor*) [with T = bool]	16	static
../tensorflow/tensorflow/lite/micro/kernels/kernel_util.h:64:4:T* tflite::micro::GetTensorData(TfLiteEvalTensor*) [with T = bool]	16	static
../tensorflow/tensorflow/lite/kernels/internal/reference/binary_function.h:75:13:void tflite::reference_ops::BinaryFunction(const tflite::RuntimeShape&, const T1*, const tflite::RuntimeShape&, const T2*, const tflite::RuntimeShape&, R*, R (*)(T1, T2)) [with R = bool; T1 = bool; T2 = bool]	40	static
../tensorflow/tensorflow/lite/kernels/internal/reference/binary_function.h:30:13:void tflite::reference_ops::BroadcastBinaryFunction4DSlow(const tflite::RuntimeShape&, const T1*, const tflite::RuntimeShape&, const T2*, const tflite::RuntimeShape&, R*, R (*)(T1, T2)) [with R = bool; T1 = bool; T2 = bool]	184	static
../tensorflow/tensorflow/lite/kernels/internal/common.h:1008:13:void tflite::NdArrayDescsForElementwiseBroadcast(const tflite::RuntimeShape&, const tflite::RuntimeShape&, tflite::NdArrayDesc<N>*, tflite::NdArrayDesc<N>*) [with int N = 4]	88	static
../tensorflow/tensorflow/lite/kernels/internal/common.h:997:13:void tflite::CopyDimsToDesc(const tflite::RuntimeShape&, tflite::NdArrayDesc<N>*) [with int N = 4]	24	static
