../tensorflow/tensorflow/lite/kernels/internal/runtime_shape.h:50:8:bool tflite::RuntimeShape::operator==(const tflite::RuntimeShape&) const	24	static
../tensorflow/tensorflow/lite/kernels/internal/runtime_shape.h:56:3:tflite::RuntimeShape::~RuntimeShape()	16	static
../tensorflow/tensorflow/lite/kernels/internal/runtime_shape.h:58:11:int32_t tflite::RuntimeShape::DimensionsCount() const	16	static
../tensorflow/tensorflow/lite/kernels/internal/runtime_shape.h:59:11:int32_t tflite::RuntimeShape::Dims(int) const	16	static
../tensorflow/tensorflow/lite/kernels/internal/runtime_shape.h:64:8:void tflite::RuntimeShape::SetDim(int, int32_t)	24	static
../tensorflow/tensorflow/lite/kernels/internal/runtime_shape.h:70:23:static tflite::RuntimeShape tflite::RuntimeShape::ExtendedShape(int, const tflite::RuntimeShape&)	24	static
../tensorflow/tensorflow/lite/kernels/internal/runtime_shape.h:74:12:int32_t* tflite::RuntimeShape::DimsData()	16	static
../tensorflow/tensorflow/lite/kernels/internal/runtime_shape.h:75:18:const int32_t* tflite::RuntimeShape::DimsData() const	16	static
../tensorflow/tensorflow/lite/kernels/internal/runtime_shape.h:86:7:int tflite::RuntimeShape::FlatSize() const	32	static
../tensorflow/tensorflow/lite/kernels/internal/runtime_shape.h:99:3:tflite::RuntimeShape::RuntimeShape(int, const tflite::RuntimeShape&, int)	40	static
../tensorflow/tensorflow/lite/kernels/internal/types.h:299:12:int tflite::MatchingElementsSize(const tflite::RuntimeShape&, const tflite::RuntimeShape&, const tflite::RuntimeShape&)	40	static
../tensorflow/tensorflow/lite/kernels/internal/common.h:925:12:int tflite::SubscriptToIndex(const tflite::NdArrayDesc<5>&, int*)	16	static
/opt/st/stm32cubeide_1.11.0/plugins/com.st.stm32cube.ide.mcu.externaltools.gnu-tools-for-stm32.10.3-2021.10.linux64_1.0.100.202210260954/tools/arm-none-eabi/include/c++/10.3.1/arm-none-eabi/thumb/v7e-m+fp/hard/bits/gthr-default.h:229:1:int __gthread_key_delete(__gthread_key_t)	16	static
../tensorflow/tensorflow/lite/micro/kernels/maximum_minimum.cc:44:3:tflite::ops::micro::maximum_minimum::{anonymous}::OpContext::OpContext(TfLiteContext*, TfLiteNode*)	24	static
../tensorflow/tensorflow/lite/micro/kernels/maximum_minimum.cc:116:20:TfLiteRegistration tflite::ops::micro::Register_MAXIMUM()	24	static
../tensorflow/tensorflow/lite/micro/kernels/maximum_minimum.cc:123:20:TfLiteRegistration tflite::ops::micro::Register_MINIMUM()	24	static
../tensorflow/tensorflow/lite/micro/kernels/maximum_minimum.cc:84:14:TfLiteStatus tflite::ops::micro::maximum_minimum::Eval(TfLiteContext*, TfLiteNode*) [with tflite::ops::micro::maximum_minimum::{anonymous}::KernelType kernel_type = tflite::ops::micro::maximum_minimum::<unnamed>::kReference; OpType = tflite::ops::micro::maximum_minimum::{anonymous}::MaximumOp]	32	static
../tensorflow/tensorflow/lite/micro/kernels/maximum_minimum.cc:84:14:TfLiteStatus tflite::ops::micro::maximum_minimum::Eval(TfLiteContext*, TfLiteNode*) [with tflite::ops::micro::maximum_minimum::{anonymous}::KernelType kernel_type = tflite::ops::micro::maximum_minimum::<unnamed>::kReference; OpType = tflite::ops::micro::maximum_minimum::{anonymous}::MinimumOp]	32	static
../tensorflow/tensorflow/lite/micro/kernels/maximum_minimum.cc:71:6:void tflite::ops::micro::maximum_minimum::TFLiteOperation(TfLiteContext*, TfLiteNode*, const tflite::ops::micro::maximum_minimum::{anonymous}::OpContext&) [with data_type = float; op_type = tflite::ops::micro::maximum_minimum::{anonymous}::MaximumOp]	120	static
../tensorflow/tensorflow/lite/micro/kernels/maximum_minimum.cc:71:6:void tflite::ops::micro::maximum_minimum::TFLiteOperation(TfLiteContext*, TfLiteNode*, const tflite::ops::micro::maximum_minimum::{anonymous}::OpContext&) [with data_type = signed char; op_type = tflite::ops::micro::maximum_minimum::{anonymous}::MaximumOp]	120	static
../tensorflow/tensorflow/lite/micro/kernels/maximum_minimum.cc:71:6:void tflite::ops::micro::maximum_minimum::TFLiteOperation(TfLiteContext*, TfLiteNode*, const tflite::ops::micro::maximum_minimum::{anonymous}::OpContext&) [with data_type = long int; op_type = tflite::ops::micro::maximum_minimum::{anonymous}::MaximumOp]	120	static
../tensorflow/tensorflow/lite/micro/kernels/maximum_minimum.cc:71:6:void tflite::ops::micro::maximum_minimum::TFLiteOperation(TfLiteContext*, TfLiteNode*, const tflite::ops::micro::maximum_minimum::{anonymous}::OpContext&) [with data_type = long long int; op_type = tflite::ops::micro::maximum_minimum::{anonymous}::MaximumOp]	120	static
../tensorflow/tensorflow/lite/micro/kernels/maximum_minimum.cc:71:6:void tflite::ops::micro::maximum_minimum::TFLiteOperation(TfLiteContext*, TfLiteNode*, const tflite::ops::micro::maximum_minimum::{anonymous}::OpContext&) [with data_type = float; op_type = tflite::ops::micro::maximum_minimum::{anonymous}::MinimumOp]	120	static
../tensorflow/tensorflow/lite/micro/kernels/maximum_minimum.cc:71:6:void tflite::ops::micro::maximum_minimum::TFLiteOperation(TfLiteContext*, TfLiteNode*, const tflite::ops::micro::maximum_minimum::{anonymous}::OpContext&) [with data_type = signed char; op_type = tflite::ops::micro::maximum_minimum::{anonymous}::MinimumOp]	120	static
../tensorflow/tensorflow/lite/micro/kernels/maximum_minimum.cc:71:6:void tflite::ops::micro::maximum_minimum::TFLiteOperation(TfLiteContext*, TfLiteNode*, const tflite::ops::micro::maximum_minimum::{anonymous}::OpContext&) [with data_type = long int; op_type = tflite::ops::micro::maximum_minimum::{anonymous}::MinimumOp]	120	static
../tensorflow/tensorflow/lite/micro/kernels/maximum_minimum.cc:71:6:void tflite::ops::micro::maximum_minimum::TFLiteOperation(TfLiteContext*, TfLiteNode*, const tflite::ops::micro::maximum_minimum::{anonymous}::OpContext&) [with data_type = long long int; op_type = tflite::ops::micro::maximum_minimum::{anonymous}::MinimumOp]	120	static
../tensorflow/tensorflow/lite/micro/kernels/kernel_util.h:71:10:const T* tflite::micro::GetTensorData(const TfLiteEvalTensor*) [with T = float]	16	static
../tensorflow/tensorflow/lite/micro/kernels/kernel_util.h:64:4:T* tflite::micro::GetTensorData(TfLiteEvalTensor*) [with T = float]	16	static
../tensorflow/tensorflow/lite/micro/kernels/maximum_minimum.cc:56:20:static data_type tflite::ops::micro::maximum_minimum::{anonymous}::MaximumOp::op(data_type, data_type) [with data_type = float]	16	static
../tensorflow/tensorflow/lite/kernels/internal/reference/maximum_minimum.h:52:24:tflite::reference_ops::MaximumMinimumBroadcastSlow<float, float (*)(float, float), 5>::<lambda(int*)>	32	static
../tensorflow/tensorflow/lite/kernels/internal/reference/maximum_minimum.h:25:6:void tflite::reference_ops::MaximumMinimumBroadcastSlow(const tflite::RuntimeShape&, const T*, const tflite::RuntimeShape&, const T*, const tflite::RuntimeShape&, T*, Op) [with T = float; Op = float (*)(float, float); int N = 5]	216	static
../tensorflow/tensorflow/lite/micro/kernels/kernel_util.h:71:10:const T* tflite::micro::GetTensorData(const TfLiteEvalTensor*) [with T = signed char]	16	static
../tensorflow/tensorflow/lite/micro/kernels/kernel_util.h:64:4:T* tflite::micro::GetTensorData(TfLiteEvalTensor*) [with T = signed char]	16	static
../tensorflow/tensorflow/lite/micro/kernels/maximum_minimum.cc:56:20:static data_type tflite::ops::micro::maximum_minimum::{anonymous}::MaximumOp::op(data_type, data_type) [with data_type = signed char]	16	static
../tensorflow/tensorflow/lite/kernels/internal/reference/maximum_minimum.h:52:24:tflite::reference_ops::MaximumMinimumBroadcastSlow<signed char, signed char (*)(signed char, signed char), 5>::<lambda(int*)>	32	static
../tensorflow/tensorflow/lite/kernels/internal/reference/maximum_minimum.h:25:6:void tflite::reference_ops::MaximumMinimumBroadcastSlow(const tflite::RuntimeShape&, const T*, const tflite::RuntimeShape&, const T*, const tflite::RuntimeShape&, T*, Op) [with T = signed char; Op = signed char (*)(signed char, signed char); int N = 5]	216	static
../tensorflow/tensorflow/lite/micro/kernels/kernel_util.h:71:10:const T* tflite::micro::GetTensorData(const TfLiteEvalTensor*) [with T = long int]	16	static
../tensorflow/tensorflow/lite/micro/kernels/kernel_util.h:64:4:T* tflite::micro::GetTensorData(TfLiteEvalTensor*) [with T = long int]	16	static
../tensorflow/tensorflow/lite/micro/kernels/maximum_minimum.cc:56:20:static data_type tflite::ops::micro::maximum_minimum::{anonymous}::MaximumOp::op(data_type, data_type) [with data_type = long int]	16	static
../tensorflow/tensorflow/lite/kernels/internal/reference/maximum_minimum.h:52:24:tflite::reference_ops::MaximumMinimumBroadcastSlow<long int, long int (*)(long int, long int), 5>::<lambda(int*)>	40	static
../tensorflow/tensorflow/lite/kernels/internal/reference/maximum_minimum.h:25:6:void tflite::reference_ops::MaximumMinimumBroadcastSlow(const tflite::RuntimeShape&, const T*, const tflite::RuntimeShape&, const T*, const tflite::RuntimeShape&, T*, Op) [with T = long int; Op = long int (*)(long int, long int); int N = 5]	216	static
../tensorflow/tensorflow/lite/micro/kernels/kernel_util.h:71:10:const T* tflite::micro::GetTensorData(const TfLiteEvalTensor*) [with T = long long int]	16	static
../tensorflow/tensorflow/lite/micro/kernels/kernel_util.h:64:4:T* tflite::micro::GetTensorData(TfLiteEvalTensor*) [with T = long long int]	16	static
../tensorflow/tensorflow/lite/micro/kernels/maximum_minimum.cc:56:20:static data_type tflite::ops::micro::maximum_minimum::{anonymous}::MaximumOp::op(data_type, data_type) [with data_type = long long int]	24	static
../tensorflow/tensorflow/lite/kernels/internal/reference/maximum_minimum.h:52:24:tflite::reference_ops::MaximumMinimumBroadcastSlow<long long int, long long int (*)(long long int, long long int), 5>::<lambda(int*)>	48	static
../tensorflow/tensorflow/lite/kernels/internal/reference/maximum_minimum.h:25:6:void tflite::reference_ops::MaximumMinimumBroadcastSlow(const tflite::RuntimeShape&, const T*, const tflite::RuntimeShape&, const T*, const tflite::RuntimeShape&, T*, Op) [with T = long long int; Op = long long int (*)(long long int, long long int); int N = 5]	224	static
../tensorflow/tensorflow/lite/micro/kernels/maximum_minimum.cc:63:20:static data_type tflite::ops::micro::maximum_minimum::{anonymous}::MinimumOp::op(data_type, data_type) [with data_type = float]	16	static
../tensorflow/tensorflow/lite/micro/kernels/maximum_minimum.cc:63:20:static data_type tflite::ops::micro::maximum_minimum::{anonymous}::MinimumOp::op(data_type, data_type) [with data_type = signed char]	16	static
../tensorflow/tensorflow/lite/micro/kernels/maximum_minimum.cc:63:20:static data_type tflite::ops::micro::maximum_minimum::{anonymous}::MinimumOp::op(data_type, data_type) [with data_type = long int]	16	static
../tensorflow/tensorflow/lite/micro/kernels/maximum_minimum.cc:63:20:static data_type tflite::ops::micro::maximum_minimum::{anonymous}::MinimumOp::op(data_type, data_type) [with data_type = long long int]	24	static
../tensorflow/tensorflow/lite/kernels/internal/common.h:1008:13:void tflite::NdArrayDescsForElementwiseBroadcast(const tflite::RuntimeShape&, const tflite::RuntimeShape&, tflite::NdArrayDesc<N>*, tflite::NdArrayDesc<N>*) [with int N = 5]	88	static
../tensorflow/tensorflow/lite/kernels/internal/common.h:997:13:void tflite::CopyDimsToDesc(const tflite::RuntimeShape&, tflite::NdArrayDesc<N>*) [with int N = 5]	24	static
../tensorflow/tensorflow/lite/kernels/internal/common.h:1122:13:void tflite::NDOpsHelper(const tflite::NdArrayDesc<N>&, const Calc&) [with int N = 5; Calc = tflite::reference_ops::MaximumMinimumBroadcastSlow<float, float (*)(float, float), 5>::<lambda(int*)>]	40	static
../tensorflow/tensorflow/lite/kernels/internal/common.h:1122:13:void tflite::NDOpsHelper(const tflite::NdArrayDesc<N>&, const Calc&) [with int N = 5; Calc = tflite::reference_ops::MaximumMinimumBroadcastSlow<signed char, signed char (*)(signed char, signed char), 5>::<lambda(int*)>]	40	static
../tensorflow/tensorflow/lite/kernels/internal/common.h:1122:13:void tflite::NDOpsHelper(const tflite::NdArrayDesc<N>&, const Calc&) [with int N = 5; Calc = tflite::reference_ops::MaximumMinimumBroadcastSlow<long int, long int (*)(long int, long int), 5>::<lambda(int*)>]	40	static
../tensorflow/tensorflow/lite/kernels/internal/common.h:1122:13:void tflite::NDOpsHelper(const tflite::NdArrayDesc<N>&, const Calc&) [with int N = 5; Calc = tflite::reference_ops::MaximumMinimumBroadcastSlow<long long int, long long int (*)(long long int, long long int), 5>::<lambda(int*)>]	40	static
../tensorflow/tensorflow/lite/kernels/internal/common.h:1104:51:typename std::enable_if<(DIM != (N - 1)), void>::type tflite::NDOpsHelperImpl(const tflite::NdArrayDesc<N>&, const Calc&, int*) [with int N = 5; int DIM = 0; Calc = tflite::reference_ops::MaximumMinimumBroadcastSlow<float, float (*)(float, float), 5>::<lambda(int*)>]	24	static
../tensorflow/tensorflow/lite/kernels/internal/common.h:1104:51:typename std::enable_if<(DIM != (N - 1)), void>::type tflite::NDOpsHelperImpl(const tflite::NdArrayDesc<N>&, const Calc&, int*) [with int N = 5; int DIM = 0; Calc = tflite::reference_ops::MaximumMinimumBroadcastSlow<signed char, signed char (*)(signed char, signed char), 5>::<lambda(int*)>]	24	static
../tensorflow/tensorflow/lite/kernels/internal/common.h:1104:51:typename std::enable_if<(DIM != (N - 1)), void>::type tflite::NDOpsHelperImpl(const tflite::NdArrayDesc<N>&, const Calc&, int*) [with int N = 5; int DIM = 0; Calc = tflite::reference_ops::MaximumMinimumBroadcastSlow<long int, long int (*)(long int, long int), 5>::<lambda(int*)>]	24	static
../tensorflow/tensorflow/lite/kernels/internal/common.h:1104:51:typename std::enable_if<(DIM != (N - 1)), void>::type tflite::NDOpsHelperImpl(const tflite::NdArrayDesc<N>&, const Calc&, int*) [with int N = 5; int DIM = 0; Calc = tflite::reference_ops::MaximumMinimumBroadcastSlow<long long int, long long int (*)(long long int, long long int), 5>::<lambda(int*)>]	24	static
../tensorflow/tensorflow/lite/kernels/internal/common.h:1104:51:typename std::enable_if<(DIM != (N - 1)), void>::type tflite::NDOpsHelperImpl(const tflite::NdArrayDesc<N>&, const Calc&, int*) [with int N = 5; int DIM = 1; Calc = tflite::reference_ops::MaximumMinimumBroadcastSlow<float, float (*)(float, float), 5>::<lambda(int*)>]	24	static
../tensorflow/tensorflow/lite/kernels/internal/common.h:1104:51:typename std::enable_if<(DIM != (N - 1)), void>::type tflite::NDOpsHelperImpl(const tflite::NdArrayDesc<N>&, const Calc&, int*) [with int N = 5; int DIM = 1; Calc = tflite::reference_ops::MaximumMinimumBroadcastSlow<signed char, signed char (*)(signed char, signed char), 5>::<lambda(int*)>]	24	static
../tensorflow/tensorflow/lite/kernels/internal/common.h:1104:51:typename std::enable_if<(DIM != (N - 1)), void>::type tflite::NDOpsHelperImpl(const tflite::NdArrayDesc<N>&, const Calc&, int*) [with int N = 5; int DIM = 1; Calc = tflite::reference_ops::MaximumMinimumBroadcastSlow<long int, long int (*)(long int, long int), 5>::<lambda(int*)>]	24	static
../tensorflow/tensorflow/lite/kernels/internal/common.h:1104:51:typename std::enable_if<(DIM != (N - 1)), void>::type tflite::NDOpsHelperImpl(const tflite::NdArrayDesc<N>&, const Calc&, int*) [with int N = 5; int DIM = 1; Calc = tflite::reference_ops::MaximumMinimumBroadcastSlow<long long int, long long int (*)(long long int, long long int), 5>::<lambda(int*)>]	24	static
../tensorflow/tensorflow/lite/kernels/internal/common.h:1104:51:typename std::enable_if<(DIM != (N - 1)), void>::type tflite::NDOpsHelperImpl(const tflite::NdArrayDesc<N>&, const Calc&, int*) [with int N = 5; int DIM = 2; Calc = tflite::reference_ops::MaximumMinimumBroadcastSlow<float, float (*)(float, float), 5>::<lambda(int*)>]	24	static
../tensorflow/tensorflow/lite/kernels/internal/common.h:1104:51:typename std::enable_if<(DIM != (N - 1)), void>::type tflite::NDOpsHelperImpl(const tflite::NdArrayDesc<N>&, const Calc&, int*) [with int N = 5; int DIM = 2; Calc = tflite::reference_ops::MaximumMinimumBroadcastSlow<signed char, signed char (*)(signed char, signed char), 5>::<lambda(int*)>]	24	static
../tensorflow/tensorflow/lite/kernels/internal/common.h:1104:51:typename std::enable_if<(DIM != (N - 1)), void>::type tflite::NDOpsHelperImpl(const tflite::NdArrayDesc<N>&, const Calc&, int*) [with int N = 5; int DIM = 2; Calc = tflite::reference_ops::MaximumMinimumBroadcastSlow<long int, long int (*)(long int, long int), 5>::<lambda(int*)>]	24	static
../tensorflow/tensorflow/lite/kernels/internal/common.h:1104:51:typename std::enable_if<(DIM != (N - 1)), void>::type tflite::NDOpsHelperImpl(const tflite::NdArrayDesc<N>&, const Calc&, int*) [with int N = 5; int DIM = 2; Calc = tflite::reference_ops::MaximumMinimumBroadcastSlow<long long int, long long int (*)(long long int, long long int), 5>::<lambda(int*)>]	24	static
../tensorflow/tensorflow/lite/kernels/internal/common.h:1104:51:typename std::enable_if<(DIM != (N - 1)), void>::type tflite::NDOpsHelperImpl(const tflite::NdArrayDesc<N>&, const Calc&, int*) [with int N = 5; int DIM = 3; Calc = tflite::reference_ops::MaximumMinimumBroadcastSlow<float, float (*)(float, float), 5>::<lambda(int*)>]	24	static
../tensorflow/tensorflow/lite/kernels/internal/common.h:1104:51:typename std::enable_if<(DIM != (N - 1)), void>::type tflite::NDOpsHelperImpl(const tflite::NdArrayDesc<N>&, const Calc&, int*) [with int N = 5; int DIM = 3; Calc = tflite::reference_ops::MaximumMinimumBroadcastSlow<signed char, signed char (*)(signed char, signed char), 5>::<lambda(int*)>]	24	static
../tensorflow/tensorflow/lite/kernels/internal/common.h:1104:51:typename std::enable_if<(DIM != (N - 1)), void>::type tflite::NDOpsHelperImpl(const tflite::NdArrayDesc<N>&, const Calc&, int*) [with int N = 5; int DIM = 3; Calc = tflite::reference_ops::MaximumMinimumBroadcastSlow<long int, long int (*)(long int, long int), 5>::<lambda(int*)>]	24	static
../tensorflow/tensorflow/lite/kernels/internal/common.h:1104:51:typename std::enable_if<(DIM != (N - 1)), void>::type tflite::NDOpsHelperImpl(const tflite::NdArrayDesc<N>&, const Calc&, int*) [with int N = 5; int DIM = 3; Calc = tflite::reference_ops::MaximumMinimumBroadcastSlow<long long int, long long int (*)(long long int, long long int), 5>::<lambda(int*)>]	24	static
../tensorflow/tensorflow/lite/kernels/internal/common.h:1112:51:typename std::enable_if<(DIM == (N - 1)), void>::type tflite::NDOpsHelperImpl(const tflite::NdArrayDesc<N>&, const Calc&, int*) [with int N = 5; int DIM = 4; Calc = tflite::reference_ops::MaximumMinimumBroadcastSlow<float, float (*)(float, float), 5>::<lambda(int*)>]	24	static
../tensorflow/tensorflow/lite/kernels/internal/common.h:1112:51:typename std::enable_if<(DIM == (N - 1)), void>::type tflite::NDOpsHelperImpl(const tflite::NdArrayDesc<N>&, const Calc&, int*) [with int N = 5; int DIM = 4; Calc = tflite::reference_ops::MaximumMinimumBroadcastSlow<signed char, signed char (*)(signed char, signed char), 5>::<lambda(int*)>]	24	static
../tensorflow/tensorflow/lite/kernels/internal/common.h:1112:51:typename std::enable_if<(DIM == (N - 1)), void>::type tflite::NDOpsHelperImpl(const tflite::NdArrayDesc<N>&, const Calc&, int*) [with int N = 5; int DIM = 4; Calc = tflite::reference_ops::MaximumMinimumBroadcastSlow<long int, long int (*)(long int, long int), 5>::<lambda(int*)>]	24	static
../tensorflow/tensorflow/lite/kernels/internal/common.h:1112:51:typename std::enable_if<(DIM == (N - 1)), void>::type tflite::NDOpsHelperImpl(const tflite::NdArrayDesc<N>&, const Calc&, int*) [with int N = 5; int DIM = 4; Calc = tflite::reference_ops::MaximumMinimumBroadcastSlow<long long int, long long int (*)(long long int, long long int), 5>::<lambda(int*)>]	24	static
