/opt/st/stm32cubeide_1.11.0/plugins/com.st.stm32cube.ide.mcu.externaltools.gnu-tools-for-stm32.10.3-2021.10.linux64_1.0.100.202210260954/tools/arm-none-eabi/include/c++/10.3.1/arm-none-eabi/thumb/v7e-m+fp/hard/bits/gthr-default.h:229:1:int __gthread_key_delete(__gthread_key_t)	16	static
../tensorflow/tensorflow/lite/kernels/kernel_util.h:150:12:int tflite::NumDimensions(const TfLiteTensor*)	16	static
../tensorflow/tensorflow/lite/kernels/kernel_util.h:151:12:int tflite::SizeOfDimension(const TfLiteTensor*, int)	16	static
../tensorflow/tensorflow/lite/kernels/kernel_util.h:168:16:int64_t tflite::NumElements(const TfLiteIntArray*)	40	static
../tensorflow/tensorflow/lite/kernels/kernel_util.h:176:16:int64_t tflite::NumElements(const TfLiteTensor*)	16	static
/opt/st/stm32cubeide_1.11.0/plugins/com.st.stm32cube.ide.mcu.externaltools.gnu-tools-for-stm32.10.3-2021.10.linux64_1.0.100.202210260954/tools/arm-none-eabi/include/c++/10.3.1/bits/stl_algobase.h:230:5:constexpr const _Tp& std::min(const _Tp&, const _Tp&) [with _Tp = int]	16	static
../tensorflow/tensorflow/lite/micro/micro_context.h:120:22:tflite::MicroContext* tflite::GetMicroContext(const TfLiteContext*)	16	static
../tensorflow/tensorflow/lite/micro/kernels/mirror_pad.cc:42:12:int tflite::{anonymous}::GetInputDimension(int, int, int, int, int)	48	static
../tensorflow/tensorflow/lite/micro/kernels/mirror_pad.cc:59:5:int tflite::{anonymous}::GetFlatIndex(int, int, const TfLiteEvalTensor*, const TfLiteIntArray*, int*, int*, int)	96	static
../tensorflow/tensorflow/lite/micro/kernels/mirror_pad.cc:103:14:TfLiteStatus tflite::{anonymous}::Eval(TfLiteContext*, TfLiteNode*)	96	static
../tensorflow/tensorflow/lite/micro/kernels/mirror_pad.cc:164:7:void* tflite::{anonymous}::Init(TfLiteContext*, const char*, size_t)	24	static
../tensorflow/tensorflow/lite/micro/kernels/mirror_pad.cc:169:14:TfLiteStatus tflite::{anonymous}::Prepare(TfLiteContext*, TfLiteNode*)	72	static
../tensorflow/tensorflow/lite/micro/kernels/mirror_pad.cc:211:20:TfLiteRegistration tflite::Register_MIRROR_PAD()	24	static
../tensorflow/tensorflow/lite/micro/kernels/mirror_pad.cc:34:13:void tflite::{anonymous}::GetPadding(const T*, int, int64_t*, int64_t*) [with T = long int]	40	static
../tensorflow/tensorflow/lite/micro/kernels/mirror_pad.cc:34:13:void tflite::{anonymous}::GetPadding(const T*, int, int64_t*, int64_t*) [with T = long long int]	24	static
../tensorflow/tensorflow/lite/micro/kernels/kernel_util.h:71:10:const T* tflite::micro::GetTensorData(const TfLiteEvalTensor*) [with T = float]	16	static
../tensorflow/tensorflow/lite/micro/kernels/kernel_util.h:64:4:T* tflite::micro::GetTensorData(TfLiteEvalTensor*) [with T = float]	16	static
../tensorflow/tensorflow/lite/micro/kernels/mirror_pad.cc:91:6:void tflite::{anonymous}::MirrorPad(const TfLiteEvalTensor*, const TfLiteIntArray*, int*, int*, const T*, T*, int, int, int) [with T = float]	48	static
../tensorflow/tensorflow/lite/micro/kernels/kernel_util.h:71:10:const T* tflite::micro::GetTensorData(const TfLiteEvalTensor*) [with T = signed char]	16	static
../tensorflow/tensorflow/lite/micro/kernels/kernel_util.h:64:4:T* tflite::micro::GetTensorData(TfLiteEvalTensor*) [with T = signed char]	16	static
../tensorflow/tensorflow/lite/micro/kernels/mirror_pad.cc:91:6:void tflite::{anonymous}::MirrorPad(const TfLiteEvalTensor*, const TfLiteIntArray*, int*, int*, const T*, T*, int, int, int) [with T = signed char]	48	static
