/opt/st/stm32cubeide_1.11.0/plugins/com.st.stm32cube.ide.mcu.externaltools.gnu-tools-for-stm32.10.3-2021.10.linux64_1.0.100.202210260954/tools/arm-none-eabi/include/c++/10.3.1/cmath:1418:3:constexpr float std::fmax(float, float)	16	static
/opt/st/stm32cubeide_1.11.0/plugins/com.st.stm32cube.ide.mcu.externaltools.gnu-tools-for-stm32.10.3-2021.10.linux64_1.0.100.202210260954/tools/arm-none-eabi/include/c++/10.3.1/cmath:1438:3:constexpr float std::fmin(float, float)	16	static
/opt/st/stm32cubeide_1.11.0/plugins/com.st.stm32cube.ide.mcu.externaltools.gnu-tools-for-stm32.10.3-2021.10.linux64_1.0.100.202210260954/tools/arm-none-eabi/include/c++/10.3.1/cmath:1756:3:constexpr float std::round(float)	16	static
/opt/st/stm32cubeide_1.11.0/plugins/com.st.stm32cube.ide.mcu.externaltools.gnu-tools-for-stm32.10.3-2021.10.linux64_1.0.100.202210260954/tools/arm-none-eabi/include/c++/10.3.1/limits:525:7:static constexpr signed char std::numeric_limits<signed char>::min()	4	static
/opt/st/stm32cubeide_1.11.0/plugins/com.st.stm32cube.ide.mcu.externaltools.gnu-tools-for-stm32.10.3-2021.10.linux64_1.0.100.202210260954/tools/arm-none-eabi/include/c++/10.3.1/limits:528:7:static constexpr signed char std::numeric_limits<signed char>::max()	4	static
/opt/st/stm32cubeide_1.11.0/plugins/com.st.stm32cube.ide.mcu.externaltools.gnu-tools-for-stm32.10.3-2021.10.linux64_1.0.100.202210260954/tools/arm-none-eabi/include/c++/10.3.1/limits:532:7:static constexpr signed char std::numeric_limits<signed char>::lowest()	8	static
/opt/st/stm32cubeide_1.11.0/plugins/com.st.stm32cube.ide.mcu.externaltools.gnu-tools-for-stm32.10.3-2021.10.linux64_1.0.100.202210260954/tools/arm-none-eabi/include/c++/10.3.1/limits:925:7:static constexpr short int std::numeric_limits<short int>::min()	4	static
/opt/st/stm32cubeide_1.11.0/plugins/com.st.stm32cube.ide.mcu.externaltools.gnu-tools-for-stm32.10.3-2021.10.linux64_1.0.100.202210260954/tools/arm-none-eabi/include/c++/10.3.1/limits:928:7:static constexpr short int std::numeric_limits<short int>::max()	4	static
/opt/st/stm32cubeide_1.11.0/plugins/com.st.stm32cube.ide.mcu.externaltools.gnu-tools-for-stm32.10.3-2021.10.linux64_1.0.100.202210260954/tools/arm-none-eabi/include/c++/10.3.1/limits:1135:7:static constexpr unsigned int std::numeric_limits<unsigned int>::max()	4	static
/opt/st/stm32cubeide_1.11.0/plugins/com.st.stm32cube.ide.mcu.externaltools.gnu-tools-for-stm32.10.3-2021.10.linux64_1.0.100.202210260954/tools/arm-none-eabi/include/c++/10.3.1/limits:1676:7:static constexpr float std::numeric_limits<float>::lowest()	4	static
../tensorflow/tensorflow/lite/kernels/internal/runtime_shape.h:56:3:tflite::RuntimeShape::~RuntimeShape()	16	static
../tensorflow/tensorflow/lite/kernels/internal/runtime_shape.h:58:11:int32_t tflite::RuntimeShape::DimensionsCount() const	16	static
../tensorflow/tensorflow/lite/kernels/internal/runtime_shape.h:59:11:int32_t tflite::RuntimeShape::Dims(int) const	16	static
../tensorflow/tensorflow/lite/kernels/internal/runtime_shape.h:64:8:void tflite::RuntimeShape::SetDim(int, int32_t)	24	static
../tensorflow/tensorflow/lite/kernels/internal/runtime_shape.h:70:23:static tflite::RuntimeShape tflite::RuntimeShape::ExtendedShape(int, const tflite::RuntimeShape&)	24	static
../tensorflow/tensorflow/lite/kernels/internal/runtime_shape.h:74:12:int32_t* tflite::RuntimeShape::DimsData()	16	static
../tensorflow/tensorflow/lite/kernels/internal/runtime_shape.h:75:18:const int32_t* tflite::RuntimeShape::DimsData() const	16	static
../tensorflow/tensorflow/lite/kernels/internal/runtime_shape.h:99:3:tflite::RuntimeShape::RuntimeShape(int, const tflite::RuntimeShape&, int)	40	static
../tensorflow/tensorflow/lite/kernels/internal/runtime_shape.h:123:12:int tflite::Offset(const tflite::RuntimeShape&, int, int, int, int)	32	static
../tensorflow/tensorflow/lite/kernels/internal/types.h:160:13:bool tflite::NextIndex(int, const int*, int*)	40	static
../tensorflow/tensorflow/lite/kernels/internal/types.h:187:15:size_t tflite::ReducedOutputOffset(int, const int*, const int*, int, const int*)	40	static
../third_party/ruy/ruy/profiler/instrumentation.h:195:3:ruy::profiler::ScopeLabel::~ScopeLabel()	16	static
../tensorflow/tensorflow/lite/kernels/internal/reference/reduce.h:109:13:bool tflite::reference_ops::ResolveAxis(int, const int*, int64_t, int*, int*)	56	static
/opt/st/stm32cubeide_1.11.0/plugins/com.st.stm32cube.ide.mcu.externaltools.gnu-tools-for-stm32.10.3-2021.10.linux64_1.0.100.202210260954/tools/arm-none-eabi/include/c++/10.3.1/arm-none-eabi/thumb/v7e-m+fp/hard/bits/gthr-default.h:229:1:int __gthread_key_delete(__gthread_key_t)	16	static
../tensorflow/tensorflow/lite/kernels/kernel_util.h:168:16:int64_t tflite::NumElements(const TfLiteIntArray*)	40	static
../tensorflow/tensorflow/lite/kernels/kernel_util.h:176:16:int64_t tflite::NumElements(const TfLiteTensor*)	16	static
../tensorflow/tensorflow/lite/micro/micro_context.h:120:22:tflite::MicroContext* tflite::GetMicroContext(const TfLiteContext*)	16	static
../tensorflow/tensorflow/lite/micro/kernels/reduce_common.cc:34:14:TfLiteStatus tflite::PrepareSimple(TfLiteContext*, TfLiteNode*, int32_t*, int*)	72	static
../tensorflow/tensorflow/lite/micro/kernels/reduce_common.cc:67:14:TfLiteStatus tflite::PrepareMaxHelper(TfLiteContext*, TfLiteNode*, tflite::OpDataReduce*)	56	static
../tensorflow/tensorflow/lite/micro/kernels/reduce_common.cc:93:14:TfLiteStatus tflite::PrepareMeanOrSumHelper(TfLiteContext*, TfLiteNode*, tflite::OpDataReduce*)	64	static
../tensorflow/tensorflow/lite/micro/kernels/reduce_common.cc:127:6:void tflite::ResolveAxis(const int*, int, tflite::MeanParams*)	32	static
../tensorflow/tensorflow/lite/micro/kernels/reduce_common.cc:200:14:TfLiteStatus tflite::EvalMeanHelper(TfLiteContext*, TfLiteNode*, tflite::OpDataReduce*)	200	static
../tensorflow/tensorflow/lite/micro/kernels/reduce_common.cc:278:7:tflite::EvalMaxHelper(TfLiteContext*, TfLiteNode*, tflite::OpDataReduce*)::<lambda(float, float)>	24	static
../tensorflow/tensorflow/lite/micro/kernels/reduce_common.cc:278:7:static float tflite::EvalMaxHelper(TfLiteContext*, TfLiteNode*, tflite::OpDataReduce*)::<lambda(float, float)>::_FUN(float, float)	16	static
../tensorflow/tensorflow/lite/micro/kernels/reduce_common.cc:278:7:tflite::EvalMaxHelper(TfLiteContext*, TfLiteNode*, tflite::OpDataReduce*)::<lambda(float, float)>::operator float (*)(float, float)() const	16	static
../tensorflow/tensorflow/lite/micro/kernels/reduce_common.cc:295:7:tflite::EvalMaxHelper(TfLiteContext*, TfLiteNode*, tflite::OpDataReduce*)::<lambda(int8_t, int8_t)>	16	static
../tensorflow/tensorflow/lite/micro/kernels/reduce_common.cc:295:7:static int8_t tflite::EvalMaxHelper(TfLiteContext*, TfLiteNode*, tflite::OpDataReduce*)::<lambda(int8_t, int8_t)>::_FUN(int8_t, int8_t)	16	static
../tensorflow/tensorflow/lite/micro/kernels/reduce_common.cc:295:7:tflite::EvalMaxHelper(TfLiteContext*, TfLiteNode*, tflite::OpDataReduce*)::<lambda(int8_t, int8_t)>::operator int8_t (*)(int8_t, int8_t)() const	16	static
../tensorflow/tensorflow/lite/micro/kernels/reduce_common.cc:261:14:TfLiteStatus tflite::EvalMaxHelper(TfLiteContext*, TfLiteNode*, tflite::OpDataReduce*)	168	static
../tensorflow/tensorflow/lite/micro/kernels/reduce_common.cc:331:7:tflite::EvalSumHelper(TfLiteContext*, TfLiteNode*, tflite::OpDataReduce*)::<lambda(float, float)>	24	static
../tensorflow/tensorflow/lite/micro/kernels/reduce_common.cc:331:7:static float tflite::EvalSumHelper(TfLiteContext*, TfLiteNode*, tflite::OpDataReduce*)::<lambda(float, float)>::_FUN(float, float)	16	static
../tensorflow/tensorflow/lite/micro/kernels/reduce_common.cc:331:7:tflite::EvalSumHelper(TfLiteContext*, TfLiteNode*, tflite::OpDataReduce*)::<lambda(float, float)>::operator float (*)(float, float)() const	16	static
../tensorflow/tensorflow/lite/micro/kernels/reduce_common.cc:315:14:TfLiteStatus tflite::EvalSumHelper(TfLiteContext*, TfLiteNode*, tflite::OpDataReduce*)	168	static
../third_party/ruy/ruy/profiler/instrumentation.h:191:12:) [with Args = {const char*}]	16	static
../tensorflow/tensorflow/lite/micro/kernels/kernel_util.h:71:10:const T* tflite::micro::GetTensorData(const TfLiteEvalTensor*) [with T = int]	16	static
../tensorflow/tensorflow/lite/micro/kernels/kernel_util.h:71:10:const T* tflite::micro::GetTensorData(const TfLiteEvalTensor*) [with T = float]	16	static
../tensorflow/tensorflow/lite/micro/kernels/kernel_util.h:64:4:T* tflite::micro::GetTensorData(TfLiteEvalTensor*) [with T = float]	16	static
../tensorflow/tensorflow/lite/kernels/internal/reference/reduce.h:272:13:void tflite::reference_ops::Mean(const tflite::MeanParams&, const tflite::RuntimeShape&, const T*, const tflite::RuntimeShape&, T*) [with T = float]	136	static
../tensorflow/tensorflow/lite/kernels/internal/reference/reduce.h:217:13:bool tflite::reference_ops::Mean(const T*, const int*, int, T*, const int*, int, const int*, int, bool, int*, int*, U*) [with T = float; U = float]	96	static
../tensorflow/tensorflow/lite/micro/kernels/reduce_common.cc:183:14:TfLiteStatus tflite::EvalIntegerMean(TfLiteContext*, TfLiteNode*, int, tflite::OpDataReduce*, int*, int*) [with integer_type = signed char]	48	static
../tensorflow/tensorflow/lite/micro/kernels/reduce_common.cc:183:14:TfLiteStatus tflite::EvalIntegerMean(TfLiteContext*, TfLiteNode*, int, tflite::OpDataReduce*, int*, int*) [with integer_type = short int]	48	static
../tensorflow/tensorflow/lite/kernels/internal/reference/reduce.h:180:13:bool tflite::reference_ops::ReduceGeneric(const T*, const int*, int, T*, const int*, int, const int*, int64_t, bool, int*, int*, T, T (*)(T, T)) [with T = float]	64	static
../tensorflow/tensorflow/lite/micro/kernels/kernel_util.h:71:10:const T* tflite::micro::GetTensorData(const TfLiteEvalTensor*) [with T = signed char]	16	static
../tensorflow/tensorflow/lite/micro/kernels/kernel_util.h:64:4:T* tflite::micro::GetTensorData(TfLiteEvalTensor*) [with T = signed char]	16	static
../tensorflow/tensorflow/lite/kernels/internal/reference/reduce.h:180:13:bool tflite::reference_ops::ReduceGeneric(const T*, const int*, int, T*, const int*, int, const int*, int64_t, bool, int*, int*, T, T (*)(T, T)) [with T = signed char]	56	static
../tensorflow/tensorflow/lite/micro/kernels/reduce_common.cc:140:14:TfLiteStatus tflite::QuantizedMeanOrSum(TfLiteContext*, TfLiteNode*, int*, int*, int32_t*, tflite::OpDataReduce*, bool) [with T = signed char]	144	static
../tensorflow/tensorflow/lite/micro/kernels/reduce_common.cc:140:14:TfLiteStatus tflite::QuantizedMeanOrSum(TfLiteContext*, TfLiteNode*, int*, int*, int32_t*, tflite::OpDataReduce*, bool) [with T = short int]	144	static
../tensorflow/tensorflow/lite/kernels/internal/reference/reduce.h:149:18:tflite::reference_ops::ReduceSumImpl<float, float>::<lambda(float, float)>	32	static
../tensorflow/tensorflow/lite/kernels/internal/reference/reduce.h:149:18:static float tflite::reference_ops::ReduceSumImpl<float, float>::<lambda(float, float)>::_FUN(float, float)	16	static
../tensorflow/tensorflow/lite/kernels/internal/reference/reduce.h:149:18:tflite::reference_ops::ReduceSumImpl<float, float>::<lambda(float, float)>::operator float (*)(float, float)() const	16	static
../tensorflow/tensorflow/lite/kernels/internal/reference/reduce.h:144:13:bool tflite::reference_ops::ReduceSumImpl(const In*, const int*, const int*, int, int, const int*, int, int*, Out*) [with In = float; Out = float]	56	static
../tensorflow/tensorflow/lite/micro/kernels/reduce_common.cc:163:14:TfLiteStatus tflite::Mean(TfLiteContext*, TfLiteNode*, tflite::OpDataReduce*, int*, int*, U*) [with T = signed char; U = long int]	104	static
../tensorflow/tensorflow/lite/micro/kernels/reduce_common.cc:163:14:TfLiteStatus tflite::Mean(TfLiteContext*, TfLiteNode*, tflite::OpDataReduce*, int*, int*, U*) [with T = short int; U = long int]	104	static
../tensorflow/tensorflow/lite/kernels/internal/reference/reduce.h:159:13:bool tflite::reference_ops::InitTensorDataForReduce(const int*, int, T, T*) [with T = float]	40	static
../tensorflow/tensorflow/lite/kernels/internal/reference/reduce.h:55:13:bool tflite::reference_ops::Reduce(const In*, const int*, const int*, int, int, const int*, int, int*, Out (*)(Out, In), Out*) [with In = float; Out = float]	56	static
../tensorflow/tensorflow/lite/kernels/internal/reference/reduce.h:159:13:bool tflite::reference_ops::InitTensorDataForReduce(const int*, int, T, T*) [with T = signed char]	40	static
../tensorflow/tensorflow/lite/kernels/internal/reference/reduce.h:55:13:bool tflite::reference_ops::Reduce(const In*, const int*, const int*, int, int, const int*, int, int*, Out (*)(Out, In), Out*) [with In = signed char; Out = signed char]	56	static
../tensorflow/tensorflow/lite/kernels/internal/reference/reduce.h:378:13:bool tflite::reference_ops::QuantizedMeanOrSum(const T*, int32_t, float, const int*, int, T*, int32_t, float, const int*, int, const int*, int, bool, int*, int*, U*, bool) [with T = signed char; U = long int]	168	static
../tensorflow/tensorflow/lite/micro/kernels/kernel_util.h:71:10:const T* tflite::micro::GetTensorData(const TfLiteEvalTensor*) [with T = short int]	16	static
../tensorflow/tensorflow/lite/micro/kernels/kernel_util.h:64:4:T* tflite::micro::GetTensorData(TfLiteEvalTensor*) [with T = short int]	16	static
../tensorflow/tensorflow/lite/kernels/internal/reference/reduce.h:378:13:bool tflite::reference_ops::QuantizedMeanOrSum(const T*, int32_t, float, const int*, int, T*, int32_t, float, const int*, int, const int*, int, bool, int*, int*, U*, bool) [with T = short int; U = long int]	160	static
../tensorflow/tensorflow/lite/kernels/internal/reference/reduce.h:217:13:bool tflite::reference_ops::Mean(const T*, const int*, int, T*, const int*, int, const int*, int, bool, int*, int*, U*) [with T = signed char; U = long int]	96	static
../tensorflow/tensorflow/lite/kernels/internal/reference/reduce.h:217:13:bool tflite::reference_ops::Mean(const T*, const int*, int, T*, const int*, int, const int*, int, bool, int*, int*, U*) [with T = short int; U = long int]	96	static
../tensorflow/tensorflow/lite/kernels/internal/reference/reduce.h:149:18:tflite::reference_ops::ReduceSumImpl<signed char, long int>::<lambda(long int, signed char)>	32	static
../tensorflow/tensorflow/lite/kernels/internal/reference/reduce.h:149:18:static long int tflite::reference_ops::ReduceSumImpl<signed char, long int>::<lambda(long int, signed char)>::_FUN(long int, signed char)	16	static
../tensorflow/tensorflow/lite/kernels/internal/reference/reduce.h:149:18:tflite::reference_ops::ReduceSumImpl<signed char, long int>::<lambda(long int, signed char)>::operator long int (*)(long int, signed char)() const	16	static
../tensorflow/tensorflow/lite/kernels/internal/reference/reduce.h:144:13:bool tflite::reference_ops::ReduceSumImpl(const In*, const int*, const int*, int, int, const int*, int, int*, Out*) [with In = signed char; Out = long int]	56	static
../tensorflow/tensorflow/lite/kernels/internal/cppmath.h:35:1:T tflite::TfLiteRound(T) [with T = float]	16	static
../tensorflow/tensorflow/lite/kernels/internal/min.h:28:10:T tflite::TfLiteMin(const T&, const T&) [with T = float]	16	static
../tensorflow/tensorflow/lite/kernels/internal/max.h:28:10:T tflite::TfLiteMax(const T&, const T&) [with T = float]	16	static
../tensorflow/tensorflow/lite/kernels/internal/reference/reduce.h:149:18:tflite::reference_ops::ReduceSumImpl<short int, long int>::<lambda(long int, short int)>	32	static
../tensorflow/tensorflow/lite/kernels/internal/reference/reduce.h:149:18:static long int tflite::reference_ops::ReduceSumImpl<short int, long int>::<lambda(long int, short int)>::_FUN(long int, short int)	16	static
../tensorflow/tensorflow/lite/kernels/internal/reference/reduce.h:149:18:tflite::reference_ops::ReduceSumImpl<short int, long int>::<lambda(long int, short int)>::operator long int (*)(long int, short int)() const	16	static
../tensorflow/tensorflow/lite/kernels/internal/reference/reduce.h:144:13:bool tflite::reference_ops::ReduceSumImpl(const In*, const int*, const int*, int, int, const int*, int, int*, Out*) [with In = short int; Out = long int]	56	static
../tensorflow/tensorflow/lite/kernels/internal/reference/reduce.h:55:13:bool tflite::reference_ops::Reduce(const In*, const int*, const int*, int, int, const int*, int, int*, Out (*)(Out, In), Out*) [with In = signed char; Out = long int]	56	static
../tensorflow/tensorflow/lite/kernels/internal/reference/reduce.h:55:13:bool tflite::reference_ops::Reduce(const In*, const int*, const int*, int, int, const int*, int, int*, Out (*)(Out, In), Out*) [with In = short int; Out = long int]	56	static
