/opt/st/stm32cubeide_1.11.0/plugins/com.st.stm32cube.ide.mcu.externaltools.gnu-tools-for-stm32.10.3-2021.10.linux64_1.0.100.202210260954/tools/arm-none-eabi/include/c++/10.3.1/arm-none-eabi/thumb/v7e-m+fp/hard/bits/gthr-default.h:229:1:int __gthread_key_delete(__gthread_key_t)	16	static
../tensorflow/tensorflow/lite/micro/kernels/reduce.cc:31:7:void* tflite::InitReduce(TfLiteContext*, const char*, size_t)	24	static
../tensorflow/tensorflow/lite/micro/kernels/reduce.cc:35:14:TfLiteStatus tflite::PrepareMax(TfLiteContext*, TfLiteNode*)	16	static
../tensorflow/tensorflow/lite/micro/kernels/reduce.cc:40:14:TfLiteStatus tflite::PrepareMeanOrSum(TfLiteContext*, TfLiteNode*)	16	static
../tensorflow/tensorflow/lite/micro/kernels/reduce.cc:45:14:TfLiteStatus tflite::EvalMean(TfLiteContext*, TfLiteNode*)	16	static
../tensorflow/tensorflow/lite/micro/kernels/reduce.cc:50:14:TfLiteStatus tflite::EvalMax(TfLiteContext*, TfLiteNode*)	24	static
../tensorflow/tensorflow/lite/micro/kernels/reduce.cc:55:14:TfLiteStatus tflite::EvalSum(TfLiteContext*, TfLiteNode*)	16	static
../tensorflow/tensorflow/lite/micro/kernels/reduce.cc:60:20:TfLiteRegistration tflite::Register_MEAN()	24	static
../tensorflow/tensorflow/lite/micro/kernels/reduce.cc:64:20:TfLiteRegistration tflite::Register_REDUCE_MAX()	24	static
../tensorflow/tensorflow/lite/micro/kernels/reduce.cc:68:20:TfLiteRegistration tflite::Register_SUM()	24	static
