../third_party/ruy/ruy/profiler/instrumentation.h:195:3:ruy::profiler::ScopeLabel::~ScopeLabel()	16	static
/opt/st/stm32cubeide_1.11.0/plugins/com.st.stm32cube.ide.mcu.externaltools.gnu-tools-for-stm32.10.3-2021.10.linux64_1.0.100.202210260954/tools/arm-none-eabi/include/c++/10.3.1/limits:1065:7:static constexpr int std::numeric_limits<int>::min()	4	static
/opt/st/stm32cubeide_1.11.0/plugins/com.st.stm32cube.ide.mcu.externaltools.gnu-tools-for-stm32.10.3-2021.10.linux64_1.0.100.202210260954/tools/arm-none-eabi/include/c++/10.3.1/limits:1068:7:static constexpr int std::numeric_limits<int>::max()	4	static
/opt/st/stm32cubeide_1.11.0/plugins/com.st.stm32cube.ide.mcu.externaltools.gnu-tools-for-stm32.10.3-2021.10.linux64_1.0.100.202210260954/tools/arm-none-eabi/include/c++/10.3.1/limits:1072:7:static constexpr int std::numeric_limits<int>::lowest()	8	static
/opt/st/stm32cubeide_1.11.0/plugins/com.st.stm32cube.ide.mcu.externaltools.gnu-tools-for-stm32.10.3-2021.10.linux64_1.0.100.202210260954/tools/arm-none-eabi/include/c++/10.3.1/cmath:165:3:constexpr float std::ceil(float)	16	static
../tensorflow/tensorflow/lite/kernels/internal/runtime_shape.h:35:3:tflite::RuntimeShape::RuntimeShape()	16	static
../tensorflow/tensorflow/lite/kernels/internal/runtime_shape.h:45:3:tflite::RuntimeShape::RuntimeShape(int, const int32_t*)	24	static
../tensorflow/tensorflow/lite/kernels/internal/runtime_shape.h:56:3:tflite::RuntimeShape::~RuntimeShape()	16	static
../tensorflow/tensorflow/lite/kernels/internal/runtime_shape.h:58:11:int32_t tflite::RuntimeShape::DimensionsCount() const	16	static
../tensorflow/tensorflow/lite/kernels/internal/runtime_shape.h:59:11:int32_t tflite::RuntimeShape::Dims(int) const	16	static
../tensorflow/tensorflow/lite/kernels/internal/runtime_shape.h:64:8:void tflite::RuntimeShape::SetDim(int, int32_t)	24	static
../tensorflow/tensorflow/lite/kernels/internal/runtime_shape.h:70:23:static tflite::RuntimeShape tflite::RuntimeShape::ExtendedShape(int, const tflite::RuntimeShape&)	24	static
../tensorflow/tensorflow/lite/kernels/internal/runtime_shape.h:74:12:int32_t* tflite::RuntimeShape::DimsData()	16	static
../tensorflow/tensorflow/lite/kernels/internal/runtime_shape.h:75:18:const int32_t* tflite::RuntimeShape::DimsData() const	16	static
../tensorflow/tensorflow/lite/kernels/internal/runtime_shape.h:78:8:void tflite::RuntimeShape::ReplaceWith(int, const int32_t*)	32	static
../tensorflow/tensorflow/lite/kernels/internal/runtime_shape.h:99:3:tflite::RuntimeShape::RuntimeShape(int, const tflite::RuntimeShape&, int)	40	static
../tensorflow/tensorflow/lite/kernels/internal/tensor_ctypes.h:34:21:tflite::RuntimeShape tflite::GetTensorShape(const TfLiteTensor*)	32	static
../tensorflow/tensorflow/lite/kernels/internal/strided_slice_logic.h:29:12:int tflite::strided_slice::Clamp(int, int, int)	24	static
../tensorflow/tensorflow/lite/kernels/internal/strided_slice_logic.h:36:13:void tflite::strided_slice::StridedSlicePadIndices(tflite::StridedSliceParams*, int)	32	static
../tensorflow/tensorflow/lite/kernels/internal/strided_slice_logic.h:75:12:int tflite::strided_slice::StridedSliceStartForAxis(const tflite::StridedSliceParams&, const tflite::RuntimeShape&, int32_t)	40	static
../tensorflow/tensorflow/lite/kernels/internal/strided_slice_logic.h:100:12:int tflite::strided_slice::StridedSliceEndForAxis(const tflite::StridedSliceParams&, const tflite::RuntimeShape&, int, int)	48	static
../tensorflow/tensorflow/lite/kernels/internal/strided_slice_logic.h:138:12:int tflite::strided_slice::StartForAxis(const tflite::StridedSliceParams&, const tflite::RuntimeShape&, int)	48	static
../tensorflow/tensorflow/lite/kernels/internal/strided_slice_logic.h:185:12:int tflite::strided_slice::StopForAxis(const tflite::StridedSliceParams&, const tflite::RuntimeShape&, int, int)	48	static
/opt/st/stm32cubeide_1.11.0/plugins/com.st.stm32cube.ide.mcu.externaltools.gnu-tools-for-stm32.10.3-2021.10.linux64_1.0.100.202210260954/tools/arm-none-eabi/include/c++/10.3.1/arm-none-eabi/thumb/v7e-m+fp/hard/bits/gthr-default.h:229:1:int __gthread_key_delete(__gthread_key_t)	16	static
../tensorflow/tensorflow/lite/kernels/kernel_util.h:150:12:int tflite::NumDimensions(const TfLiteTensor*)	16	static
../tensorflow/tensorflow/lite/kernels/kernel_util.h:155:12:int tflite::NumInputs(const TfLiteNode*)	16	static
../tensorflow/tensorflow/lite/kernels/kernel_util.h:158:12:int tflite::NumOutputs(const TfLiteNode*)	16	static
../tensorflow/tensorflow/lite/micro/micro_context.h:120:22:tflite::MicroContext* tflite::GetMicroContext(const TfLiteContext*)	16	static
../tensorflow/tensorflow/lite/micro/kernels/strided_slice.cc:40:3:tflite::ops::micro::strided_slice::StridedSliceContext::StridedSliceContext(TfLiteContext*, TfLiteNode*)	24	static
../tensorflow/tensorflow/lite/micro/kernels/strided_slice.cc:50:3:tflite::ops::micro::strided_slice::StridedSliceContext::~StridedSliceContext()	16	static
../tensorflow/tensorflow/lite/micro/kernels/strided_slice.cc:71:28:tflite::StridedSliceParams tflite::ops::micro::strided_slice::BuildStridedSliceParams(tflite::ops::micro::strided_slice::StridedSliceContext*)	24	static
../tensorflow/tensorflow/lite/micro/kernels/strided_slice.cc:95:14:TfLiteStatus tflite::ops::micro::strided_slice::CheckOutputSize(TfLiteContext*, tflite::ops::micro::strided_slice::StridedSliceContext*)	184	static
../tensorflow/tensorflow/lite/micro/kernels/strided_slice.cc:130:7:void* tflite::ops::micro::strided_slice::Init(TfLiteContext*, const char*, size_t)	24	static
../tensorflow/tensorflow/lite/micro/kernels/strided_slice.cc:135:14:TfLiteStatus tflite::ops::micro::strided_slice::Prepare(TfLiteContext*, TfLiteNode*)	160	static
../tensorflow/tensorflow/lite/micro/kernels/strided_slice.cc:149:14:TfLiteStatus tflite::ops::micro::strided_slice::Eval(TfLiteContext*, TfLiteNode*)	288	static
../tensorflow/tensorflow/lite/micro/kernels/strided_slice.cc:203:20:TfLiteRegistration tflite::ops::micro::Register_STRIDED_SLICE()	24	static
../tensorflow/tensorflow/lite/kernels/internal/tensor_ctypes.h:24:11:T* tflite::GetTensorData(TfLiteTensor*) [with T = long int]	16	static
../tensorflow/tensorflow/lite/micro/kernels/kernel_util.h:71:10:const T* tflite::micro::GetTensorData(const TfLiteEvalTensor*) [with T = float]	16	static
../tensorflow/tensorflow/lite/micro/kernels/kernel_util.h:64:4:T* tflite::micro::GetTensorData(TfLiteEvalTensor*) [with T = float]	16	static
../tensorflow/tensorflow/lite/kernels/internal/reference/strided_slice.h:123:13:void tflite::reference_ops::StridedSlice(const tflite::StridedSliceParams&, const tflite::RuntimeShape&, const T*, const tflite::RuntimeShape&, T*) [with T = float]	32	static
../tensorflow/tensorflow/lite/micro/kernels/kernel_util.h:71:10:const T* tflite::micro::GetTensorData(const TfLiteEvalTensor*) [with T = signed char]	16	static
../tensorflow/tensorflow/lite/micro/kernels/kernel_util.h:64:4:T* tflite::micro::GetTensorData(TfLiteEvalTensor*) [with T = signed char]	16	static
../tensorflow/tensorflow/lite/kernels/internal/reference/strided_slice.h:123:13:void tflite::reference_ops::StridedSlice(const tflite::StridedSliceParams&, const tflite::RuntimeShape&, const T*, const tflite::RuntimeShape&, T*) [with T = signed char]	32	static
../tensorflow/tensorflow/lite/micro/kernels/kernel_util.h:71:10:const T* tflite::micro::GetTensorData(const TfLiteEvalTensor*) [with T = short int]	16	static
../tensorflow/tensorflow/lite/micro/kernels/kernel_util.h:64:4:T* tflite::micro::GetTensorData(TfLiteEvalTensor*) [with T = short int]	16	static
../tensorflow/tensorflow/lite/kernels/internal/reference/strided_slice.h:123:13:void tflite::reference_ops::StridedSlice(const tflite::StridedSliceParams&, const tflite::RuntimeShape&, const T*, const tflite::RuntimeShape&, T*) [with T = short int]	32	static
../tensorflow/tensorflow/lite/micro/kernels/kernel_util.h:71:10:const T* tflite::micro::GetTensorData(const TfLiteEvalTensor*) [with T = long int]	16	static
../tensorflow/tensorflow/lite/micro/kernels/kernel_util.h:64:4:T* tflite::micro::GetTensorData(TfLiteEvalTensor*) [with T = long int]	16	static
../tensorflow/tensorflow/lite/kernels/internal/reference/strided_slice.h:123:13:void tflite::reference_ops::StridedSlice(const tflite::StridedSliceParams&, const tflite::RuntimeShape&, const T*, const tflite::RuntimeShape&, T*) [with T = long int]	32	static
../tensorflow/tensorflow/lite/micro/kernels/kernel_util.h:71:10:const T* tflite::micro::GetTensorData(const TfLiteEvalTensor*) [with T = bool]	16	static
../tensorflow/tensorflow/lite/micro/kernels/kernel_util.h:64:4:T* tflite::micro::GetTensorData(TfLiteEvalTensor*) [with T = bool]	16	static
../tensorflow/tensorflow/lite/kernels/internal/reference/strided_slice.h:123:13:void tflite::reference_ops::StridedSlice(const tflite::StridedSliceParams&, const tflite::RuntimeShape&, const T*, const tflite::RuntimeShape&, T*) [with T = bool]	32	static
../tensorflow/tensorflow/lite/kernels/internal/portable_tensor.h:106:3:tflite::SequentialTensorWriter<T>::SequentialTensorWriter(const T*, T*) [with T = float]	24	static
../tensorflow/tensorflow/lite/kernels/internal/reference/strided_slice.h:71:13:tflite::reference_ops::StridedSlice<float>::<lambda(int, int, int)>	24	static
../tensorflow/tensorflow/lite/kernels/internal/reference/strided_slice.h:30:13:void tflite::reference_ops::StridedSlice(const tflite::StridedSliceParams&, const tflite::RuntimeShape&, const tflite::RuntimeShape&, tflite::SequentialTensorWriter<T>*) [with T = float]	248	static
../tensorflow/tensorflow/lite/kernels/internal/portable_tensor.h:106:3:tflite::SequentialTensorWriter<T>::SequentialTensorWriter(const T*, T*) [with T = signed char]	24	static
../tensorflow/tensorflow/lite/kernels/internal/reference/strided_slice.h:71:13:tflite::reference_ops::StridedSlice<signed char>::<lambda(int, int, int)>	24	static
../tensorflow/tensorflow/lite/kernels/internal/reference/strided_slice.h:30:13:void tflite::reference_ops::StridedSlice(const tflite::StridedSliceParams&, const tflite::RuntimeShape&, const tflite::RuntimeShape&, tflite::SequentialTensorWriter<T>*) [with T = signed char]	248	static
../tensorflow/tensorflow/lite/kernels/internal/portable_tensor.h:106:3:tflite::SequentialTensorWriter<T>::SequentialTensorWriter(const T*, T*) [with T = short int]	24	static
../tensorflow/tensorflow/lite/kernels/internal/reference/strided_slice.h:71:13:tflite::reference_ops::StridedSlice<short int>::<lambda(int, int, int)>	24	static
../tensorflow/tensorflow/lite/kernels/internal/reference/strided_slice.h:30:13:void tflite::reference_ops::StridedSlice(const tflite::StridedSliceParams&, const tflite::RuntimeShape&, const tflite::RuntimeShape&, tflite::SequentialTensorWriter<T>*) [with T = short int]	248	static
../tensorflow/tensorflow/lite/kernels/internal/portable_tensor.h:106:3:tflite::SequentialTensorWriter<T>::SequentialTensorWriter(const T*, T*) [with T = long int]	24	static
../tensorflow/tensorflow/lite/kernels/internal/reference/strided_slice.h:71:13:tflite::reference_ops::StridedSlice<long int>::<lambda(int, int, int)>	24	static
../tensorflow/tensorflow/lite/kernels/internal/reference/strided_slice.h:30:13:void tflite::reference_ops::StridedSlice(const tflite::StridedSliceParams&, const tflite::RuntimeShape&, const tflite::RuntimeShape&, tflite::SequentialTensorWriter<T>*) [with T = long int]	248	static
../tensorflow/tensorflow/lite/kernels/internal/portable_tensor.h:106:3:tflite::SequentialTensorWriter<T>::SequentialTensorWriter(const T*, T*) [with T = bool]	24	static
../tensorflow/tensorflow/lite/kernels/internal/reference/strided_slice.h:71:13:tflite::reference_ops::StridedSlice<bool>::<lambda(int, int, int)>	24	static
../tensorflow/tensorflow/lite/kernels/internal/reference/strided_slice.h:30:13:void tflite::reference_ops::StridedSlice(const tflite::StridedSliceParams&, const tflite::RuntimeShape&, const tflite::RuntimeShape&, tflite::SequentialTensorWriter<T>*) [with T = bool]	248	static
../third_party/ruy/ruy/profiler/instrumentation.h:191:12:) [with Args = {const char*}]	16	static
../tensorflow/tensorflow/lite/kernels/internal/portable_tensor.h:110:8:void tflite::SequentialTensorWriter<T>::WriteN(int, int) [with T = float]	24	static
../tensorflow/tensorflow/lite/kernels/internal/portable_tensor.h:109:8:void tflite::SequentialTensorWriter<T>::Write(int) [with T = float]	16	static
../tensorflow/tensorflow/lite/kernels/internal/portable_tensor.h:110:8:void tflite::SequentialTensorWriter<T>::WriteN(int, int) [with T = signed char]	24	static
../tensorflow/tensorflow/lite/kernels/internal/portable_tensor.h:109:8:void tflite::SequentialTensorWriter<T>::Write(int) [with T = signed char]	16	static
../tensorflow/tensorflow/lite/kernels/internal/portable_tensor.h:110:8:void tflite::SequentialTensorWriter<T>::WriteN(int, int) [with T = short int]	24	static
../tensorflow/tensorflow/lite/kernels/internal/portable_tensor.h:109:8:void tflite::SequentialTensorWriter<T>::Write(int) [with T = short int]	16	static
../tensorflow/tensorflow/lite/kernels/internal/portable_tensor.h:110:8:void tflite::SequentialTensorWriter<T>::WriteN(int, int) [with T = long int]	24	static
../tensorflow/tensorflow/lite/kernels/internal/portable_tensor.h:109:8:void tflite::SequentialTensorWriter<T>::Write(int) [with T = long int]	16	static
../tensorflow/tensorflow/lite/kernels/internal/portable_tensor.h:110:8:void tflite::SequentialTensorWriter<T>::WriteN(int, int) [with T = bool]	24	static
../tensorflow/tensorflow/lite/kernels/internal/portable_tensor.h:109:8:void tflite::SequentialTensorWriter<T>::Write(int) [with T = bool]	16	static
