/opt/st/stm32cubeide_1.11.0/plugins/com.st.stm32cube.ide.mcu.externaltools.gnu-tools-for-stm32.10.3-2021.10.linux64_1.0.100.202210260954/tools/arm-none-eabi/include/c++/10.3.1/arm-none-eabi/thumb/v7e-m+fp/hard/bits/gthr-default.h:229:1:int __gthread_key_delete(__gthread_key_t)	16	static
../tensorflow/tensorflow/lite/micro/kernels/unpack.cc:77:14:TfLiteStatus tflite::ops::micro::unpack::{anonymous}::Eval(TfLiteContext*, TfLiteNode*)	32	static
../tensorflow/tensorflow/lite/micro/kernels/unpack.cc:106:20:TfLiteRegistration tflite::ops::micro::Register_UNPACK()	24	static
../tensorflow/tensorflow/lite/micro/kernels/unpack.cc:32:14:TfLiteStatus tflite::ops::micro::unpack::{anonymous}::UnpackImpl(TfLiteContext*, TfLiteNode*, const TfLiteEvalTensor*, int, int) [with T = float]	104	static
../tensorflow/tensorflow/lite/micro/kernels/unpack.cc:32:14:TfLiteStatus tflite::ops::micro::unpack::{anonymous}::UnpackImpl(TfLiteContext*, TfLiteNode*, const TfLiteEvalTensor*, int, int) [with T = long int]	104	static
../tensorflow/tensorflow/lite/micro/kernels/unpack.cc:32:14:TfLiteStatus tflite::ops::micro::unpack::{anonymous}::UnpackImpl(TfLiteContext*, TfLiteNode*, const TfLiteEvalTensor*, int, int) [with T = signed char]	104	static
../tensorflow/tensorflow/lite/micro/kernels/kernel_util.h:71:10:const T* tflite::micro::GetTensorData(const TfLiteEvalTensor*) [with T = float]	16	static
../tensorflow/tensorflow/lite/micro/kernels/kernel_util.h:64:4:T* tflite::micro::GetTensorData(TfLiteEvalTensor*) [with T = float]	16	static
../tensorflow/tensorflow/lite/micro/kernels/kernel_util.h:71:10:const T* tflite::micro::GetTensorData(const TfLiteEvalTensor*) [with T = long int]	16	static
../tensorflow/tensorflow/lite/micro/kernels/kernel_util.h:64:4:T* tflite::micro::GetTensorData(TfLiteEvalTensor*) [with T = long int]	16	static
../tensorflow/tensorflow/lite/micro/kernels/kernel_util.h:71:10:const T* tflite::micro::GetTensorData(const TfLiteEvalTensor*) [with T = signed char]	16	static
../tensorflow/tensorflow/lite/micro/kernels/kernel_util.h:64:4:T* tflite::micro::GetTensorData(TfLiteEvalTensor*) [with T = signed char]	16	static
