/opt/st/stm32cubeide_1.11.0/plugins/com.st.stm32cube.ide.mcu.externaltools.gnu-tools-for-stm32.10.3-2021.10.linux64_1.0.100.202210260954/tools/arm-none-eabi/include/c++/10.3.1/arm-none-eabi/thumb/v7e-m+fp/hard/bits/gthr-default.h:229:1:int __gthread_key_delete(__gthread_key_t)	16	static
/opt/st/stm32cubeide_1.11.0/plugins/com.st.stm32cube.ide.mcu.externaltools.gnu-tools-for-stm32.10.3-2021.10.linux64_1.0.100.202210260954/tools/arm-none-eabi/include/c++/10.3.1/bits/stl_vector.h:288:7:std::_Vector_base<_Tp, _Alloc>::_Vector_base() [with _Tp = std::unique_ptr<TfLiteDelegate, void (*)(TfLiteDelegate*)>; _Alloc = std::allocator<std::unique_ptr<TfLiteDelegate, void (*)(TfLiteDelegate*)> >]	16	static
/opt/st/stm32cubeide_1.11.0/plugins/com.st.stm32cube.ide.mcu.externaltools.gnu-tools-for-stm32.10.3-2021.10.linux64_1.0.100.202210260954/tools/arm-none-eabi/include/c++/10.3.1/bits/stl_vector.h:487:7:std::vector<_Tp, _Alloc>::vector() [with _Tp = std::unique_ptr<TfLiteDelegate, void (*)(TfLiteDelegate*)>; _Alloc = std::allocator<std::unique_ptr<TfLiteDelegate, void (*)(TfLiteDelegate*)> >]	16	static
../tensorflow/tensorflow/lite/core/api/op_resolver.h:48:35:virtual tflite::OpResolver::TfLiteDelegatePtrVector tflite::OpResolver::GetDelegates(int) const	24	static
/opt/st/stm32cubeide_1.11.0/plugins/com.st.stm32cube.ide.mcu.externaltools.gnu-tools-for-stm32.10.3-2021.10.linux64_1.0.100.202210260954/tools/arm-none-eabi/include/c++/10.3.1/bits/stl_vector.h:288:7:std::_Vector_base<_Tp, _Alloc>::_Vector_base() [with _Tp = std::function<std::unique_ptr<TfLiteDelegate, void (*)(TfLiteDelegate*)>(TfLiteContext*)>; _Alloc = std::allocator<std::function<std::unique_ptr<TfLiteDelegate, void (*)(TfLiteDelegate*)>(TfLiteContext*)> >]	16	static
/opt/st/stm32cubeide_1.11.0/plugins/com.st.stm32cube.ide.mcu.externaltools.gnu-tools-for-stm32.10.3-2021.10.linux64_1.0.100.202210260954/tools/arm-none-eabi/include/c++/10.3.1/bits/stl_vector.h:487:7:std::vector<_Tp, _Alloc>::vector() [with _Tp = std::function<std::unique_ptr<TfLiteDelegate, void (*)(TfLiteDelegate*)>(TfLiteContext*)>; _Alloc = std::allocator<std::function<std::unique_ptr<TfLiteDelegate, void (*)(TfLiteDelegate*)>(TfLiteContext*)> >]	16	static
../tensorflow/tensorflow/lite/core/api/op_resolver.h:67:34:virtual tflite::OpResolver::TfLiteDelegateCreators tflite::OpResolver::GetDelegateCreators() const	16	static
/opt/st/stm32cubeide_1.11.0/plugins/com.st.stm32cube.ide.mcu.externaltools.gnu-tools-for-stm32.10.3-2021.10.linux64_1.0.100.202210260954/tools/arm-none-eabi/include/c++/10.3.1/bits/stl_vector.h:288:7:std::_Vector_base<_Tp, _Alloc>::_Vector_base() [with _Tp = std::function<std::unique_ptr<TfLiteDelegate, void (*)(TfLiteDelegate*)>(int)>; _Alloc = std::allocator<std::function<std::unique_ptr<TfLiteDelegate, void (*)(TfLiteDelegate*)>(int)> >]	16	static
/opt/st/stm32cubeide_1.11.0/plugins/com.st.stm32cube.ide.mcu.externaltools.gnu-tools-for-stm32.10.3-2021.10.linux64_1.0.100.202210260954/tools/arm-none-eabi/include/c++/10.3.1/bits/stl_vector.h:487:7:std::vector<_Tp, _Alloc>::vector() [with _Tp = std::function<std::unique_ptr<TfLiteDelegate, void (*)(TfLiteDelegate*)>(int)>; _Alloc = std::allocator<std::function<std::unique_ptr<TfLiteDelegate, void (*)(TfLiteDelegate*)>(int)> >]	16	static
../tensorflow/tensorflow/lite/core/api/op_resolver.h:96:40:virtual tflite::OpResolver::TfLiteOpaqueDelegateCreators tflite::OpResolver::GetOpaqueDelegateCreators() const	16	static
../tensorflow/tensorflow/lite/core/api/op_resolver.h:100:11:tflite::OpResolver::~OpResolver()	16	static
../tensorflow/tensorflow/lite/core/api/op_resolver.h:100:11:virtual tflite::OpResolver::~OpResolver()	16	static
../tensorflow/tensorflow/lite/core/api/op_resolver.h:114:16:virtual bool tflite::OpResolver::MayContainUserDefinedOps() const	16	static
../tensorflow/tensorflow/lite/micro/micro_op_resolver.h:47:29:virtual const TfLiteRegistration* tflite::MicroOpResolver::FindOp(tflite::BuiltinOperator, int) const	24	static
../tensorflow/tensorflow/lite/micro/micro_op_resolver.h:54:29:virtual const TfLiteRegistration* tflite::MicroOpResolver::FindOp(const char*, int) const	24	static
../tensorflow/tensorflow/lite/micro/micro_op_resolver.h:63:3:tflite::MicroOpResolver::~MicroOpResolver()	16	static
../tensorflow/tensorflow/lite/micro/micro_op_resolver.h:63:3:virtual tflite::MicroOpResolver::~MicroOpResolver()	16	static
../tensorflow/tensorflow/lite/micro/micro_mutable_op_resolver.h:43:7:tflite::MicroMutableOpResolver<128>::~MicroMutableOpResolver()	16	static
../tensorflow/tensorflow/lite/micro/micro_mutable_op_resolver.h:43:7:virtual tflite::MicroMutableOpResolver<128>::~MicroMutableOpResolver()	16	static
../tensorflow/tensorflow/lite/micro/all_ops_resolver.cc:22:1:tflite::AllOpsResolver::AllOpsResolver()	384	static
/opt/st/stm32cubeide_1.11.0/plugins/com.st.stm32cube.ide.mcu.externaltools.gnu-tools-for-stm32.10.3-2021.10.linux64_1.0.100.202210260954/tools/arm-none-eabi/include/c++/10.3.1/bits/stl_vector.h:131:2:std::_Vector_base<_Tp, _Alloc>::_Vector_impl::_Vector_impl() [with _Tp = std::unique_ptr<TfLiteDelegate, void (*)(TfLiteDelegate*)>; _Alloc = std::allocator<std::unique_ptr<TfLiteDelegate, void (*)(TfLiteDelegate*)> >]	16	static
/opt/st/stm32cubeide_1.11.0/plugins/com.st.stm32cube.ide.mcu.externaltools.gnu-tools-for-stm32.10.3-2021.10.linux64_1.0.100.202210260954/tools/arm-none-eabi/include/c++/10.3.1/bits/stl_vector.h:131:2:std::_Vector_base<_Tp, _Alloc>::_Vector_impl::_Vector_impl() [with _Tp = std::function<std::unique_ptr<TfLiteDelegate, void (*)(TfLiteDelegate*)>(TfLiteContext*)>; _Alloc = std::allocator<std::function<std::unique_ptr<TfLiteDelegate, void (*)(TfLiteDelegate*)>(TfLiteContext*)> >]	16	static
/opt/st/stm32cubeide_1.11.0/plugins/com.st.stm32cube.ide.mcu.externaltools.gnu-tools-for-stm32.10.3-2021.10.linux64_1.0.100.202210260954/tools/arm-none-eabi/include/c++/10.3.1/bits/stl_vector.h:131:2:std::_Vector_base<_Tp, _Alloc>::_Vector_impl::_Vector_impl() [with _Tp = std::function<std::unique_ptr<TfLiteDelegate, void (*)(TfLiteDelegate*)>(int)>; _Alloc = std::allocator<std::function<std::unique_ptr<TfLiteDelegate, void (*)(TfLiteDelegate*)>(int)> >]	16	static
../tensorflow/tensorflow/lite/core/api/op_resolver.h:31:7:constexpr tflite::OpResolver::OpResolver()	16	static
../tensorflow/tensorflow/lite/micro/micro_op_resolver.h:34:7:constexpr tflite::MicroOpResolver::MicroOpResolver()	16	static
../tensorflow/tensorflow/lite/micro/micro_mutable_op_resolver.h:47:12:tflite::MicroMutableOpResolver<tOpCount>::MicroMutableOpResolver() [with unsigned int tOpCount = 128]	16	static
../tensorflow/tensorflow/lite/micro/micro_mutable_op_resolver.h:114:16:TfLiteStatus tflite::MicroMutableOpResolver<tOpCount>::AddAbs() [with unsigned int tOpCount = 128]	56	static
../tensorflow/tensorflow/lite/micro/micro_mutable_op_resolver.h:119:16:TfLiteStatus tflite::MicroMutableOpResolver<tOpCount>::AddAdd(const TfLiteRegistration&) [with unsigned int tOpCount = 128]	16	static
../tensorflow/tensorflow/lite/micro/micro_mutable_op_resolver.h:123:16:TfLiteStatus tflite::MicroMutableOpResolver<tOpCount>::AddAddN() [with unsigned int tOpCount = 128]	56	static
../tensorflow/tensorflow/lite/micro/micro_mutable_op_resolver.h:128:16:TfLiteStatus tflite::MicroMutableOpResolver<tOpCount>::AddArgMax() [with unsigned int tOpCount = 128]	56	static
../tensorflow/tensorflow/lite/micro/micro_mutable_op_resolver.h:132:16:TfLiteStatus tflite::MicroMutableOpResolver<tOpCount>::AddArgMin() [with unsigned int tOpCount = 128]	56	static
../tensorflow/tensorflow/lite/micro/micro_mutable_op_resolver.h:136:16:TfLiteStatus tflite::MicroMutableOpResolver<tOpCount>::AddAssignVariable() [with unsigned int tOpCount = 128]	56	static
../tensorflow/tensorflow/lite/micro/micro_mutable_op_resolver.h:141:16:TfLiteStatus tflite::MicroMutableOpResolver<tOpCount>::AddAveragePool2D(const TfLiteRegistration&) [with unsigned int tOpCount = 128]	16	static
../tensorflow/tensorflow/lite/micro/micro_mutable_op_resolver.h:146:16:TfLiteStatus tflite::MicroMutableOpResolver<tOpCount>::AddBatchToSpaceNd() [with unsigned int tOpCount = 128]	56	static
../tensorflow/tensorflow/lite/micro/micro_mutable_op_resolver.h:151:16:TfLiteStatus tflite::MicroMutableOpResolver<tOpCount>::AddBroadcastArgs() [with unsigned int tOpCount = 128]	56	static
../tensorflow/tensorflow/lite/micro/micro_mutable_op_resolver.h:156:16:TfLiteStatus tflite::MicroMutableOpResolver<tOpCount>::AddBroadcastTo() [with unsigned int tOpCount = 128]	56	static
../tensorflow/tensorflow/lite/micro/micro_mutable_op_resolver.h:161:16:TfLiteStatus tflite::MicroMutableOpResolver<tOpCount>::AddCallOnce() [with unsigned int tOpCount = 128]	56	static
../tensorflow/tensorflow/lite/micro/micro_mutable_op_resolver.h:166:16:TfLiteStatus tflite::MicroMutableOpResolver<tOpCount>::AddCast() [with unsigned int tOpCount = 128]	56	static
../tensorflow/tensorflow/lite/micro/micro_mutable_op_resolver.h:170:16:TfLiteStatus tflite::MicroMutableOpResolver<tOpCount>::AddCeil() [with unsigned int tOpCount = 128]	56	static
../tensorflow/tensorflow/lite/micro/micro_mutable_op_resolver.h:175:16:TfLiteStatus tflite::MicroMutableOpResolver<tOpCount>::AddCircularBuffer() [with unsigned int tOpCount = 128]	16	static
../tensorflow/tensorflow/lite/micro/micro_mutable_op_resolver.h:179:16:TfLiteStatus tflite::MicroMutableOpResolver<tOpCount>::AddConcatenation() [with unsigned int tOpCount = 128]	56	static
../tensorflow/tensorflow/lite/micro/micro_mutable_op_resolver.h:185:16:TfLiteStatus tflite::MicroMutableOpResolver<tOpCount>::AddConv2D(const TfLiteRegistration&) [with unsigned int tOpCount = 128]	16	static
../tensorflow/tensorflow/lite/micro/micro_mutable_op_resolver.h:190:16:TfLiteStatus tflite::MicroMutableOpResolver<tOpCount>::AddCos() [with unsigned int tOpCount = 128]	56	static
../tensorflow/tensorflow/lite/micro/micro_mutable_op_resolver.h:195:16:TfLiteStatus tflite::MicroMutableOpResolver<tOpCount>::AddCumSum() [with unsigned int tOpCount = 128]	56	static
../tensorflow/tensorflow/lite/micro/micro_mutable_op_resolver.h:200:16:TfLiteStatus tflite::MicroMutableOpResolver<tOpCount>::AddDepthToSpace() [with unsigned int tOpCount = 128]	56	static
../tensorflow/tensorflow/lite/micro/micro_mutable_op_resolver.h:205:16:TfLiteStatus tflite::MicroMutableOpResolver<tOpCount>::AddDepthwiseConv2D(const TfLiteRegistration&) [with unsigned int tOpCount = 128]	16	static
../tensorflow/tensorflow/lite/micro/micro_mutable_op_resolver.h:211:16:TfLiteStatus tflite::MicroMutableOpResolver<tOpCount>::AddDequantize() [with unsigned int tOpCount = 128]	56	static
../tensorflow/tensorflow/lite/micro/micro_mutable_op_resolver.h:216:16:TfLiteStatus tflite::MicroMutableOpResolver<tOpCount>::AddDetectionPostprocess() [with unsigned int tOpCount = 128]	16	static
../tensorflow/tensorflow/lite/micro/micro_mutable_op_resolver.h:221:16:TfLiteStatus tflite::MicroMutableOpResolver<tOpCount>::AddDiv() [with unsigned int tOpCount = 128]	56	static
../tensorflow/tensorflow/lite/micro/micro_mutable_op_resolver.h:225:16:TfLiteStatus tflite::MicroMutableOpResolver<tOpCount>::AddElu() [with unsigned int tOpCount = 128]	56	static
../tensorflow/tensorflow/lite/micro/micro_mutable_op_resolver.h:229:16:TfLiteStatus tflite::MicroMutableOpResolver<tOpCount>::AddEqual() [with unsigned int tOpCount = 128]	56	static
../tensorflow/tensorflow/lite/micro/micro_mutable_op_resolver.h:234:16:TfLiteStatus tflite::MicroMutableOpResolver<tOpCount>::AddEthosU() [with unsigned int tOpCount = 128]	24	static
../tensorflow/tensorflow/lite/micro/micro_mutable_op_resolver.h:242:16:TfLiteStatus tflite::MicroMutableOpResolver<tOpCount>::AddExp() [with unsigned int tOpCount = 128]	56	static
../tensorflow/tensorflow/lite/micro/micro_mutable_op_resolver.h:246:16:TfLiteStatus tflite::MicroMutableOpResolver<tOpCount>::AddExpandDims() [with unsigned int tOpCount = 128]	56	static
../tensorflow/tensorflow/lite/micro/micro_mutable_op_resolver.h:251:16:TfLiteStatus tflite::MicroMutableOpResolver<tOpCount>::AddFill() [with unsigned int tOpCount = 128]	56	static
../tensorflow/tensorflow/lite/micro/micro_mutable_op_resolver.h:255:16:TfLiteStatus tflite::MicroMutableOpResolver<tOpCount>::AddFloor() [with unsigned int tOpCount = 128]	56	static
../tensorflow/tensorflow/lite/micro/micro_mutable_op_resolver.h:260:16:TfLiteStatus tflite::MicroMutableOpResolver<tOpCount>::AddFloorDiv() [with unsigned int tOpCount = 128]	56	static
../tensorflow/tensorflow/lite/micro/micro_mutable_op_resolver.h:265:16:TfLiteStatus tflite::MicroMutableOpResolver<tOpCount>::AddFloorMod() [with unsigned int tOpCount = 128]	56	static
../tensorflow/tensorflow/lite/micro/micro_mutable_op_resolver.h:270:16:TfLiteStatus tflite::MicroMutableOpResolver<tOpCount>::AddFullyConnected(const TfLiteRegistration&) [with unsigned int tOpCount = 128]	16	static
../tensorflow/tensorflow/lite/micro/micro_mutable_op_resolver.h:276:16:TfLiteStatus tflite::MicroMutableOpResolver<tOpCount>::AddGather() [with unsigned int tOpCount = 128]	56	static
../tensorflow/tensorflow/lite/micro/micro_mutable_op_resolver.h:281:16:TfLiteStatus tflite::MicroMutableOpResolver<tOpCount>::AddGatherNd() [with unsigned int tOpCount = 128]	56	static
../tensorflow/tensorflow/lite/micro/micro_mutable_op_resolver.h:286:16:TfLiteStatus tflite::MicroMutableOpResolver<tOpCount>::AddGreater() [with unsigned int tOpCount = 128]	56	static
../tensorflow/tensorflow/lite/micro/micro_mutable_op_resolver.h:291:16:TfLiteStatus tflite::MicroMutableOpResolver<tOpCount>::AddGreaterEqual() [with unsigned int tOpCount = 128]	56	static
../tensorflow/tensorflow/lite/micro/micro_mutable_op_resolver.h:297:16:TfLiteStatus tflite::MicroMutableOpResolver<tOpCount>::AddHardSwish() [with unsigned int tOpCount = 128]	56	static
../tensorflow/tensorflow/lite/micro/micro_mutable_op_resolver.h:302:16:TfLiteStatus tflite::MicroMutableOpResolver<tOpCount>::AddIf() [with unsigned int tOpCount = 128]	56	static
../tensorflow/tensorflow/lite/micro/micro_mutable_op_resolver.h:306:16:TfLiteStatus tflite::MicroMutableOpResolver<tOpCount>::AddL2Normalization() [with unsigned int tOpCount = 128]	56	static
../tensorflow/tensorflow/lite/micro/micro_mutable_op_resolver.h:312:16:TfLiteStatus tflite::MicroMutableOpResolver<tOpCount>::AddL2Pool2D() [with unsigned int tOpCount = 128]	56	static
../tensorflow/tensorflow/lite/micro/micro_mutable_op_resolver.h:317:16:TfLiteStatus tflite::MicroMutableOpResolver<tOpCount>::AddLeakyRelu() [with unsigned int tOpCount = 128]	56	static
../tensorflow/tensorflow/lite/micro/micro_mutable_op_resolver.h:322:16:TfLiteStatus tflite::MicroMutableOpResolver<tOpCount>::AddLess() [with unsigned int tOpCount = 128]	56	static
../tensorflow/tensorflow/lite/micro/micro_mutable_op_resolver.h:327:16:TfLiteStatus tflite::MicroMutableOpResolver<tOpCount>::AddLessEqual() [with unsigned int tOpCount = 128]	56	static
../tensorflow/tensorflow/lite/micro/micro_mutable_op_resolver.h:333:16:TfLiteStatus tflite::MicroMutableOpResolver<tOpCount>::AddLog() [with unsigned int tOpCount = 128]	56	static
../tensorflow/tensorflow/lite/micro/micro_mutable_op_resolver.h:338:16:TfLiteStatus tflite::MicroMutableOpResolver<tOpCount>::AddLogicalAnd() [with unsigned int tOpCount = 128]	56	static
../tensorflow/tensorflow/lite/micro/micro_mutable_op_resolver.h:343:16:TfLiteStatus tflite::MicroMutableOpResolver<tOpCount>::AddLogicalNot() [with unsigned int tOpCount = 128]	56	static
../tensorflow/tensorflow/lite/micro/micro_mutable_op_resolver.h:349:16:TfLiteStatus tflite::MicroMutableOpResolver<tOpCount>::AddLogicalOr() [with unsigned int tOpCount = 128]	56	static
../tensorflow/tensorflow/lite/micro/micro_mutable_op_resolver.h:354:16:TfLiteStatus tflite::MicroMutableOpResolver<tOpCount>::AddLogistic() [with unsigned int tOpCount = 128]	56	static
../tensorflow/tensorflow/lite/micro/micro_mutable_op_resolver.h:359:16:TfLiteStatus tflite::MicroMutableOpResolver<tOpCount>::AddLogSoftmax() [with unsigned int tOpCount = 128]	56	static
../tensorflow/tensorflow/lite/micro/micro_mutable_op_resolver.h:369:16:TfLiteStatus tflite::MicroMutableOpResolver<tOpCount>::AddMaxPool2D(const TfLiteRegistration&) [with unsigned int tOpCount = 128]	16	static
../tensorflow/tensorflow/lite/micro/micro_mutable_op_resolver.h:364:16:TfLiteStatus tflite::MicroMutableOpResolver<tOpCount>::AddMaximum() [with unsigned int tOpCount = 128]	56	static
../tensorflow/tensorflow/lite/micro/micro_mutable_op_resolver.h:379:16:TfLiteStatus tflite::MicroMutableOpResolver<tOpCount>::AddMean() [with unsigned int tOpCount = 128]	56	static
../tensorflow/tensorflow/lite/micro/micro_mutable_op_resolver.h:383:16:TfLiteStatus tflite::MicroMutableOpResolver<tOpCount>::AddMinimum() [with unsigned int tOpCount = 128]	56	static
../tensorflow/tensorflow/lite/micro/micro_mutable_op_resolver.h:374:16:TfLiteStatus tflite::MicroMutableOpResolver<tOpCount>::AddMirrorPad() [with unsigned int tOpCount = 128]	56	static
../tensorflow/tensorflow/lite/micro/micro_mutable_op_resolver.h:388:16:TfLiteStatus tflite::MicroMutableOpResolver<tOpCount>::AddMul(const TfLiteRegistration&) [with unsigned int tOpCount = 128]	16	static
../tensorflow/tensorflow/lite/micro/micro_mutable_op_resolver.h:392:16:TfLiteStatus tflite::MicroMutableOpResolver<tOpCount>::AddNeg() [with unsigned int tOpCount = 128]	56	static
../tensorflow/tensorflow/lite/micro/micro_mutable_op_resolver.h:397:16:TfLiteStatus tflite::MicroMutableOpResolver<tOpCount>::AddNotEqual() [with unsigned int tOpCount = 128]	56	static
../tensorflow/tensorflow/lite/micro/micro_mutable_op_resolver.h:402:16:TfLiteStatus tflite::MicroMutableOpResolver<tOpCount>::AddPack() [with unsigned int tOpCount = 128]	56	static
../tensorflow/tensorflow/lite/micro/micro_mutable_op_resolver.h:407:16:TfLiteStatus tflite::MicroMutableOpResolver<tOpCount>::AddPad(const TfLiteRegistration&) [with unsigned int tOpCount = 128]	16	static
../tensorflow/tensorflow/lite/micro/micro_mutable_op_resolver.h:411:16:TfLiteStatus tflite::MicroMutableOpResolver<tOpCount>::AddPadV2() [with unsigned int tOpCount = 128]	56	static
../tensorflow/tensorflow/lite/micro/micro_mutable_op_resolver.h:415:16:TfLiteStatus tflite::MicroMutableOpResolver<tOpCount>::AddPrelu() [with unsigned int tOpCount = 128]	56	static
../tensorflow/tensorflow/lite/micro/micro_mutable_op_resolver.h:420:16:TfLiteStatus tflite::MicroMutableOpResolver<tOpCount>::AddQuantize() [with unsigned int tOpCount = 128]	56	static
../tensorflow/tensorflow/lite/micro/micro_mutable_op_resolver.h:425:16:TfLiteStatus tflite::MicroMutableOpResolver<tOpCount>::AddReadVariable() [with unsigned int tOpCount = 128]	56	static
../tensorflow/tensorflow/lite/micro/micro_mutable_op_resolver.h:430:16:TfLiteStatus tflite::MicroMutableOpResolver<tOpCount>::AddReduceMax() [with unsigned int tOpCount = 128]	56	static
../tensorflow/tensorflow/lite/micro/micro_mutable_op_resolver.h:435:16:TfLiteStatus tflite::MicroMutableOpResolver<tOpCount>::AddRelu() [with unsigned int tOpCount = 128]	56	static
../tensorflow/tensorflow/lite/micro/micro_mutable_op_resolver.h:439:16:TfLiteStatus tflite::MicroMutableOpResolver<tOpCount>::AddRelu6() [with unsigned int tOpCount = 128]	56	static
../tensorflow/tensorflow/lite/micro/micro_mutable_op_resolver.h:444:16:TfLiteStatus tflite::MicroMutableOpResolver<tOpCount>::AddReshape() [with unsigned int tOpCount = 128]	56	static
../tensorflow/tensorflow/lite/micro/micro_mutable_op_resolver.h:449:16:TfLiteStatus tflite::MicroMutableOpResolver<tOpCount>::AddResizeBilinear() [with unsigned int tOpCount = 128]	56	static
../tensorflow/tensorflow/lite/micro/micro_mutable_op_resolver.h:454:16:TfLiteStatus tflite::MicroMutableOpResolver<tOpCount>::AddResizeNearestNeighbor() [with unsigned int tOpCount = 128]	56	static
../tensorflow/tensorflow/lite/micro/micro_mutable_op_resolver.h:460:16:TfLiteStatus tflite::MicroMutableOpResolver<tOpCount>::AddRound() [with unsigned int tOpCount = 128]	56	static
../tensorflow/tensorflow/lite/micro/micro_mutable_op_resolver.h:465:16:TfLiteStatus tflite::MicroMutableOpResolver<tOpCount>::AddRsqrt() [with unsigned int tOpCount = 128]	56	static
../tensorflow/tensorflow/lite/micro/micro_mutable_op_resolver.h:470:16:TfLiteStatus tflite::MicroMutableOpResolver<tOpCount>::AddSelectV2() [with unsigned int tOpCount = 128]	56	static
../tensorflow/tensorflow/lite/micro/micro_mutable_op_resolver.h:475:16:TfLiteStatus tflite::MicroMutableOpResolver<tOpCount>::AddShape() [with unsigned int tOpCount = 128]	56	static
../tensorflow/tensorflow/lite/micro/micro_mutable_op_resolver.h:479:16:TfLiteStatus tflite::MicroMutableOpResolver<tOpCount>::AddSin() [with unsigned int tOpCount = 128]	56	static
../tensorflow/tensorflow/lite/micro/micro_mutable_op_resolver.h:484:16:TfLiteStatus tflite::MicroMutableOpResolver<tOpCount>::AddSlice() [with unsigned int tOpCount = 128]	56	static
../tensorflow/tensorflow/lite/micro/micro_mutable_op_resolver.h:488:16:TfLiteStatus tflite::MicroMutableOpResolver<tOpCount>::AddSoftmax(const TfLiteRegistration&) [with unsigned int tOpCount = 128]	16	static
../tensorflow/tensorflow/lite/micro/micro_mutable_op_resolver.h:493:16:TfLiteStatus tflite::MicroMutableOpResolver<tOpCount>::AddSpaceToBatchNd() [with unsigned int tOpCount = 128]	56	static
../tensorflow/tensorflow/lite/micro/micro_mutable_op_resolver.h:498:16:TfLiteStatus tflite::MicroMutableOpResolver<tOpCount>::AddSpaceToDepth() [with unsigned int tOpCount = 128]	56	static
../tensorflow/tensorflow/lite/micro/micro_mutable_op_resolver.h:503:16:TfLiteStatus tflite::MicroMutableOpResolver<tOpCount>::AddSplit() [with unsigned int tOpCount = 128]	56	static
../tensorflow/tensorflow/lite/micro/micro_mutable_op_resolver.h:508:16:TfLiteStatus tflite::MicroMutableOpResolver<tOpCount>::AddSplitV() [with unsigned int tOpCount = 128]	56	static
../tensorflow/tensorflow/lite/micro/micro_mutable_op_resolver.h:518:16:TfLiteStatus tflite::MicroMutableOpResolver<tOpCount>::AddSqrt() [with unsigned int tOpCount = 128]	56	static
../tensorflow/tensorflow/lite/micro/micro_mutable_op_resolver.h:523:16:TfLiteStatus tflite::MicroMutableOpResolver<tOpCount>::AddSquare() [with unsigned int tOpCount = 128]	56	static
../tensorflow/tensorflow/lite/micro/micro_mutable_op_resolver.h:528:16:TfLiteStatus tflite::MicroMutableOpResolver<tOpCount>::AddSquaredDifference() [with unsigned int tOpCount = 128]	56	static
../tensorflow/tensorflow/lite/micro/micro_mutable_op_resolver.h:513:16:TfLiteStatus tflite::MicroMutableOpResolver<tOpCount>::AddSqueeze() [with unsigned int tOpCount = 128]	56	static
../tensorflow/tensorflow/lite/micro/micro_mutable_op_resolver.h:534:16:TfLiteStatus tflite::MicroMutableOpResolver<tOpCount>::AddStridedSlice() [with unsigned int tOpCount = 128]	56	static
../tensorflow/tensorflow/lite/micro/micro_mutable_op_resolver.h:540:16:TfLiteStatus tflite::MicroMutableOpResolver<tOpCount>::AddSub() [with unsigned int tOpCount = 128]	56	static
../tensorflow/tensorflow/lite/micro/micro_mutable_op_resolver.h:544:16:TfLiteStatus tflite::MicroMutableOpResolver<tOpCount>::AddSum() [with unsigned int tOpCount = 128]	56	static
../tensorflow/tensorflow/lite/micro/micro_mutable_op_resolver.h:548:16:TfLiteStatus tflite::MicroMutableOpResolver<tOpCount>::AddSvdf(const TfLiteRegistration&) [with unsigned int tOpCount = 128]	16	static
../tensorflow/tensorflow/lite/micro/micro_mutable_op_resolver.h:553:16:TfLiteStatus tflite::MicroMutableOpResolver<tOpCount>::AddTanh() [with unsigned int tOpCount = 128]	56	static
../tensorflow/tensorflow/lite/micro/micro_mutable_op_resolver.h:563:16:TfLiteStatus tflite::MicroMutableOpResolver<tOpCount>::AddTranspose() [with unsigned int tOpCount = 128]	56	static
../tensorflow/tensorflow/lite/micro/micro_mutable_op_resolver.h:558:16:TfLiteStatus tflite::MicroMutableOpResolver<tOpCount>::AddTransposeConv() [with unsigned int tOpCount = 128]	56	static
../tensorflow/tensorflow/lite/micro/micro_mutable_op_resolver.h:573:16:TfLiteStatus tflite::MicroMutableOpResolver<tOpCount>::AddUnidirectionalSequenceLSTM() [with unsigned int tOpCount = 128]	56	static
../tensorflow/tensorflow/lite/micro/micro_mutable_op_resolver.h:568:16:TfLiteStatus tflite::MicroMutableOpResolver<tOpCount>::AddUnpack() [with unsigned int tOpCount = 128]	56	static
../tensorflow/tensorflow/lite/micro/micro_mutable_op_resolver.h:579:16:TfLiteStatus tflite::MicroMutableOpResolver<tOpCount>::AddVarHandle() [with unsigned int tOpCount = 128]	56	static
../tensorflow/tensorflow/lite/micro/micro_mutable_op_resolver.h:584:16:TfLiteStatus tflite::MicroMutableOpResolver<tOpCount>::AddWhile() [with unsigned int tOpCount = 128]	56	static
../tensorflow/tensorflow/lite/micro/micro_mutable_op_resolver.h:588:16:TfLiteStatus tflite::MicroMutableOpResolver<tOpCount>::AddZerosLike() [with unsigned int tOpCount = 128]	56	static
/opt/st/stm32cubeide_1.11.0/plugins/com.st.stm32cube.ide.mcu.externaltools.gnu-tools-for-stm32.10.3-2021.10.linux64_1.0.100.202210260954/tools/arm-none-eabi/include/c++/10.3.1/bits/allocator.h:164:7:std::allocator< <template-parameter-1-1> >::allocator() [with _Tp = std::unique_ptr<TfLiteDelegate, void (*)(TfLiteDelegate*)>]	16	static
/opt/st/stm32cubeide_1.11.0/plugins/com.st.stm32cube.ide.mcu.externaltools.gnu-tools-for-stm32.10.3-2021.10.linux64_1.0.100.202210260954/tools/arm-none-eabi/include/c++/10.3.1/bits/stl_vector.h:97:2:std::_Vector_base<_Tp, _Alloc>::_Vector_impl_data::_Vector_impl_data() [with _Tp = std::unique_ptr<TfLiteDelegate, void (*)(TfLiteDelegate*)>; _Alloc = std::allocator<std::unique_ptr<TfLiteDelegate, void (*)(TfLiteDelegate*)> >]	16	static
/opt/st/stm32cubeide_1.11.0/plugins/com.st.stm32cube.ide.mcu.externaltools.gnu-tools-for-stm32.10.3-2021.10.linux64_1.0.100.202210260954/tools/arm-none-eabi/include/c++/10.3.1/bits/allocator.h:164:7:std::allocator< <template-parameter-1-1> >::allocator() [with _Tp = std::function<std::unique_ptr<TfLiteDelegate, void (*)(TfLiteDelegate*)>(TfLiteContext*)>]	16	static
/opt/st/stm32cubeide_1.11.0/plugins/com.st.stm32cube.ide.mcu.externaltools.gnu-tools-for-stm32.10.3-2021.10.linux64_1.0.100.202210260954/tools/arm-none-eabi/include/c++/10.3.1/bits/stl_vector.h:97:2:std::_Vector_base<_Tp, _Alloc>::_Vector_impl_data::_Vector_impl_data() [with _Tp = std::function<std::unique_ptr<TfLiteDelegate, void (*)(TfLiteDelegate*)>(TfLiteContext*)>; _Alloc = std::allocator<std::function<std::unique_ptr<TfLiteDelegate, void (*)(TfLiteDelegate*)>(TfLiteContext*)> >]	16	static
/opt/st/stm32cubeide_1.11.0/plugins/com.st.stm32cube.ide.mcu.externaltools.gnu-tools-for-stm32.10.3-2021.10.linux64_1.0.100.202210260954/tools/arm-none-eabi/include/c++/10.3.1/bits/allocator.h:164:7:std::allocator< <template-parameter-1-1> >::allocator() [with _Tp = std::function<std::unique_ptr<TfLiteDelegate, void (*)(TfLiteDelegate*)>(int)>]	16	static
/opt/st/stm32cubeide_1.11.0/plugins/com.st.stm32cube.ide.mcu.externaltools.gnu-tools-for-stm32.10.3-2021.10.linux64_1.0.100.202210260954/tools/arm-none-eabi/include/c++/10.3.1/bits/stl_vector.h:97:2:std::_Vector_base<_Tp, _Alloc>::_Vector_impl_data::_Vector_impl_data() [with _Tp = std::function<std::unique_ptr<TfLiteDelegate, void (*)(TfLiteDelegate*)>(int)>; _Alloc = std::allocator<std::function<std::unique_ptr<TfLiteDelegate, void (*)(TfLiteDelegate*)>(int)> >]	16	static
../tensorflow/tensorflow/lite/micro/micro_mutable_op_resolver.h:596:16:TfLiteStatus tflite::MicroMutableOpResolver<tOpCount>::AddBuiltin(tflite::BuiltinOperator, const TfLiteRegistration&, tflite::TfLiteBridgeBuiltinParseFunction) [with unsigned int tOpCount = 128]	32	static
../tensorflow/tensorflow/lite/micro/micro_mutable_op_resolver.h:87:16:TfLiteStatus tflite::MicroMutableOpResolver<tOpCount>::AddCustom(const char*, TfLiteRegistration*) [with unsigned int tOpCount = 128]	40	static
/opt/st/stm32cubeide_1.11.0/plugins/com.st.stm32cube.ide.mcu.externaltools.gnu-tools-for-stm32.10.3-2021.10.linux64_1.0.100.202210260954/tools/arm-none-eabi/include/c++/10.3.1/ext/new_allocator.h:79:7:__gnu_cxx::new_allocator<_Tp>::new_allocator() [with _Tp = std::unique_ptr<TfLiteDelegate, void (*)(TfLiteDelegate*)>]	16	static
/opt/st/stm32cubeide_1.11.0/plugins/com.st.stm32cube.ide.mcu.externaltools.gnu-tools-for-stm32.10.3-2021.10.linux64_1.0.100.202210260954/tools/arm-none-eabi/include/c++/10.3.1/ext/new_allocator.h:79:7:__gnu_cxx::new_allocator<_Tp>::new_allocator() [with _Tp = std::function<std::unique_ptr<TfLiteDelegate, void (*)(TfLiteDelegate*)>(TfLiteContext*)>]	16	static
/opt/st/stm32cubeide_1.11.0/plugins/com.st.stm32cube.ide.mcu.externaltools.gnu-tools-for-stm32.10.3-2021.10.linux64_1.0.100.202210260954/tools/arm-none-eabi/include/c++/10.3.1/ext/new_allocator.h:79:7:__gnu_cxx::new_allocator<_Tp>::new_allocator() [with _Tp = std::function<std::unique_ptr<TfLiteDelegate, void (*)(TfLiteDelegate*)>(int)>]	16	static
../tensorflow/tensorflow/lite/micro/micro_mutable_op_resolver.h:49:29:const TfLiteRegistration* tflite::MicroMutableOpResolver<tOpCount>::FindOp(tflite::BuiltinOperator) const [with unsigned int tOpCount = 128]	24	static
../tensorflow/tensorflow/lite/micro/micro_mutable_op_resolver.h:61:29:const TfLiteRegistration* tflite::MicroMutableOpResolver<tOpCount>::FindOp(const char*) const [with unsigned int tOpCount = 128]	24	static
../tensorflow/tensorflow/lite/micro/all_ops_resolver.h:28:7:tflite::AllOpsResolver::~AllOpsResolver()	16	static
../tensorflow/tensorflow/lite/micro/all_ops_resolver.h:28:7:virtual tflite::AllOpsResolver::~AllOpsResolver()	16	static
../tensorflow/tensorflow/lite/micro/micro_mutable_op_resolver.h:72:36:TfLiteStatus (* tflite::MicroMutableOpResolver<tOpCount>::GetOpDataParser(tflite::BuiltinOperator) const)(const tflite::Operator*, tflite::ErrorReporter*, tflite::BuiltinDataAllocator*, void**) [with unsigned int tOpCount = 128]	24	static
