/opt/st/stm32cubeide_1.11.0/plugins/com.st.stm32cube.ide.mcu.externaltools.gnu-tools-for-stm32.10.3-2021.10.linux64_1.0.100.202210260954/tools/arm-none-eabi/include/c++/10.3.1/arm-none-eabi/thumb/v7e-m+fp/hard/bits/gthr-default.h:229:1:int __gthread_key_delete(__gthread_key_t)	16	static
../tensorflow/tensorflow/lite/micro/micro_arena_constants.h:24:15:constexpr int tflite::MicroArenaBufferAlignment()	4	static
../tensorflow/tensorflow/lite/micro/fake_micro_context.cc:32:1:tflite::FakeMicroContext::FakeMicroContext(TfLiteTensor*, tflite::SingleArenaBufferAllocator*, tflite::MicroGraph*)	32	static
../tensorflow/tensorflow/lite/micro/fake_micro_context.cc:41:15:virtual TfLiteTensor* tflite::FakeMicroContext::AllocateTempTfLiteTensor(int)	16	static
../tensorflow/tensorflow/lite/micro/fake_micro_context.cc:46:6:virtual void tflite::FakeMicroContext::DeallocateTempTfLiteTensor(TfLiteTensor*)	16	static
../tensorflow/tensorflow/lite/micro/fake_micro_context.cc:50:6:bool tflite::FakeMicroContext::IsAllTempTfLiteTensorDeallocated()	16	static
../tensorflow/tensorflow/lite/micro/fake_micro_context.cc:54:19:virtual TfLiteEvalTensor* tflite::FakeMicroContext::GetEvalTensor(int)	24	static
../tensorflow/tensorflow/lite/micro/fake_micro_context.cc:68:7:virtual void* tflite::FakeMicroContext::AllocatePersistentBuffer(size_t)	24	static
../tensorflow/tensorflow/lite/micro/fake_micro_context.cc:77:14:virtual TfLiteStatus tflite::FakeMicroContext::RequestScratchBufferInArena(size_t, int*)	40	static
../tensorflow/tensorflow/lite/micro/fake_micro_context.cc:98:7:virtual void* tflite::FakeMicroContext::GetScratchBuffer(int)	16	static
../tensorflow/tensorflow/lite/micro/fake_micro_context.h:24:7:tflite::FakeMicroContext::~FakeMicroContext()	16	static
../tensorflow/tensorflow/lite/micro/fake_micro_context.h:24:7:virtual tflite::FakeMicroContext::~FakeMicroContext()	16	static
