/opt/st/stm32cubeide_1.11.0/plugins/com.st.stm32cube.ide.mcu.externaltools.gnu-tools-for-stm32.10.3-2021.10.linux64_1.0.100.202210260954/tools/arm-none-eabi/include/c++/10.3.1/new:174:33:void* operator new(std::size_t, void*)	16	static
/opt/st/stm32cubeide_1.11.0/plugins/com.st.stm32cube.ide.mcu.externaltools.gnu-tools-for-stm32.10.3-2021.10.linux64_1.0.100.202210260954/tools/arm-none-eabi/include/c++/10.3.1/arm-none-eabi/thumb/v7e-m+fp/hard/bits/gthr-default.h:229:1:int __gthread_key_delete(__gthread_key_t)	16	static
../tensorflow/tensorflow/lite/micro/micro_resource_variable.h:74:3:tflite::MicroResourceVariables::MicroResourceVariables(tflite::MicroResourceVariables::MicroResourceVariable*, int)	24	static
../tensorflow/tensorflow/lite/micro/micro_resource_variable.cc:30:25:static tflite::MicroResourceVariables* tflite::MicroResourceVariables::Create(tflite::MicroAllocator*, int)	40	static
../tensorflow/tensorflow/lite/micro/micro_resource_variable.cc:44:5:int tflite::MicroResourceVariables::CreateIdIfNoneFound(const char*, const char*)	32	static
../tensorflow/tensorflow/lite/micro/micro_resource_variable.cc:69:14:TfLiteStatus tflite::MicroResourceVariables::Read(int, const TfLiteEvalTensor*)	48	static
../tensorflow/tensorflow/lite/micro/micro_resource_variable.cc:82:14:TfLiteStatus tflite::MicroResourceVariables::Allocate(int, TfLiteContext*, const TfLiteTensor*)	32	static
../tensorflow/tensorflow/lite/micro/micro_resource_variable.cc:107:14:TfLiteStatus tflite::MicroResourceVariables::Assign(int, const TfLiteEvalTensor*)	48	static
../tensorflow/tensorflow/lite/micro/micro_resource_variable.cc:127:14:TfLiteStatus tflite::MicroResourceVariables::ResetAll()	48	static
../tensorflow/tensorflow/lite/micro/micro_resource_variable.cc:135:5:int tflite::MicroResourceVariables::FindId(const char*, const char*)	32	static
