/opt/st/stm32cubeide_1.11.0/plugins/com.st.stm32cube.ide.mcu.externaltools.gnu-tools-for-stm32.10.3-2021.10.linux64_1.0.100.202210260954/tools/arm-none-eabi/include/c++/10.3.1/limits:525:7:static constexpr signed char std::numeric_limits<signed char>::min()	4	static
/opt/st/stm32cubeide_1.11.0/plugins/com.st.stm32cube.ide.mcu.externaltools.gnu-tools-for-stm32.10.3-2021.10.linux64_1.0.100.202210260954/tools/arm-none-eabi/include/c++/10.3.1/limits:528:7:static constexpr signed char std::numeric_limits<signed char>::max()	4	static
../tensorflow/tensorflow/lite/micro/micro_utils.h:144:12:int tflite::QMinFromTfLiteType(TfLiteType)	16	static
../tensorflow/tensorflow/lite/micro/micro_utils.h:152:12:int tflite::QMaxFromTfLiteType(TfLiteType)	16	static
/opt/st/stm32cubeide_1.11.0/plugins/com.st.stm32cube.ide.mcu.externaltools.gnu-tools-for-stm32.10.3-2021.10.linux64_1.0.100.202210260954/tools/arm-none-eabi/include/c++/10.3.1/arm-none-eabi/thumb/v7e-m+fp/hard/bits/gthr-default.h:229:1:int __gthread_key_delete(__gthread_key_t)	16	static
../tensorflow/tensorflow/lite/micro/micro_utils.cc:30:5:int tflite::ElementCount(const TfLiteIntArray&)	24	static
../tensorflow/tensorflow/lite/micro/micro_utils.cc:38:8:size_t tflite::EvalTensorBytes(const TfLiteEvalTensor*)	24	static
../tensorflow/tensorflow/lite/micro/micro_utils.cc:45:6:void tflite::SignedSymmetricPerChannelQuantize(const float*, TfLiteIntArray*, int, int8_t*, float*, TfLiteType)	104	static
