/opt/st/stm32cubeide_1.11.0/plugins/com.st.stm32cube.ide.mcu.externaltools.gnu-tools-for-stm32.10.3-2021.10.linux64_1.0.100.202210260954/tools/arm-none-eabi/include/c++/10.3.1/limits:925:7:static constexpr short int std::numeric_limits<short int>::min()	4	static
/opt/st/stm32cubeide_1.11.0/plugins/com.st.stm32cube.ide.mcu.externaltools.gnu-tools-for-stm32.10.3-2021.10.linux64_1.0.100.202210260954/tools/arm-none-eabi/include/c++/10.3.1/limits:928:7:static constexpr short int std::numeric_limits<short int>::max()	4	static
/opt/st/stm32cubeide_1.11.0/plugins/com.st.stm32cube.ide.mcu.externaltools.gnu-tools-for-stm32.10.3-2021.10.linux64_1.0.100.202210260954/tools/arm-none-eabi/include/c++/10.3.1/limits:1204:7:static constexpr long int std::numeric_limits<long int>::min()	4	static
/opt/st/stm32cubeide_1.11.0/plugins/com.st.stm32cube.ide.mcu.externaltools.gnu-tools-for-stm32.10.3-2021.10.linux64_1.0.100.202210260954/tools/arm-none-eabi/include/c++/10.3.1/limits:1207:7:static constexpr long int std::numeric_limits<long int>::max()	4	static
/opt/st/stm32cubeide_1.11.0/plugins/com.st.stm32cube.ide.mcu.externaltools.gnu-tools-for-stm32.10.3-2021.10.linux64_1.0.100.202210260954/tools/arm-none-eabi/include/c++/10.3.1/limits:1344:7:static constexpr long long int std::numeric_limits<long long int>::min()	4	static
/opt/st/stm32cubeide_1.11.0/plugins/com.st.stm32cube.ide.mcu.externaltools.gnu-tools-for-stm32.10.3-2021.10.linux64_1.0.100.202210260954/tools/arm-none-eabi/include/c++/10.3.1/limits:1347:7:static constexpr long long int std::numeric_limits<long long int>::max()	4	static
/opt/st/stm32cubeide_1.11.0/plugins/com.st.stm32cube.ide.mcu.externaltools.gnu-tools-for-stm32.10.3-2021.10.linux64_1.0.100.202210260954/tools/arm-none-eabi/include/c++/10.3.1/new:174:33:void* operator new(std::size_t, void*)	16	static
/opt/st/stm32cubeide_1.11.0/plugins/com.st.stm32cube.ide.mcu.externaltools.gnu-tools-for-stm32.10.3-2021.10.linux64_1.0.100.202210260954/tools/arm-none-eabi/include/c++/10.3.1/arm-none-eabi/thumb/v7e-m+fp/hard/bits/gthr-default.h:229:1:int __gthread_key_delete(__gthread_key_t)	16	static
../third_party/flatbuffers/include/flatbuffers/base.h:458:15:size_t flatbuffers::PaddingBytes(size_t, size_t)	16	static
../third_party/flatbuffers/include/flatbuffers/buffer.h:34:13:void flatbuffers::EndianCheck()	16	static
../third_party/flatbuffers/include/flatbuffers/allocator.h:28:11:flatbuffers::Allocator::~Allocator()	16	static
../third_party/flatbuffers/include/flatbuffers/allocator.h:28:11:virtual flatbuffers::Allocator::~Allocator()	16	static
../third_party/flatbuffers/include/flatbuffers/allocator.h:41:20:virtual uint8_t* flatbuffers::Allocator::reallocate_downward(uint8_t*, size_t, size_t, size_t, size_t)	48	static
../third_party/flatbuffers/include/flatbuffers/allocator.h:57:8:void flatbuffers::Allocator::memcpy_downward(uint8_t*, size_t, uint8_t*, size_t, size_t, size_t)	24	static
../third_party/flatbuffers/include/flatbuffers/default_allocator.h:41:17:uint8_t* flatbuffers::Allocate(flatbuffers::Allocator*, size_t)	16	static
../third_party/flatbuffers/include/flatbuffers/default_allocator.h:49:17:uint8_t* flatbuffers::ReallocateDownward(flatbuffers::Allocator*, uint8_t*, size_t, size_t, size_t, size_t)	40	static
../third_party/flatbuffers/include/flatbuffers/table.h:29:18:const uint8_t* flatbuffers::Table::GetVTable() const	24	static
../third_party/flatbuffers/include/flatbuffers/table.h:35:13:flatbuffers::voffset_t flatbuffers::Table::GetOptionalFieldOffset(flatbuffers::voffset_t) const	24	static
../third_party/flatbuffers/include/flatbuffers/vector_downward.h:34:12:flatbuffers::vector_downward::vector_downward(size_t, flatbuffers::Allocator*, bool, size_t)	24	static
../third_party/flatbuffers/include/flatbuffers/vector_downward.h:95:8:void flatbuffers::vector_downward::clear_scratch()	16	static
../third_party/flatbuffers/include/flatbuffers/vector_downward.h:135:10:size_t flatbuffers::vector_downward::ensure_space(size_t)	16	static
../third_party/flatbuffers/include/flatbuffers/vector_downward.h:144:19:uint8_t* flatbuffers::vector_downward::make_space(size_t)	16	static
../third_party/flatbuffers/include/flatbuffers/vector_downward.h:156:20:flatbuffers::uoffset_t flatbuffers::vector_downward::size() const	16	static
../third_party/flatbuffers/include/flatbuffers/vector_downward.h:158:13:flatbuffers::uoffset_t flatbuffers::vector_downward::scratch_size() const	16	static
../third_party/flatbuffers/include/flatbuffers/vector_downward.h:164:12:uint8_t* flatbuffers::vector_downward::data() const	16	static
../third_party/flatbuffers/include/flatbuffers/vector_downward.h:169:12:uint8_t* flatbuffers::vector_downward::scratch_data() const	16	static
../third_party/flatbuffers/include/flatbuffers/vector_downward.h:174:12:uint8_t* flatbuffers::vector_downward::scratch_end() const	16	static
../third_party/flatbuffers/include/flatbuffers/vector_downward.h:179:12:uint8_t* flatbuffers::vector_downward::data_at(size_t) const	16	static
../third_party/flatbuffers/include/flatbuffers/vector_downward.h:181:8:void flatbuffers::vector_downward::push(const uint8_t*, size_t)	24	static
../third_party/flatbuffers/include/flatbuffers/vector_downward.h:199:8:void flatbuffers::vector_downward::fill(size_t)	24	static
../third_party/flatbuffers/include/flatbuffers/vector_downward.h:206:8:void flatbuffers::vector_downward::fill_big(size_t)	16	static
../third_party/flatbuffers/include/flatbuffers/vector_downward.h:210:8:void flatbuffers::vector_downward::pop(size_t)	16	static
../third_party/flatbuffers/include/flatbuffers/vector_downward.h:215:8:void flatbuffers::vector_downward::scratch_pop(size_t)	16	static
../third_party/flatbuffers/include/flatbuffers/vector_downward.h:251:8:void flatbuffers::vector_downward::reallocate(size_t)	40	static
../third_party/flatbuffers/include/flatbuffers/flatbuffer_builder.h:40:18:flatbuffers::voffset_t flatbuffers::FieldIndexToOffset(flatbuffers::voffset_t)	24	static
../third_party/flatbuffers/include/flatbuffers/flatbuffer_builder.h:83:12:flatbuffers::FlatBufferBuilder::FlatBufferBuilder(size_t, flatbuffers::Allocator*, bool, size_t)	32	static
../third_party/flatbuffers/include/flatbuffers/flatbuffer_builder.h:160:13:flatbuffers::uoffset_t flatbuffers::FlatBufferBuilder::GetSize() const	16	static
../third_party/flatbuffers/include/flatbuffers/flatbuffer_builder.h:165:12:uint8_t* flatbuffers::FlatBufferBuilder::GetBufferPointer() const	16	static
../third_party/flatbuffers/include/flatbuffers/flatbuffer_builder.h:224:8:void flatbuffers::FlatBufferBuilder::Finished() const	16	static
../third_party/flatbuffers/include/flatbuffers/flatbuffer_builder.h:248:8:void flatbuffers::FlatBufferBuilder::TrackMinAlign(size_t)	16	static
../third_party/flatbuffers/include/flatbuffers/flatbuffer_builder.h:252:8:void flatbuffers::FlatBufferBuilder::Align(size_t)	24	static
../third_party/flatbuffers/include/flatbuffers/flatbuffer_builder.h:262:8:void flatbuffers::FlatBufferBuilder::PushBytes(const uint8_t*, size_t)	24	static
../third_party/flatbuffers/include/flatbuffers/flatbuffer_builder.h:286:8:void flatbuffers::FlatBufferBuilder::TrackField(flatbuffers::voffset_t, flatbuffers::uoffset_t)	32	static
../third_party/flatbuffers/include/flatbuffers/flatbuffer_builder.h:323:13:flatbuffers::uoffset_t flatbuffers::FlatBufferBuilder::ReferTo(flatbuffers::uoffset_t)	24	static
../third_party/flatbuffers/include/flatbuffers/flatbuffer_builder.h:332:8:void flatbuffers::FlatBufferBuilder::NotNested()	16	static
../third_party/flatbuffers/include/flatbuffers/flatbuffer_builder.h:348:13:flatbuffers::uoffset_t flatbuffers::FlatBufferBuilder::StartTable()	16	static
../third_party/flatbuffers/include/flatbuffers/flatbuffer_builder.h:357:13:flatbuffers::uoffset_t flatbuffers::FlatBufferBuilder::EndTable(flatbuffers::uoffset_t)	80	static
../third_party/flatbuffers/include/flatbuffers/flatbuffer_builder.h:437:8:void flatbuffers::FlatBufferBuilder::ClearOffsets()	16	static
../third_party/flatbuffers/include/flatbuffers/flatbuffer_builder.h:445:8:void flatbuffers::FlatBufferBuilder::PreAlign(size_t, size_t)	32	static
../third_party/flatbuffers/include/flatbuffers/flatbuffer_builder.h:460:18:flatbuffers::Offset<flatbuffers::String> flatbuffers::FlatBufferBuilder::CreateString(const char*, size_t)	32	static
../third_party/flatbuffers/include/flatbuffers/flatbuffer_builder.h:472:18:flatbuffers::Offset<flatbuffers::String> flatbuffers::FlatBufferBuilder::CreateString(const char*)	16	static
../third_party/flatbuffers/include/flatbuffers/flatbuffer_builder.h:586:13:flatbuffers::uoffset_t flatbuffers::FlatBufferBuilder::EndVector(size_t)	16	static
../third_party/flatbuffers/include/flatbuffers/flatbuffer_builder.h:592:8:void flatbuffers::FlatBufferBuilder::StartVector(size_t, size_t)	24	static
../third_party/flatbuffers/include/flatbuffers/flatbuffer_builder.h:1114:8:void flatbuffers::FlatBufferBuilder::Finish(flatbuffers::uoffset_t, const char*, bool)	24	static
../tensorflow/tensorflow/lite/schema/schema_generated.h:4204:8:void tflite::QuantizationParametersBuilder::add_min(flatbuffers::Offset<flatbuffers::Vector<float> >)	16	static
../tensorflow/tensorflow/lite/schema/schema_generated.h:4207:8:void tflite::QuantizationParametersBuilder::add_max(flatbuffers::Offset<flatbuffers::Vector<float> >)	16	static
../tensorflow/tensorflow/lite/schema/schema_generated.h:4210:8:void tflite::QuantizationParametersBuilder::add_scale(flatbuffers::Offset<flatbuffers::Vector<float> >)	16	static
../tensorflow/tensorflow/lite/schema/schema_generated.h:4213:8:void tflite::QuantizationParametersBuilder::add_zero_point(flatbuffers::Offset<flatbuffers::Vector<long long int> >)	16	static
../tensorflow/tensorflow/lite/schema/schema_generated.h:4216:8:void tflite::QuantizationParametersBuilder::add_details_type(tflite::QuantizationDetails)	16	static
../tensorflow/tensorflow/lite/schema/schema_generated.h:4219:8:void tflite::QuantizationParametersBuilder::add_details(flatbuffers::Offset<void>)	16	static
../tensorflow/tensorflow/lite/schema/schema_generated.h:4222:8:void tflite::QuantizationParametersBuilder::add_quantized_dimension(int32_t)	16	static
../tensorflow/tensorflow/lite/schema/schema_generated.h:4225:12:tflite::QuantizationParametersBuilder::QuantizationParametersBuilder(flatbuffers::FlatBufferBuilder&)	16	static
../tensorflow/tensorflow/lite/schema/schema_generated.h:4229:47:flatbuffers::Offset<tflite::QuantizationParameters> tflite::QuantizationParametersBuilder::Finish()	24	static
../tensorflow/tensorflow/lite/schema/schema_generated.h:4236:52:flatbuffers::Offset<tflite::QuantizationParameters> tflite::CreateQuantizationParameters(flatbuffers::FlatBufferBuilder&, flatbuffers::Offset<flatbuffers::Vector<float> >, flatbuffers::Offset<flatbuffers::Vector<float> >, flatbuffers::Offset<flatbuffers::Vector<float> >, flatbuffers::Offset<flatbuffers::Vector<long long int> >, tflite::QuantizationDetails, flatbuffers::Offset<void>, int32_t)	32	static
../tensorflow/tensorflow/lite/schema/schema_generated.h:4899:8:void tflite::TensorBuilder::add_shape(flatbuffers::Offset<flatbuffers::Vector<long int> >)	16	static
../tensorflow/tensorflow/lite/schema/schema_generated.h:4902:8:void tflite::TensorBuilder::add_type(tflite::TensorType)	16	static
../tensorflow/tensorflow/lite/schema/schema_generated.h:4905:8:void tflite::TensorBuilder::add_buffer(uint32_t)	16	static
../tensorflow/tensorflow/lite/schema/schema_generated.h:4908:8:void tflite::TensorBuilder::add_name(flatbuffers::Offset<flatbuffers::String>)	16	static
../tensorflow/tensorflow/lite/schema/schema_generated.h:4911:8:void tflite::TensorBuilder::add_quantization(flatbuffers::Offset<tflite::QuantizationParameters>)	16	static
../tensorflow/tensorflow/lite/schema/schema_generated.h:4914:8:void tflite::TensorBuilder::add_is_variable(bool)	16	static
../tensorflow/tensorflow/lite/schema/schema_generated.h:4917:8:void tflite::TensorBuilder::add_sparsity(flatbuffers::Offset<tflite::SparsityParameters>)	16	static
../tensorflow/tensorflow/lite/schema/schema_generated.h:4920:8:void tflite::TensorBuilder::add_shape_signature(flatbuffers::Offset<flatbuffers::Vector<long int> >)	16	static
../tensorflow/tensorflow/lite/schema/schema_generated.h:4923:8:void tflite::TensorBuilder::add_has_rank(bool)	16	static
../tensorflow/tensorflow/lite/schema/schema_generated.h:4926:8:void tflite::TensorBuilder::add_variant_tensors(flatbuffers::Offset<flatbuffers::Vector<flatbuffers::Offset<tflite::VariantSubType> > >)	16	static
../tensorflow/tensorflow/lite/schema/schema_generated.h:4929:12:tflite::TensorBuilder::TensorBuilder(flatbuffers::FlatBufferBuilder&)	16	static
../tensorflow/tensorflow/lite/schema/schema_generated.h:4933:31:flatbuffers::Offset<tflite::Tensor> tflite::TensorBuilder::Finish()	24	static
../tensorflow/tensorflow/lite/schema/schema_generated.h:4940:36:flatbuffers::Offset<tflite::Tensor> tflite::CreateTensor(flatbuffers::FlatBufferBuilder&, flatbuffers::Offset<flatbuffers::Vector<long int> >, tflite::TensorType, uint32_t, flatbuffers::Offset<flatbuffers::String>, flatbuffers::Offset<tflite::QuantizationParameters>, bool, flatbuffers::Offset<tflite::SparsityParameters>, flatbuffers::Offset<flatbuffers::Vector<long int> >, bool, flatbuffers::Offset<flatbuffers::Vector<flatbuffers::Offset<tflite::VariantSubType> > >)	32	static
../tensorflow/tensorflow/lite/schema/schema_generated.h:10159:8:void tflite::IfOptionsBuilder::add_then_subgraph_index(int32_t)	16	static
../tensorflow/tensorflow/lite/schema/schema_generated.h:10162:8:void tflite::IfOptionsBuilder::add_else_subgraph_index(int32_t)	16	static
../tensorflow/tensorflow/lite/schema/schema_generated.h:10165:12:tflite::IfOptionsBuilder::IfOptionsBuilder(flatbuffers::FlatBufferBuilder&)	16	static
../tensorflow/tensorflow/lite/schema/schema_generated.h:10169:34:flatbuffers::Offset<tflite::IfOptions> tflite::IfOptionsBuilder::Finish()	24	static
../tensorflow/tensorflow/lite/schema/schema_generated.h:10176:39:flatbuffers::Offset<tflite::IfOptions> tflite::CreateIfOptions(flatbuffers::FlatBufferBuilder&, int32_t, int32_t)	32	static
../tensorflow/tensorflow/lite/schema/schema_generated.h:10216:8:void tflite::CallOnceOptionsBuilder::add_init_subgraph_index(int32_t)	16	static
../tensorflow/tensorflow/lite/schema/schema_generated.h:10219:12:tflite::CallOnceOptionsBuilder::CallOnceOptionsBuilder(flatbuffers::FlatBufferBuilder&)	16	static
../tensorflow/tensorflow/lite/schema/schema_generated.h:10223:40:flatbuffers::Offset<tflite::CallOnceOptions> tflite::CallOnceOptionsBuilder::Finish()	24	static
../tensorflow/tensorflow/lite/schema/schema_generated.h:10230:45:flatbuffers::Offset<tflite::CallOnceOptions> tflite::CreateCallOnceOptions(flatbuffers::FlatBufferBuilder&, int32_t)	24	static
../tensorflow/tensorflow/lite/schema/schema_generated.h:10274:8:void tflite::WhileOptionsBuilder::add_cond_subgraph_index(int32_t)	16	static
../tensorflow/tensorflow/lite/schema/schema_generated.h:10277:8:void tflite::WhileOptionsBuilder::add_body_subgraph_index(int32_t)	16	static
../tensorflow/tensorflow/lite/schema/schema_generated.h:10280:12:tflite::WhileOptionsBuilder::WhileOptionsBuilder(flatbuffers::FlatBufferBuilder&)	16	static
../tensorflow/tensorflow/lite/schema/schema_generated.h:10284:37:flatbuffers::Offset<tflite::WhileOptions> tflite::WhileOptionsBuilder::Finish()	24	static
../tensorflow/tensorflow/lite/schema/schema_generated.h:10291:42:flatbuffers::Offset<tflite::WhileOptions> tflite::CreateWhileOptions(flatbuffers::FlatBufferBuilder&, int32_t, int32_t)	32	static
../tensorflow/tensorflow/lite/schema/schema_generated.h:11595:8:void tflite::OperatorCodeBuilder::add_deprecated_builtin_code(int8_t)	16	static
../tensorflow/tensorflow/lite/schema/schema_generated.h:11598:8:void tflite::OperatorCodeBuilder::add_custom_code(flatbuffers::Offset<flatbuffers::String>)	16	static
../tensorflow/tensorflow/lite/schema/schema_generated.h:11601:8:void tflite::OperatorCodeBuilder::add_version(int32_t)	16	static
../tensorflow/tensorflow/lite/schema/schema_generated.h:11604:8:void tflite::OperatorCodeBuilder::add_builtin_code(tflite::BuiltinOperator)	16	static
../tensorflow/tensorflow/lite/schema/schema_generated.h:11607:12:tflite::OperatorCodeBuilder::OperatorCodeBuilder(flatbuffers::FlatBufferBuilder&)	16	static
../tensorflow/tensorflow/lite/schema/schema_generated.h:11611:37:flatbuffers::Offset<tflite::OperatorCode> tflite::OperatorCodeBuilder::Finish()	24	static
../tensorflow/tensorflow/lite/schema/schema_generated.h:11618:42:flatbuffers::Offset<tflite::OperatorCode> tflite::CreateOperatorCode(flatbuffers::FlatBufferBuilder&, int8_t, flatbuffers::Offset<flatbuffers::String>, int32_t, tflite::BuiltinOperator)	32	static
../tensorflow/tensorflow/lite/schema/schema_generated.h:11632:42:flatbuffers::Offset<tflite::OperatorCode> tflite::CreateOperatorCodeDirect(flatbuffers::FlatBufferBuilder&, int8_t, const char*, int32_t, tflite::BuiltinOperator)	40	static
../tensorflow/tensorflow/lite/schema/schema_generated.h:12592:8:void tflite::OperatorBuilder::add_opcode_index(uint32_t)	16	static
../tensorflow/tensorflow/lite/schema/schema_generated.h:12595:8:void tflite::OperatorBuilder::add_inputs(flatbuffers::Offset<flatbuffers::Vector<long int> >)	16	static
../tensorflow/tensorflow/lite/schema/schema_generated.h:12598:8:void tflite::OperatorBuilder::add_outputs(flatbuffers::Offset<flatbuffers::Vector<long int> >)	16	static
../tensorflow/tensorflow/lite/schema/schema_generated.h:12601:8:void tflite::OperatorBuilder::add_builtin_options_type(tflite::BuiltinOptions)	16	static
../tensorflow/tensorflow/lite/schema/schema_generated.h:12604:8:void tflite::OperatorBuilder::add_builtin_options(flatbuffers::Offset<void>)	16	static
../tensorflow/tensorflow/lite/schema/schema_generated.h:12607:8:void tflite::OperatorBuilder::add_custom_options(flatbuffers::Offset<flatbuffers::Vector<unsigned char> >)	16	static
../tensorflow/tensorflow/lite/schema/schema_generated.h:12610:8:void tflite::OperatorBuilder::add_custom_options_format(tflite::CustomOptionsFormat)	16	static
../tensorflow/tensorflow/lite/schema/schema_generated.h:12613:8:void tflite::OperatorBuilder::add_mutating_variable_inputs(flatbuffers::Offset<flatbuffers::Vector<unsigned char> >)	16	static
../tensorflow/tensorflow/lite/schema/schema_generated.h:12616:8:void tflite::OperatorBuilder::add_intermediates(flatbuffers::Offset<flatbuffers::Vector<long int> >)	16	static
../tensorflow/tensorflow/lite/schema/schema_generated.h:12619:12:tflite::OperatorBuilder::OperatorBuilder(flatbuffers::FlatBufferBuilder&)	16	static
../tensorflow/tensorflow/lite/schema/schema_generated.h:12623:33:flatbuffers::Offset<tflite::Operator> tflite::OperatorBuilder::Finish()	24	static
../tensorflow/tensorflow/lite/schema/schema_generated.h:12630:38:flatbuffers::Offset<tflite::Operator> tflite::CreateOperator(flatbuffers::FlatBufferBuilder&, uint32_t, flatbuffers::Offset<flatbuffers::Vector<long int> >, flatbuffers::Offset<flatbuffers::Vector<long int> >, tflite::BuiltinOptions, flatbuffers::Offset<void>, flatbuffers::Offset<flatbuffers::Vector<unsigned char> >, tflite::CustomOptionsFormat, flatbuffers::Offset<flatbuffers::Vector<unsigned char> >, flatbuffers::Offset<flatbuffers::Vector<long int> >)	32	static
../tensorflow/tensorflow/lite/schema/schema_generated.h:12708:67:const flatbuffers::Vector<flatbuffers::Offset<tflite::Tensor> >* tflite::SubGraph::tensors() const	16	static
../tensorflow/tensorflow/lite/schema/schema_generated.h:12748:8:void tflite::SubGraphBuilder::add_tensors(flatbuffers::Offset<flatbuffers::Vector<flatbuffers::Offset<tflite::Tensor> > >)	16	static
../tensorflow/tensorflow/lite/schema/schema_generated.h:12751:8:void tflite::SubGraphBuilder::add_inputs(flatbuffers::Offset<flatbuffers::Vector<long int> >)	16	static
../tensorflow/tensorflow/lite/schema/schema_generated.h:12754:8:void tflite::SubGraphBuilder::add_outputs(flatbuffers::Offset<flatbuffers::Vector<long int> >)	16	static
../tensorflow/tensorflow/lite/schema/schema_generated.h:12757:8:void tflite::SubGraphBuilder::add_operators(flatbuffers::Offset<flatbuffers::Vector<flatbuffers::Offset<tflite::Operator> > >)	16	static
../tensorflow/tensorflow/lite/schema/schema_generated.h:12760:8:void tflite::SubGraphBuilder::add_name(flatbuffers::Offset<flatbuffers::String>)	16	static
../tensorflow/tensorflow/lite/schema/schema_generated.h:12763:12:tflite::SubGraphBuilder::SubGraphBuilder(flatbuffers::FlatBufferBuilder&)	16	static
../tensorflow/tensorflow/lite/schema/schema_generated.h:12767:33:flatbuffers::Offset<tflite::SubGraph> tflite::SubGraphBuilder::Finish()	24	static
../tensorflow/tensorflow/lite/schema/schema_generated.h:12774:38:flatbuffers::Offset<tflite::SubGraph> tflite::CreateSubGraph(flatbuffers::FlatBufferBuilder&, flatbuffers::Offset<flatbuffers::Vector<flatbuffers::Offset<tflite::Tensor> > >, flatbuffers::Offset<flatbuffers::Vector<long int> >, flatbuffers::Offset<flatbuffers::Vector<long int> >, flatbuffers::Offset<flatbuffers::Vector<flatbuffers::Offset<tflite::Operator> > >, flatbuffers::Offset<flatbuffers::String>)	32	static
../tensorflow/tensorflow/lite/schema/schema_generated.h:12842:8:void tflite::BufferBuilder::add_data(flatbuffers::Offset<flatbuffers::Vector<unsigned char> >)	16	static
../tensorflow/tensorflow/lite/schema/schema_generated.h:12845:12:tflite::BufferBuilder::BufferBuilder(flatbuffers::FlatBufferBuilder&)	16	static
../tensorflow/tensorflow/lite/schema/schema_generated.h:12849:31:flatbuffers::Offset<tflite::Buffer> tflite::BufferBuilder::Finish()	24	static
../tensorflow/tensorflow/lite/schema/schema_generated.h:12856:36:flatbuffers::Offset<tflite::Buffer> tflite::CreateBuffer(flatbuffers::FlatBufferBuilder&, flatbuffers::Offset<flatbuffers::Vector<unsigned char> >)	24	static
../tensorflow/tensorflow/lite/schema/schema_generated.h:12911:8:void tflite::MetadataBuilder::add_name(flatbuffers::Offset<flatbuffers::String>)	16	static
../tensorflow/tensorflow/lite/schema/schema_generated.h:12914:8:void tflite::MetadataBuilder::add_buffer(uint32_t)	16	static
../tensorflow/tensorflow/lite/schema/schema_generated.h:12917:12:tflite::MetadataBuilder::MetadataBuilder(flatbuffers::FlatBufferBuilder&)	16	static
../tensorflow/tensorflow/lite/schema/schema_generated.h:12921:33:flatbuffers::Offset<tflite::Metadata> tflite::MetadataBuilder::Finish()	24	static
../tensorflow/tensorflow/lite/schema/schema_generated.h:12928:38:flatbuffers::Offset<tflite::Metadata> tflite::CreateMetadata(flatbuffers::FlatBufferBuilder&, flatbuffers::Offset<flatbuffers::String>, uint32_t)	32	static
../tensorflow/tensorflow/lite/schema/schema_generated.h:13172:69:const flatbuffers::Vector<flatbuffers::Offset<tflite::SubGraph> >* tflite::Model::subgraphs() const	16	static
../tensorflow/tensorflow/lite/schema/schema_generated.h:13223:8:void tflite::ModelBuilder::add_version(uint32_t)	16	static
../tensorflow/tensorflow/lite/schema/schema_generated.h:13226:8:void tflite::ModelBuilder::add_operator_codes(flatbuffers::Offset<flatbuffers::Vector<flatbuffers::Offset<tflite::OperatorCode> > >)	16	static
../tensorflow/tensorflow/lite/schema/schema_generated.h:13229:8:void tflite::ModelBuilder::add_subgraphs(flatbuffers::Offset<flatbuffers::Vector<flatbuffers::Offset<tflite::SubGraph> > >)	16	static
../tensorflow/tensorflow/lite/schema/schema_generated.h:13232:8:void tflite::ModelBuilder::add_description(flatbuffers::Offset<flatbuffers::String>)	16	static
../tensorflow/tensorflow/lite/schema/schema_generated.h:13235:8:void tflite::ModelBuilder::add_buffers(flatbuffers::Offset<flatbuffers::Vector<flatbuffers::Offset<tflite::Buffer> > >)	16	static
../tensorflow/tensorflow/lite/schema/schema_generated.h:13238:8:void tflite::ModelBuilder::add_metadata_buffer(flatbuffers::Offset<flatbuffers::Vector<long int> >)	16	static
../tensorflow/tensorflow/lite/schema/schema_generated.h:13241:8:void tflite::ModelBuilder::add_metadata(flatbuffers::Offset<flatbuffers::Vector<flatbuffers::Offset<tflite::Metadata> > >)	16	static
../tensorflow/tensorflow/lite/schema/schema_generated.h:13244:8:void tflite::ModelBuilder::add_signature_defs(flatbuffers::Offset<flatbuffers::Vector<flatbuffers::Offset<tflite::SignatureDef> > >)	16	static
../tensorflow/tensorflow/lite/schema/schema_generated.h:13247:12:tflite::ModelBuilder::ModelBuilder(flatbuffers::FlatBufferBuilder&)	16	static
../tensorflow/tensorflow/lite/schema/schema_generated.h:13251:30:flatbuffers::Offset<tflite::Model> tflite::ModelBuilder::Finish()	24	static
../tensorflow/tensorflow/lite/schema/schema_generated.h:13258:35:flatbuffers::Offset<tflite::Model> tflite::CreateModel(flatbuffers::FlatBufferBuilder&, uint32_t, flatbuffers::Offset<flatbuffers::Vector<flatbuffers::Offset<tflite::OperatorCode> > >, flatbuffers::Offset<flatbuffers::Vector<flatbuffers::Offset<tflite::SubGraph> > >, flatbuffers::Offset<flatbuffers::String>, flatbuffers::Offset<flatbuffers::Vector<flatbuffers::Offset<tflite::Buffer> > >, flatbuffers::Offset<flatbuffers::Vector<long int> >, flatbuffers::Offset<flatbuffers::Vector<flatbuffers::Offset<tflite::Metadata> > >, flatbuffers::Offset<flatbuffers::Vector<flatbuffers::Offset<tflite::SignatureDef> > >)	32	static
../tensorflow/tensorflow/lite/schema/schema_generated.h:20099:20:const char* tflite::ModelIdentifier()	4	static
../tensorflow/tensorflow/lite/schema/schema_generated.h:20127:13:void tflite::FinishModelBuffer(flatbuffers::FlatBufferBuilder&, flatbuffers::Offset<tflite::Model>)	16	static
../tensorflow/tensorflow/lite/portable_type_to_tflitetype.h:61:1:constexpr TfLiteType tflite::typeToTfLiteType() [with T = long int]	4	static
../tensorflow/tensorflow/lite/portable_type_to_tflitetype.h:63:1:constexpr TfLiteType tflite::typeToTfLiteType() [with T = short int]	4	static
../tensorflow/tensorflow/lite/portable_type_to_tflitetype.h:65:1:constexpr TfLiteType tflite::typeToTfLiteType() [with T = long long int]	4	static
../tensorflow/tensorflow/lite/portable_type_to_tflitetype.h:68:1:constexpr TfLiteType tflite::typeToTfLiteType() [with T = signed char]	4	static
../tensorflow/tensorflow/lite/kernels/kernel_util.h:168:16:int64_t tflite::NumElements(const TfLiteIntArray*)	40	static
../tensorflow/tensorflow/lite/micro/micro_context.h:120:22:tflite::MicroContext* tflite::GetMicroContext(const TfLiteContext*)	16	static
../tensorflow/tensorflow/lite/micro/micro_arena_constants.h:24:15:constexpr int tflite::MicroArenaBufferAlignment()	4	static
../third_party/flatbuffers/include/flatbuffers/allocator.h:26:7:constexpr flatbuffers::Allocator::Allocator()	16	static
../tensorflow/tensorflow/lite/micro/test_helpers.cc:45:3:tflite::testing::{anonymous}::StackAllocator::StackAllocator(size_t)	16	static
../tensorflow/tensorflow/lite/micro/test_helpers.cc:49:12:virtual uint8_t* tflite::testing::{anonymous}::StackAllocator::allocate(size_t)	24	static
../tensorflow/tensorflow/lite/micro/test_helpers.cc:57:8:virtual void tflite::testing::{anonymous}::StackAllocator::deallocate(uint8_t*, size_t)	24	static
../tensorflow/tensorflow/lite/micro/test_helpers.cc:59:26:static tflite::testing::{anonymous}::StackAllocator& tflite::testing::{anonymous}::StackAllocator::instance(size_t)	24	static
../tensorflow/tensorflow/lite/micro/test_helpers.cc:76:33:flatbuffers::FlatBufferBuilder* tflite::testing::{anonymous}::BuilderInstance()	32	static
../tensorflow/tensorflow/lite/micro/test_helpers.cc:93:12:tflite::testing::{anonymous}::ModelBuilder::ModelBuilder(flatbuffers::FlatBufferBuilder*)	24	static
../tensorflow/tensorflow/lite/micro/test_helpers.cc:100:10:tflite::testing::{anonymous}::ModelBuilder::Tensor tflite::testing::{anonymous}::ModelBuilder::AddTensor(tflite::TensorType, std::initializer_list<long int>)	32	static
../tensorflow/tensorflow/lite/micro/test_helpers.cc:157:24:tflite::testing::{anonymous}::ModelBuilder::Operator tflite::testing::{anonymous}::ModelBuilder::RegisterOp(tflite::BuiltinOperator, const char*)	40	static
../tensorflow/tensorflow/lite/micro/test_helpers.cc:166:20:tflite::testing::{anonymous}::ModelBuilder::Node tflite::testing::{anonymous}::ModelBuilder::AddNode(tflite::testing::{anonymous}::ModelBuilder::Operator, std::initializer_list<long int>, std::initializer_list<long int>, std::initializer_list<long int>)	96	static
../tensorflow/tensorflow/lite/micro/test_helpers.cc:184:6:void tflite::testing::{anonymous}::ModelBuilder::AddMetadata(const char*, const int32_t*, size_t)	32	static
../tensorflow/tensorflow/lite/micro/test_helpers.cc:198:14:const tflite::Model* tflite::testing::{anonymous}::ModelBuilder::BuildModel(std::initializer_list<long int>, std::initializer_list<long int>, size_t)	168	static
../tensorflow/tensorflow/lite/micro/test_helpers.cc:259:22:tflite::testing::{anonymous}::ModelBuilder::Tensor tflite::testing::{anonymous}::ModelBuilder::AddTensorImpl(tflite::TensorType, bool, std::initializer_list<long int>)	88	static
../tensorflow/tensorflow/lite/micro/test_helpers.cc:271:14:const tflite::Model* tflite::testing::{anonymous}::BuildSimpleStatefulModel()	712	static
../tensorflow/tensorflow/lite/micro/test_helpers.cc:293:14:const tflite::Model* tflite::testing::{anonymous}::BuildSimpleModelWithBranch()	800	static
../tensorflow/tensorflow/lite/micro/test_helpers.cc:333:14:const tflite::Model* tflite::testing::{anonymous}::BuildModelWithOfflinePlanning(int, const int32_t*, tflite::testing::NodeConnection*, int, int)	640	static
../tensorflow/tensorflow/lite/micro/test_helpers.cc:362:14:const tflite::Model* tflite::testing::{anonymous}::BuildModelWithUnusedInputs()	280	static
../tensorflow/tensorflow/lite/micro/test_helpers.cc:428:14:const tflite::Model* tflite::testing::{anonymous}::BuildModelWithUnusedOperatorOutputs()	232	static
../tensorflow/tensorflow/lite/micro/test_helpers.cc:485:14:const tflite::Model* tflite::testing::{anonymous}::BuildModelWith256x256Tensor()	704	static
../tensorflow/tensorflow/lite/micro/test_helpers.cc:505:14:const tflite::Model* tflite::testing::{anonymous}::BuildSimpleMockModel()	312	static
../tensorflow/tensorflow/lite/micro/test_helpers.cc:582:14:const tflite::Model* tflite::testing::{anonymous}::BuildComplexMockModel()	536	static
../tensorflow/tensorflow/lite/micro/test_helpers.cc:734:14:const tflite::Model* tflite::testing::{anonymous}::BuildSimpleMultipleInputsModel()	288	static
../tensorflow/tensorflow/lite/micro/test_helpers.cc:802:14:const tflite::Model* tflite::testing::{anonymous}::BuildSimpleModelWithSubgraphsAndIf()	464	static
../tensorflow/tensorflow/lite/micro/test_helpers.cc:921:14:const tflite::Model* tflite::testing::{anonymous}::BuildSimpleModelWithIfAndEmptySubgraph()	448	static
../tensorflow/tensorflow/lite/micro/test_helpers.cc:1032:14:const tflite::Model* tflite::testing::{anonymous}::BuildSimpleModelWithSubgraphsAndWhile()	472	static
../tensorflow/tensorflow/lite/micro/test_helpers.cc:1214:14:const tflite::Model* tflite::testing::{anonymous}::BuildModelWithIfAndSubgraphInputTensorOverlap()	576	static
../tensorflow/tensorflow/lite/micro/test_helpers.cc:1373:14:const tflite::Model* tflite::testing::{anonymous}::BuildSimpleMockModelWithNullInputsOutputs()	248	static
../tensorflow/tensorflow/lite/micro/test_helpers.cc:1434:27:static const TfLiteRegistration* tflite::testing::SimpleStatefulOp::getRegistration()	8	static
../tensorflow/tensorflow/lite/micro/test_helpers.cc:1438:21:static TfLiteRegistration* tflite::testing::SimpleStatefulOp::GetMutableRegistration()	4	static
../tensorflow/tensorflow/lite/micro/test_helpers.cc:1446:7:static void* tflite::testing::SimpleStatefulOp::Init(TfLiteContext*, const char*, size_t)	32	static
../tensorflow/tensorflow/lite/micro/test_helpers.cc:1458:14:static TfLiteStatus tflite::testing::SimpleStatefulOp::Prepare(TfLiteContext*, TfLiteNode*)	48	static
../tensorflow/tensorflow/lite/micro/test_helpers.cc:1484:14:static TfLiteStatus tflite::testing::SimpleStatefulOp::Invoke(TfLiteContext*, TfLiteNode*)	80	static
../tensorflow/tensorflow/lite/micro/test_helpers.cc:1524:27:static const TfLiteRegistration* tflite::testing::MockCustom::getRegistration()	8	static
../tensorflow/tensorflow/lite/micro/test_helpers.cc:1528:21:static TfLiteRegistration* tflite::testing::MockCustom::GetMutableRegistration()	4	static
../tensorflow/tensorflow/lite/micro/test_helpers.cc:1537:7:static void* tflite::testing::MockCustom::Init(TfLiteContext*, const char*, size_t)	24	static
../tensorflow/tensorflow/lite/micro/test_helpers.cc:1547:6:static void tflite::testing::MockCustom::Free(TfLiteContext*, void*)	16	static
../tensorflow/tensorflow/lite/micro/test_helpers.cc:1549:14:static TfLiteStatus tflite::testing::MockCustom::Prepare(TfLiteContext*, TfLiteNode*)	16	static
../tensorflow/tensorflow/lite/micro/test_helpers.cc:1553:14:static TfLiteStatus tflite::testing::MockCustom::Invoke(TfLiteContext*, TfLiteNode*)	56	static
../tensorflow/tensorflow/lite/micro/test_helpers.cc:1572:27:static const TfLiteRegistration* tflite::testing::MultipleInputs::getRegistration()	8	static
../tensorflow/tensorflow/lite/micro/test_helpers.cc:1576:21:static TfLiteRegistration* tflite::testing::MultipleInputs::GetMutableRegistration()	4	static
../tensorflow/tensorflow/lite/micro/test_helpers.cc:1585:7:static void* tflite::testing::MultipleInputs::Init(TfLiteContext*, const char*, size_t)	24	static
../tensorflow/tensorflow/lite/micro/test_helpers.cc:1595:6:static void tflite::testing::MultipleInputs::Free(TfLiteContext*, void*)	16	static
../tensorflow/tensorflow/lite/micro/test_helpers.cc:1599:14:static TfLiteStatus tflite::testing::MultipleInputs::Prepare(TfLiteContext*, TfLiteNode*)	16	static
../tensorflow/tensorflow/lite/micro/test_helpers.cc:1603:14:static TfLiteStatus tflite::testing::MultipleInputs::Invoke(TfLiteContext*, TfLiteNode*)	64	static
../tensorflow/tensorflow/lite/micro/test_helpers.cc:1627:27:static const TfLiteRegistration* tflite::testing::NoOp::getRegistration()	8	static
../tensorflow/tensorflow/lite/micro/test_helpers.cc:1631:21:static TfLiteRegistration* tflite::testing::NoOp::GetMutableRegistration()	4	static
../tensorflow/tensorflow/lite/micro/test_helpers.cc:1640:7:static void* tflite::testing::NoOp::Init(TfLiteContext*, const char*, size_t)	24	static
../tensorflow/tensorflow/lite/micro/test_helpers.cc:1649:6:static void tflite::testing::NoOp::Free(TfLiteContext*, void*)	16	static
../tensorflow/tensorflow/lite/micro/test_helpers.cc:1651:14:static TfLiteStatus tflite::testing::NoOp::Prepare(TfLiteContext*, TfLiteNode*)	16	static
../tensorflow/tensorflow/lite/micro/test_helpers.cc:1655:14:static TfLiteStatus tflite::testing::NoOp::Invoke(TfLiteContext*, TfLiteNode*)	16	static
../tensorflow/tensorflow/lite/micro/test_helpers.cc:1661:16:tflite::AllOpsResolver tflite::testing::GetOpResolver()	24	static
../tensorflow/tensorflow/lite/micro/test_helpers.cc:1673:14:const tflite::Model* tflite::testing::GetModelWithUnusedInputs()	8	static
../tensorflow/tensorflow/lite/micro/test_helpers.cc:1681:14:const tflite::Model* tflite::testing::GetModelWithUnusedOperatorOutputs()	8	static
../tensorflow/tensorflow/lite/micro/test_helpers.cc:1689:14:const tflite::Model* tflite::testing::GetModelWith256x256Tensor()	8	static
../tensorflow/tensorflow/lite/micro/test_helpers.cc:1694:14:const tflite::Model* tflite::testing::GetSimpleMockModel()	8	static
../tensorflow/tensorflow/lite/micro/test_helpers.cc:1702:14:const tflite::Model* tflite::testing::GetSimpleMultipleInputsModel()	8	static
../tensorflow/tensorflow/lite/micro/test_helpers.cc:1710:14:const tflite::Model* tflite::testing::GetSimpleModelWithSubgraphsAndIf()	8	static
../tensorflow/tensorflow/lite/micro/test_helpers.cc:1718:14:const tflite::Model* tflite::testing::GetSimpleModelWithIfAndEmptySubgraph()	8	static
../tensorflow/tensorflow/lite/micro/test_helpers.cc:1726:14:const tflite::Model* tflite::testing::GetSimpleModelWithSubgraphsAndWhile()	8	static
../tensorflow/tensorflow/lite/micro/test_helpers.cc:1734:14:const tflite::Model* tflite::testing::GetModelWithIfAndSubgraphInputTensorOverlap()	8	static
../tensorflow/tensorflow/lite/micro/test_helpers.cc:1742:14:const tflite::Model* tflite::testing::GetSimpleModelWithNullInputsAndOutputs()	8	static
../tensorflow/tensorflow/lite/micro/test_helpers.cc:1750:14:const tflite::Model* tflite::testing::GetComplexMockModel()	8	static
../tensorflow/tensorflow/lite/micro/test_helpers.cc:1758:14:const tflite::Model* tflite::testing::GetSimpleModelWithBranch()	8	static
../tensorflow/tensorflow/lite/micro/test_helpers.cc:1766:14:const tflite::Model* tflite::testing::GetModelWithOfflinePlanning(int, const int32_t*, tflite::testing::NodeConnection*, int, int)	40	static
../tensorflow/tensorflow/lite/micro/test_helpers.cc:1776:14:const tflite::Model* tflite::testing::GetSimpleStatefulModel()	8	static
../tensorflow/tensorflow/lite/micro/test_helpers.cc:1784:15:const tflite::Tensor* tflite::testing::Create1dFlatbufferTensor(int, bool)	96	static
../tensorflow/tensorflow/lite/micro/test_helpers.cc:1799:15:const tflite::Tensor* tflite::testing::CreateQuantizedFlatbufferTensor(int)	136	static
../tensorflow/tensorflow/lite/micro/test_helpers.cc:1830:15:const tflite::Tensor* tflite::testing::CreateMissingQuantizationFlatbufferTensor(int)	120	static
../tensorflow/tensorflow/lite/micro/test_helpers.cc:1849:1:const flatbuffers::Vector<flatbuffers::Offset<tflite::Buffer> >* tflite::testing::CreateFlatbufferBuffers()	48	static
../tensorflow/tensorflow/lite/micro/test_helpers.cc:1866:5:int tflite::testing::TestStrcmp(const char*, const char*)	16	static
../tensorflow/tensorflow/lite/micro/test_helpers.cc:1880:17:TfLiteIntArray* tflite::testing::IntArrayFromInts(int*)	16	static
../tensorflow/tensorflow/lite/micro/test_helpers.cc:1886:19:TfLiteFloatArray* tflite::testing::FloatArrayFromFloats(const float*)	24	static
../tensorflow/tensorflow/lite/micro/test_helpers.cc:1894:14:TfLiteTensor tflite::testing::CreateQuantizedBiasTensor(const float*, int16_t*, TfLiteIntArray*, float, float, bool)	48	static
../tensorflow/tensorflow/lite/micro/test_helpers.cc:1908:14:TfLiteTensor tflite::testing::CreateQuantizedBiasTensor(const float*, int32_t*, TfLiteIntArray*, float, float, bool)	48	static
../tensorflow/tensorflow/lite/micro/test_helpers.cc:1922:14:TfLiteTensor tflite::testing::CreateQuantizedBiasTensor(const float*, int64_t*, TfLiteIntArray*, float, float, bool)	48	static
../tensorflow/tensorflow/lite/micro/test_helpers.cc:1968:14:TfLiteTensor tflite::testing::CreatePerChannelQuantizedBiasTensor(const float*, int32_t*, TfLiteIntArray*, float, float*, float*, int*, TfLiteAffineQuantization*, int, bool)	56	static
../tensorflow/tensorflow/lite/micro/test_helpers.cc:1978:14:TfLiteTensor tflite::testing::CreatePerChannelQuantizedBiasTensor(const float*, int64_t*, TfLiteIntArray*, float, float*, float*, int*, TfLiteAffineQuantization*, int, bool)	56	static
../tensorflow/tensorflow/lite/micro/test_helpers.cc:1988:14:TfLiteTensor tflite::testing::CreateSymmetricPerChannelQuantizedTensor(const float*, int8_t*, TfLiteIntArray*, float*, int*, TfLiteAffineQuantization*, int, bool, TfLiteType)	40	static
../tensorflow/tensorflow/lite/micro/test_helpers.cc:2013:8:size_t tflite::testing::GetModelTensorCount(const tflite::Model*)	24	static
../tensorflow/tensorflow/lite/micro/test_helpers.cc:2021:6:void tflite::testing::PackInt4ValuesDenselyInPlace(uint8_t*, int)	24	static
../third_party/flatbuffers/include/flatbuffers/base.h:416:24:T flatbuffers::EndianScalar(T) [with T = long unsigned int]	16	static
../third_party/flatbuffers/include/flatbuffers/base.h:427:3:T flatbuffers::ReadScalar(const void*) [with T = long unsigned int]	16	static
../third_party/flatbuffers/include/flatbuffers/base.h:427:3:T flatbuffers::ReadScalar(const void*) [with T = long int]	16	static
../third_party/flatbuffers/include/flatbuffers/base.h:427:3:T flatbuffers::ReadScalar(const void*) [with T = short unsigned int]	16	static
/opt/st/stm32cubeide_1.11.0/plugins/com.st.stm32cube.ide.mcu.externaltools.gnu-tools-for-stm32.10.3-2021.10.linux64_1.0.100.202210260954/tools/arm-none-eabi/include/c++/10.3.1/bits/stl_algobase.h:254:5:constexpr const _Tp& std::max(const _Tp&, const _Tp&) [with _Tp = unsigned int]	16	static
../third_party/flatbuffers/include/flatbuffers/buffer.h:42:51:constexpr size_t flatbuffers::AlignOf() [with T = long long unsigned int]	4	static
../third_party/flatbuffers/include/flatbuffers/vector_downward.h:191:29:void flatbuffers::vector_downward::scratch_push_small(const T&) [with T = flatbuffers::FlatBufferBuilder::FieldLoc]	16	static
../third_party/flatbuffers/include/flatbuffers/flatbuffer_builder.h:272:34:flatbuffers::uoffset_t flatbuffers::FlatBufferBuilder::PushElement(T) [with T = long int]	32	static
/opt/st/stm32cubeide_1.11.0/plugins/com.st.stm32cube.ide.mcu.externaltools.gnu-tools-for-stm32.10.3-2021.10.linux64_1.0.100.202210260954/tools/arm-none-eabi/include/c++/10.3.1/bits/stl_algobase.h:254:5:constexpr const _Tp& std::max(const _Tp&, const _Tp&) [with _Tp = short unsigned int]	16	static
../third_party/flatbuffers/include/flatbuffers/base.h:441:6:void flatbuffers::WriteScalar(void*, T) [with T = short unsigned int]	16	static
../third_party/flatbuffers/include/flatbuffers/vector_downward.h:191:29:void flatbuffers::vector_downward::scratch_push_small(const T&) [with T = long unsigned int]	16	static
../third_party/flatbuffers/include/flatbuffers/base.h:441:6:void flatbuffers::WriteScalar(void*, T) [with T = long int]	16	static
../third_party/flatbuffers/include/flatbuffers/flatbuffer_builder.h:450:29:void flatbuffers::FlatBufferBuilder::PreAlign(size_t) [with T = long unsigned int]	16	static
../third_party/flatbuffers/include/flatbuffers/flatbuffer_builder.h:272:34:flatbuffers::uoffset_t flatbuffers::FlatBufferBuilder::PushElement(T) [with T = long unsigned int]	32	static
../third_party/flatbuffers/include/flatbuffers/buffer.h:29:3:flatbuffers::Offset<T>::Offset(flatbuffers::uoffset_t) [with T = flatbuffers::String]	16	static
../third_party/flatbuffers/include/flatbuffers/flatbuffer_builder.h:272:34:flatbuffers::uoffset_t flatbuffers::FlatBufferBuilder::PushElement(T) [with T = unsigned char]	32	static
../third_party/flatbuffers/include/flatbuffers/buffer.h:29:3:flatbuffers::Offset<T>::Offset(flatbuffers::uoffset_t) [with T = flatbuffers::Vector<unsigned char>]	16	static
../third_party/flatbuffers/include/flatbuffers/flatbuffer_builder.h:304:29:void flatbuffers::FlatBufferBuilder::AddOffset(flatbuffers::voffset_t, flatbuffers::Offset<T>) [with T = flatbuffers::Vector<unsigned char>]	24	static
../third_party/flatbuffers/include/flatbuffers/flatbuffer_builder.h:304:29:void flatbuffers::FlatBufferBuilder::AddOffset(flatbuffers::voffset_t, flatbuffers::Offset<T>) [with T = flatbuffers::Vector<float>]	24	static
../third_party/flatbuffers/include/flatbuffers/flatbuffer_builder.h:304:29:void flatbuffers::FlatBufferBuilder::AddOffset(flatbuffers::voffset_t, flatbuffers::Offset<T>) [with T = flatbuffers::Vector<long long int>]	24	static
../third_party/flatbuffers/include/flatbuffers/flatbuffer_builder.h:294:29:void flatbuffers::FlatBufferBuilder::AddElement(flatbuffers::voffset_t, T, T) [with T = unsigned char]	16	static
../third_party/flatbuffers/include/flatbuffers/flatbuffer_builder.h:304:29:void flatbuffers::FlatBufferBuilder::AddOffset(flatbuffers::voffset_t, flatbuffers::Offset<T>) [with T = void]	24	static
../third_party/flatbuffers/include/flatbuffers/flatbuffer_builder.h:294:29:void flatbuffers::FlatBufferBuilder::AddElement(flatbuffers::voffset_t, T, T) [with T = long int]	24	static
../third_party/flatbuffers/include/flatbuffers/buffer.h:29:3:flatbuffers::Offset<T>::Offset(flatbuffers::uoffset_t) [with T = tflite::QuantizationParameters]	16	static
../third_party/flatbuffers/include/flatbuffers/buffer.h:29:3:flatbuffers::Offset<T>::Offset(flatbuffers::uoffset_t) [with T = flatbuffers::Vector<float>]	16	static
../third_party/flatbuffers/include/flatbuffers/buffer.h:29:3:flatbuffers::Offset<T>::Offset(flatbuffers::uoffset_t) [with T = flatbuffers::Vector<long long int>]	16	static
../third_party/flatbuffers/include/flatbuffers/flatbuffer_builder.h:304:29:void flatbuffers::FlatBufferBuilder::AddOffset(flatbuffers::voffset_t, flatbuffers::Offset<T>) [with T = flatbuffers::Vector<long int>]	24	static
../third_party/flatbuffers/include/flatbuffers/buffer.h:29:3:flatbuffers::Offset<T>::Offset(flatbuffers::uoffset_t) [with T = flatbuffers::Vector<long int>]	16	static
../third_party/flatbuffers/include/flatbuffers/flatbuffer_builder.h:294:29:void flatbuffers::FlatBufferBuilder::AddElement(flatbuffers::voffset_t, T, T) [with T = signed char]	16	static
../third_party/flatbuffers/include/flatbuffers/buffer.h:29:3:flatbuffers::Offset<T>::Offset(flatbuffers::uoffset_t) [with T = tflite::SparsityParameters]	16	static
../third_party/flatbuffers/include/flatbuffers/flatbuffer_builder.h:294:29:void flatbuffers::FlatBufferBuilder::AddElement(flatbuffers::voffset_t, T, T) [with T = long unsigned int]	24	static
../third_party/flatbuffers/include/flatbuffers/flatbuffer_builder.h:304:29:void flatbuffers::FlatBufferBuilder::AddOffset(flatbuffers::voffset_t, flatbuffers::Offset<T>) [with T = flatbuffers::String]	24	static
../third_party/flatbuffers/include/flatbuffers/flatbuffer_builder.h:304:29:void flatbuffers::FlatBufferBuilder::AddOffset(flatbuffers::voffset_t, flatbuffers::Offset<T>) [with T = tflite::QuantizationParameters]	24	static
../third_party/flatbuffers/include/flatbuffers/flatbuffer_builder.h:304:29:void flatbuffers::FlatBufferBuilder::AddOffset(flatbuffers::voffset_t, flatbuffers::Offset<T>) [with T = tflite::SparsityParameters]	24	static
../third_party/flatbuffers/include/flatbuffers/flatbuffer_builder.h:304:29:void flatbuffers::FlatBufferBuilder::AddOffset(flatbuffers::voffset_t, flatbuffers::Offset<T>) [with T = flatbuffers::Vector<flatbuffers::Offset<tflite::VariantSubType> >]	24	static
../third_party/flatbuffers/include/flatbuffers/buffer.h:29:3:flatbuffers::Offset<T>::Offset(flatbuffers::uoffset_t) [with T = tflite::Tensor]	16	static
../third_party/flatbuffers/include/flatbuffers/buffer.h:29:3:flatbuffers::Offset<T>::Offset(flatbuffers::uoffset_t) [with T = flatbuffers::Vector<flatbuffers::Offset<tflite::VariantSubType> >]	16	static
../third_party/flatbuffers/include/flatbuffers/buffer.h:29:3:flatbuffers::Offset<T>::Offset(flatbuffers::uoffset_t) [with T = tflite::IfOptions]	16	static
../third_party/flatbuffers/include/flatbuffers/buffer.h:29:3:flatbuffers::Offset<T>::Offset(flatbuffers::uoffset_t) [with T = tflite::CallOnceOptions]	16	static
../third_party/flatbuffers/include/flatbuffers/buffer.h:29:3:flatbuffers::Offset<T>::Offset(flatbuffers::uoffset_t) [with T = tflite::WhileOptions]	16	static
../third_party/flatbuffers/include/flatbuffers/buffer.h:29:3:flatbuffers::Offset<T>::Offset(flatbuffers::uoffset_t) [with T = tflite::OperatorCode]	16	static
../third_party/flatbuffers/include/flatbuffers/buffer.h:29:3:flatbuffers::Offset<T>::Offset(flatbuffers::uoffset_t) [with T = tflite::Operator]	16	static
../third_party/flatbuffers/include/flatbuffers/table.h:56:26:P flatbuffers::Table::GetPointer(flatbuffers::voffset_t) const [with P = const flatbuffers::Vector<flatbuffers::Offset<tflite::Tensor> >*]	16	static
../third_party/flatbuffers/include/flatbuffers/flatbuffer_builder.h:304:29:void flatbuffers::FlatBufferBuilder::AddOffset(flatbuffers::voffset_t, flatbuffers::Offset<T>) [with T = flatbuffers::Vector<flatbuffers::Offset<tflite::Tensor> >]	24	static
../third_party/flatbuffers/include/flatbuffers/flatbuffer_builder.h:304:29:void flatbuffers::FlatBufferBuilder::AddOffset(flatbuffers::voffset_t, flatbuffers::Offset<T>) [with T = flatbuffers::Vector<flatbuffers::Offset<tflite::Operator> >]	24	static
../third_party/flatbuffers/include/flatbuffers/buffer.h:29:3:flatbuffers::Offset<T>::Offset(flatbuffers::uoffset_t) [with T = tflite::SubGraph]	16	static
../third_party/flatbuffers/include/flatbuffers/buffer.h:29:3:flatbuffers::Offset<T>::Offset(flatbuffers::uoffset_t) [with T = flatbuffers::Vector<flatbuffers::Offset<tflite::Tensor> >]	16	static
../third_party/flatbuffers/include/flatbuffers/buffer.h:29:3:flatbuffers::Offset<T>::Offset(flatbuffers::uoffset_t) [with T = flatbuffers::Vector<flatbuffers::Offset<tflite::Operator> >]	16	static
../third_party/flatbuffers/include/flatbuffers/buffer.h:29:3:flatbuffers::Offset<T>::Offset(flatbuffers::uoffset_t) [with T = tflite::Buffer]	16	static
../third_party/flatbuffers/include/flatbuffers/buffer.h:29:3:flatbuffers::Offset<T>::Offset(flatbuffers::uoffset_t) [with T = tflite::Metadata]	16	static
../third_party/flatbuffers/include/flatbuffers/table.h:56:26:P flatbuffers::Table::GetPointer(flatbuffers::voffset_t) const [with P = const flatbuffers::Vector<flatbuffers::Offset<tflite::SubGraph> >*]	16	static
../third_party/flatbuffers/include/flatbuffers/flatbuffer_builder.h:304:29:void flatbuffers::FlatBufferBuilder::AddOffset(flatbuffers::voffset_t, flatbuffers::Offset<T>) [with T = flatbuffers::Vector<flatbuffers::Offset<tflite::OperatorCode> >]	24	static
../third_party/flatbuffers/include/flatbuffers/flatbuffer_builder.h:304:29:void flatbuffers::FlatBufferBuilder::AddOffset(flatbuffers::voffset_t, flatbuffers::Offset<T>) [with T = flatbuffers::Vector<flatbuffers::Offset<tflite::SubGraph> >]	24	static
../third_party/flatbuffers/include/flatbuffers/flatbuffer_builder.h:304:29:void flatbuffers::FlatBufferBuilder::AddOffset(flatbuffers::voffset_t, flatbuffers::Offset<T>) [with T = flatbuffers::Vector<flatbuffers::Offset<tflite::Buffer> >]	24	static
../third_party/flatbuffers/include/flatbuffers/flatbuffer_builder.h:304:29:void flatbuffers::FlatBufferBuilder::AddOffset(flatbuffers::voffset_t, flatbuffers::Offset<T>) [with T = flatbuffers::Vector<flatbuffers::Offset<tflite::Metadata> >]	24	static
../third_party/flatbuffers/include/flatbuffers/flatbuffer_builder.h:304:29:void flatbuffers::FlatBufferBuilder::AddOffset(flatbuffers::voffset_t, flatbuffers::Offset<T>) [with T = flatbuffers::Vector<flatbuffers::Offset<tflite::SignatureDef> >]	24	static
../third_party/flatbuffers/include/flatbuffers/buffer.h:29:3:flatbuffers::Offset<T>::Offset(flatbuffers::uoffset_t) [with T = tflite::Model]	16	static
../third_party/flatbuffers/include/flatbuffers/buffer.h:29:3:flatbuffers::Offset<T>::Offset(flatbuffers::uoffset_t) [with T = flatbuffers::Vector<flatbuffers::Offset<tflite::OperatorCode> >]	16	static
../third_party/flatbuffers/include/flatbuffers/buffer.h:29:3:flatbuffers::Offset<T>::Offset(flatbuffers::uoffset_t) [with T = flatbuffers::Vector<flatbuffers::Offset<tflite::SubGraph> >]	16	static
../third_party/flatbuffers/include/flatbuffers/buffer.h:29:3:flatbuffers::Offset<T>::Offset(flatbuffers::uoffset_t) [with T = flatbuffers::Vector<flatbuffers::Offset<tflite::Buffer> >]	16	static
../third_party/flatbuffers/include/flatbuffers/buffer.h:29:3:flatbuffers::Offset<T>::Offset(flatbuffers::uoffset_t) [with T = flatbuffers::Vector<flatbuffers::Offset<tflite::Metadata> >]	16	static
../third_party/flatbuffers/include/flatbuffers/buffer.h:29:3:flatbuffers::Offset<T>::Offset(flatbuffers::uoffset_t) [with T = flatbuffers::Vector<flatbuffers::Offset<tflite::SignatureDef> >]	16	static
../third_party/flatbuffers/include/flatbuffers/vector.h:159:13:flatbuffers::uoffset_t flatbuffers::Vector<T>::size() const [with T = flatbuffers::Offset<tflite::Tensor>]	16	static
../third_party/flatbuffers/include/flatbuffers/vector.h:159:13:flatbuffers::uoffset_t flatbuffers::Vector<T>::size() const [with T = flatbuffers::Offset<tflite::SubGraph>]	16	static
../third_party/flatbuffers/include/flatbuffers/vector.h:169:15:flatbuffers::Vector<T>::return_type flatbuffers::Vector<T>::Get(flatbuffers::uoffset_t) const [with T = flatbuffers::Offset<tflite::SubGraph>]	16	static
../third_party/flatbuffers/include/flatbuffers/buffer.h:29:3:flatbuffers::Offset<T>::Offset(flatbuffers::uoffset_t) [with T = void]	16	static
../third_party/flatbuffers/include/flatbuffers/buffer.h:30:16:flatbuffers::Offset<void> flatbuffers::Offset<T>::Union() const [with T = tflite::IfOptions]	24	static
../third_party/flatbuffers/include/flatbuffers/buffer.h:30:16:flatbuffers::Offset<void> flatbuffers::Offset<T>::Union() const [with T = tflite::WhileOptions]	24	static
../third_party/flatbuffers/include/flatbuffers/buffer.h:30:16:flatbuffers::Offset<void> flatbuffers::Offset<T>::Union() const [with T = tflite::CallOnceOptions]	24	static
../third_party/flatbuffers/include/flatbuffers/buffer.h:132:31:const T* flatbuffers::GetRoot(const void*) [with T = tflite::Model]	16	static
../third_party/flatbuffers/include/flatbuffers/flatbuffer_builder.h:1084:8:void flatbuffers::FlatBufferBuilder::Finish(flatbuffers::Offset<T>, const char*) [with T = tflite::Model]	24	static
/opt/st/stm32cubeide_1.11.0/plugins/com.st.stm32cube.ide.mcu.externaltools.gnu-tools-for-stm32.10.3-2021.10.linux64_1.0.100.202210260954/tools/arm-none-eabi/include/c++/10.3.1/initializer_list:66:17:constexpr std::initializer_list<_E>::initializer_list() [with _E = long int]	16	static
../third_party/flatbuffers/include/flatbuffers/buffer.h:28:3:flatbuffers::Offset<T>::Offset() [with T = tflite::OperatorCode]	16	static
../third_party/flatbuffers/include/flatbuffers/buffer.h:28:3:flatbuffers::Offset<T>::Offset() [with T = tflite::Operator]	16	static
../third_party/flatbuffers/include/flatbuffers/buffer.h:28:3:flatbuffers::Offset<T>::Offset() [with T = tflite::Tensor]	16	static
../third_party/flatbuffers/include/flatbuffers/buffer.h:28:3:flatbuffers::Offset<T>::Offset() [with T = tflite::Metadata]	16	static
../third_party/flatbuffers/include/flatbuffers/buffer.h:28:3:flatbuffers::Offset<T>::Offset() [with T = tflite::Buffer]	16	static
/opt/st/stm32cubeide_1.11.0/plugins/com.st.stm32cube.ide.mcu.externaltools.gnu-tools-for-stm32.10.3-2021.10.linux64_1.0.100.202210260954/tools/arm-none-eabi/include/c++/10.3.1/initializer_list:75:7:constexpr const _E* std::initializer_list<_E>::begin() const [with _E = long int]	16	static
/opt/st/stm32cubeide_1.11.0/plugins/com.st.stm32cube.ide.mcu.externaltools.gnu-tools-for-stm32.10.3-2021.10.linux64_1.0.100.202210260954/tools/arm-none-eabi/include/c++/10.3.1/initializer_list:71:7:constexpr std::initializer_list<_E>::size_type std::initializer_list<_E>::size() const [with _E = long int]	16	static
../third_party/flatbuffers/include/flatbuffers/flatbuffer_builder.h:626:42:flatbuffers::Offset<flatbuffers::Vector<U> > flatbuffers::FlatBufferBuilder::CreateVector(const T*, size_t) [with T = long int]	32	static
../third_party/flatbuffers/include/flatbuffers/flatbuffer_builder.h:626:42:flatbuffers::Offset<flatbuffers::Vector<U> > flatbuffers::FlatBufferBuilder::CreateVector(const T*, size_t) [with T = unsigned char]	32	static
../third_party/flatbuffers/include/flatbuffers/flatbuffer_builder.h:670:29:flatbuffers::Offset<flatbuffers::Vector<flatbuffers::Offset<T> > > flatbuffers::FlatBufferBuilder::CreateVector(const flatbuffers::Offset<T>*, size_t) [with T = tflite::Tensor]	32	static
../third_party/flatbuffers/include/flatbuffers/flatbuffer_builder.h:670:29:flatbuffers::Offset<flatbuffers::Vector<flatbuffers::Offset<T> > > flatbuffers::FlatBufferBuilder::CreateVector(const flatbuffers::Offset<T>*, size_t) [with T = tflite::Operator]	32	static
../third_party/flatbuffers/include/flatbuffers/buffer.h:28:3:flatbuffers::Offset<T>::Offset() [with T = tflite::Model]	16	static
../third_party/flatbuffers/include/flatbuffers/flatbuffer_builder.h:670:29:flatbuffers::Offset<flatbuffers::Vector<flatbuffers::Offset<T> > > flatbuffers::FlatBufferBuilder::CreateVector(const flatbuffers::Offset<T>*, size_t) [with T = tflite::OperatorCode]	32	static
../third_party/flatbuffers/include/flatbuffers/flatbuffer_builder.h:670:29:flatbuffers::Offset<flatbuffers::Vector<flatbuffers::Offset<T> > > flatbuffers::FlatBufferBuilder::CreateVector(const flatbuffers::Offset<T>*, size_t) [with T = tflite::SubGraph]	32	static
../third_party/flatbuffers/include/flatbuffers/flatbuffer_builder.h:670:29:flatbuffers::Offset<flatbuffers::Vector<flatbuffers::Offset<T> > > flatbuffers::FlatBufferBuilder::CreateVector(const flatbuffers::Offset<T>*, size_t) [with T = tflite::Buffer]	32	static
../third_party/flatbuffers/include/flatbuffers/flatbuffer_builder.h:670:29:flatbuffers::Offset<flatbuffers::Vector<flatbuffers::Offset<T> > > flatbuffers::FlatBufferBuilder::CreateVector(const flatbuffers::Offset<T>*, size_t) [with T = tflite::Metadata]	32	static
../third_party/flatbuffers/include/flatbuffers/buffer.h:28:3:flatbuffers::Offset<T>::Offset() [with T = flatbuffers::Vector<long int>]	16	static
/opt/st/stm32cubeide_1.11.0/plugins/com.st.stm32cube.ide.mcu.externaltools.gnu-tools-for-stm32.10.3-2021.10.linux64_1.0.100.202210260954/tools/arm-none-eabi/include/c++/10.3.1/bits/move.h:101:5:constexpr typename std::remove_reference<_Tp>::type&& std::move(_Tp&&) [with _Tp = unsigned char&]	16	static
/opt/st/stm32cubeide_1.11.0/plugins/com.st.stm32cube.ide.mcu.externaltools.gnu-tools-for-stm32.10.3-2021.10.linux64_1.0.100.202210260954/tools/arm-none-eabi/include/c++/10.3.1/bits/move.h:189:5:std::_Require<std::__not_<std::__is_tuple_like<_Tp> >, std::is_move_constructible<_Tp>, std::is_move_assignable<_Tp> > std::swap(_Tp&, _Tp&) [with _Tp = unsigned char]	24	static
../tensorflow/tensorflow/lite/micro/micro_mutable_op_resolver.h:87:16:TfLiteStatus tflite::MicroMutableOpResolver<tOpCount>::AddCustom(const char*, TfLiteRegistration*) [with unsigned int tOpCount = 128]	40	static
../third_party/flatbuffers/include/flatbuffers/flatbuffer_builder.h:1084:8:void flatbuffers::FlatBufferBuilder::Finish(flatbuffers::Offset<T>, const char*) [with T = tflite::Tensor]	24	static
../third_party/flatbuffers/include/flatbuffers/buffer.h:132:31:const T* flatbuffers::GetRoot(const void*) [with T = tflite::Tensor]	16	static
../third_party/flatbuffers/include/flatbuffers/flatbuffer_builder.h:626:42:flatbuffers::Offset<flatbuffers::Vector<U> > flatbuffers::FlatBufferBuilder::CreateVector(const T*, size_t) [with T = float]	32	static
../third_party/flatbuffers/include/flatbuffers/flatbuffer_builder.h:626:42:flatbuffers::Offset<flatbuffers::Vector<U> > flatbuffers::FlatBufferBuilder::CreateVector(const T*, size_t) [with T = long long int]	32	static
../third_party/flatbuffers/include/flatbuffers/flatbuffer_builder.h:1084:8:void flatbuffers::FlatBufferBuilder::Finish(flatbuffers::Offset<T>, const char*) [with T = flatbuffers::Vector<flatbuffers::Offset<tflite::Buffer> >]	24	static
../third_party/flatbuffers/include/flatbuffers/buffer.h:132:31:const T* flatbuffers::GetRoot(const void*) [with T = flatbuffers::Vector<flatbuffers::Offset<tflite::Buffer> >]	16	static
../tensorflow/tensorflow/lite/micro/micro_utils.h:83:6:void tflite::SymmetricQuantize(const float*, T*, int, float) [with T = short int]	40	static
../tensorflow/tensorflow/lite/micro/test_helpers.h:239:14:TfLiteTensor tflite::testing::CreateQuantizedTensor(const T*, TfLiteIntArray*, float, int, bool, TfLiteType) [with T = short int]	40	static
../tensorflow/tensorflow/lite/micro/micro_utils.h:83:6:void tflite::SymmetricQuantize(const float*, T*, int, float) [with T = long int]	40	static
../tensorflow/tensorflow/lite/micro/test_helpers.h:239:14:TfLiteTensor tflite::testing::CreateQuantizedTensor(const T*, TfLiteIntArray*, float, int, bool, TfLiteType) [with T = long int]	40	static
../tensorflow/tensorflow/lite/micro/micro_utils.h:83:6:void tflite::SymmetricQuantize(const float*, T*, int, float) [with T = long long int]	40	static
../tensorflow/tensorflow/lite/micro/test_helpers.h:239:14:TfLiteTensor tflite::testing::CreateQuantizedTensor(const T*, TfLiteIntArray*, float, int, bool, TfLiteType) [with T = long long int]	40	static
../tensorflow/tensorflow/lite/micro/test_helpers.cc:1940:14:TfLiteTensor tflite::testing::CreatePerChannelQuantizedBiasTensor(const float*, T*, TfLiteIntArray*, float, float*, float*, int*, TfLiteAffineQuantization*, int, bool) [with T = long int]	56	static
../tensorflow/tensorflow/lite/micro/test_helpers.cc:1940:14:TfLiteTensor tflite::testing::CreatePerChannelQuantizedBiasTensor(const float*, T*, TfLiteIntArray*, float, float*, float*, int*, TfLiteAffineQuantization*, int, bool) [with T = long long int]	56	static
../tensorflow/tensorflow/lite/micro/test_helpers.h:209:14:TfLiteTensor tflite::testing::CreateTensor(const T*, TfLiteIntArray*, bool, TfLiteType) [with T = signed char]	32	static
../third_party/flatbuffers/include/flatbuffers/vector.h:174:15:flatbuffers::Vector<T>::return_type flatbuffers::Vector<T>::operator[](flatbuffers::uoffset_t) const [with T = flatbuffers::Offset<tflite::SubGraph>]	16	static
../third_party/flatbuffers/include/flatbuffers/base.h:416:24:T flatbuffers::EndianScalar(T) [with T = long int]	16	static
../third_party/flatbuffers/include/flatbuffers/base.h:416:24:T flatbuffers::EndianScalar(T) [with T = short unsigned int]	16	static
../third_party/flatbuffers/include/flatbuffers/base.h:416:24:T flatbuffers::EndianScalar(T) [with T = unsigned char]	16	static
../third_party/flatbuffers/include/flatbuffers/flatbuffer_builder.h:266:29:void flatbuffers::FlatBufferBuilder::AssertScalarT() [with T = long int]	16	static
../third_party/flatbuffers/include/flatbuffers/vector_downward.h:186:29:void flatbuffers::vector_downward::push_small(const T&) [with T = long int]	16	static
../third_party/flatbuffers/include/flatbuffers/flatbuffer_builder.h:266:29:void flatbuffers::FlatBufferBuilder::AssertScalarT() [with T = long unsigned int]	16	static
../third_party/flatbuffers/include/flatbuffers/vector_downward.h:186:29:void flatbuffers::vector_downward::push_small(const T&) [with T = long unsigned int]	16	static
../third_party/flatbuffers/include/flatbuffers/flatbuffer_builder.h:266:29:void flatbuffers::FlatBufferBuilder::AssertScalarT() [with T = unsigned char]	16	static
../third_party/flatbuffers/include/flatbuffers/vector_downward.h:186:29:void flatbuffers::vector_downward::push_small(const T&) [with T = unsigned char]	16	static
../third_party/flatbuffers/include/flatbuffers/buffer.h:31:8:bool flatbuffers::Offset<T>::IsNull() const [with T = flatbuffers::Vector<unsigned char>]	16	static
../third_party/flatbuffers/include/flatbuffers/buffer.h:31:8:bool flatbuffers::Offset<T>::IsNull() const [with T = flatbuffers::Vector<float>]	16	static
../third_party/flatbuffers/include/flatbuffers/buffer.h:31:8:bool flatbuffers::Offset<T>::IsNull() const [with T = flatbuffers::Vector<long long int>]	16	static
../third_party/flatbuffers/include/flatbuffers/base.h:465:34:bool flatbuffers::IsTheSameAs(T, T) [with T = unsigned char]	16	static
../third_party/flatbuffers/include/flatbuffers/buffer.h:31:8:bool flatbuffers::Offset<T>::IsNull() const [with T = void]	16	static
../third_party/flatbuffers/include/flatbuffers/base.h:465:34:bool flatbuffers::IsTheSameAs(T, T) [with T = long int]	16	static
../third_party/flatbuffers/include/flatbuffers/buffer.h:31:8:bool flatbuffers::Offset<T>::IsNull() const [with T = flatbuffers::Vector<long int>]	16	static
../third_party/flatbuffers/include/flatbuffers/base.h:465:34:bool flatbuffers::IsTheSameAs(T, T) [with T = signed char]	16	static
../third_party/flatbuffers/include/flatbuffers/flatbuffer_builder.h:272:34:flatbuffers::uoffset_t flatbuffers::FlatBufferBuilder::PushElement(T) [with T = signed char]	32	static
../third_party/flatbuffers/include/flatbuffers/base.h:465:34:bool flatbuffers::IsTheSameAs(T, T) [with T = long unsigned int]	16	static
../third_party/flatbuffers/include/flatbuffers/buffer.h:31:8:bool flatbuffers::Offset<T>::IsNull() const [with T = flatbuffers::String]	16	static
../third_party/flatbuffers/include/flatbuffers/buffer.h:31:8:bool flatbuffers::Offset<T>::IsNull() const [with T = tflite::QuantizationParameters]	16	static
../third_party/flatbuffers/include/flatbuffers/buffer.h:31:8:bool flatbuffers::Offset<T>::IsNull() const [with T = tflite::SparsityParameters]	16	static
../third_party/flatbuffers/include/flatbuffers/buffer.h:31:8:bool flatbuffers::Offset<T>::IsNull() const [with T = flatbuffers::Vector<flatbuffers::Offset<tflite::VariantSubType> >]	16	static
../third_party/flatbuffers/include/flatbuffers/table.h:50:26:P flatbuffers::Table::GetPointer(flatbuffers::voffset_t) [with P = const flatbuffers::Vector<flatbuffers::Offset<tflite::Tensor> >*]	24	static
../third_party/flatbuffers/include/flatbuffers/buffer.h:31:8:bool flatbuffers::Offset<T>::IsNull() const [with T = flatbuffers::Vector<flatbuffers::Offset<tflite::Tensor> >]	16	static
../third_party/flatbuffers/include/flatbuffers/buffer.h:31:8:bool flatbuffers::Offset<T>::IsNull() const [with T = flatbuffers::Vector<flatbuffers::Offset<tflite::Operator> >]	16	static
../third_party/flatbuffers/include/flatbuffers/table.h:50:26:P flatbuffers::Table::GetPointer(flatbuffers::voffset_t) [with P = const flatbuffers::Vector<flatbuffers::Offset<tflite::SubGraph> >*]	24	static
../third_party/flatbuffers/include/flatbuffers/buffer.h:31:8:bool flatbuffers::Offset<T>::IsNull() const [with T = flatbuffers::Vector<flatbuffers::Offset<tflite::OperatorCode> >]	16	static
../third_party/flatbuffers/include/flatbuffers/buffer.h:31:8:bool flatbuffers::Offset<T>::IsNull() const [with T = flatbuffers::Vector<flatbuffers::Offset<tflite::SubGraph> >]	16	static
../third_party/flatbuffers/include/flatbuffers/buffer.h:31:8:bool flatbuffers::Offset<T>::IsNull() const [with T = flatbuffers::Vector<flatbuffers::Offset<tflite::Buffer> >]	16	static
../third_party/flatbuffers/include/flatbuffers/buffer.h:31:8:bool flatbuffers::Offset<T>::IsNull() const [with T = flatbuffers::Vector<flatbuffers::Offset<tflite::Metadata> >]	16	static
../third_party/flatbuffers/include/flatbuffers/buffer.h:31:8:bool flatbuffers::Offset<T>::IsNull() const [with T = flatbuffers::Vector<flatbuffers::Offset<tflite::SignatureDef> >]	16	static
../third_party/flatbuffers/include/flatbuffers/buffer.h:84:22:static const T* flatbuffers::IndirectHelper<flatbuffers::Offset<T> >::Read(const uint8_t*, flatbuffers::uoffset_t) [with T = tflite::SubGraph]	16	static
../third_party/flatbuffers/include/flatbuffers/vector.h:247:18:const uint8_t* flatbuffers::Vector<T>::Data() const [with T = flatbuffers::Offset<tflite::SubGraph>]	16	static
../third_party/flatbuffers/include/flatbuffers/buffer.h:120:25:T* flatbuffers::GetMutableRoot(void*) [with T = tflite::Model]	16	static
../third_party/flatbuffers/include/flatbuffers/flatbuffer_builder.h:279:34:flatbuffers::uoffset_t flatbuffers::FlatBufferBuilder::PushElement(flatbuffers::Offset<T>) [with T = tflite::Tensor]	16	static
../third_party/flatbuffers/include/flatbuffers/flatbuffer_builder.h:279:34:flatbuffers::uoffset_t flatbuffers::FlatBufferBuilder::PushElement(flatbuffers::Offset<T>) [with T = tflite::Operator]	16	static
../third_party/flatbuffers/include/flatbuffers/flatbuffer_builder.h:279:34:flatbuffers::uoffset_t flatbuffers::FlatBufferBuilder::PushElement(flatbuffers::Offset<T>) [with T = tflite::OperatorCode]	16	static
../third_party/flatbuffers/include/flatbuffers/flatbuffer_builder.h:279:34:flatbuffers::uoffset_t flatbuffers::FlatBufferBuilder::PushElement(flatbuffers::Offset<T>) [with T = tflite::SubGraph]	16	static
../third_party/flatbuffers/include/flatbuffers/flatbuffer_builder.h:279:34:flatbuffers::uoffset_t flatbuffers::FlatBufferBuilder::PushElement(flatbuffers::Offset<T>) [with T = tflite::Buffer]	16	static
../third_party/flatbuffers/include/flatbuffers/flatbuffer_builder.h:279:34:flatbuffers::uoffset_t flatbuffers::FlatBufferBuilder::PushElement(flatbuffers::Offset<T>) [with T = tflite::Metadata]	16	static
../third_party/flatbuffers/include/flatbuffers/buffer.h:120:25:T* flatbuffers::GetMutableRoot(void*) [with T = tflite::Tensor]	16	static
../third_party/flatbuffers/include/flatbuffers/flatbuffer_builder.h:266:29:void flatbuffers::FlatBufferBuilder::AssertScalarT() [with T = float]	16	static
../third_party/flatbuffers/include/flatbuffers/flatbuffer_builder.h:266:29:void flatbuffers::FlatBufferBuilder::AssertScalarT() [with T = long long int]	16	static
../third_party/flatbuffers/include/flatbuffers/buffer.h:120:25:T* flatbuffers::GetMutableRoot(void*) [with T = flatbuffers::Vector<flatbuffers::Offset<tflite::Buffer> >]	16	static
../tensorflow/tensorflow/lite/micro/micro_utils.h:52:3:T tflite::FloatToSymmetricQuantizedType(float, float) [with T = short int]	56	static
../tensorflow/tensorflow/lite/micro/test_helpers.h:209:14:TfLiteTensor tflite::testing::CreateTensor(const T*, TfLiteIntArray*, bool, TfLiteType) [with T = short int]	32	static
../tensorflow/tensorflow/lite/micro/micro_utils.h:52:3:T tflite::FloatToSymmetricQuantizedType(float, float) [with T = long int]	56	static
../tensorflow/tensorflow/lite/micro/test_helpers.h:209:14:TfLiteTensor tflite::testing::CreateTensor(const T*, TfLiteIntArray*, bool, TfLiteType) [with T = long int]	32	static
../tensorflow/tensorflow/lite/micro/micro_utils.h:52:3:T tflite::FloatToSymmetricQuantizedType(float, float) [with T = long long int]	48	static
../tensorflow/tensorflow/lite/micro/test_helpers.h:209:14:TfLiteTensor tflite::testing::CreateTensor(const T*, TfLiteIntArray*, bool, TfLiteType) [with T = long long int]	32	static
../tensorflow/tensorflow/lite/micro/micro_utils.h:91:6:void tflite::SymmetricPerChannelQuantize(const float*, T*, int, int, float*) [with T = long int]	48	static
../tensorflow/tensorflow/lite/micro/micro_utils.h:91:6:void tflite::SymmetricPerChannelQuantize(const float*, T*, int, int, float*) [with T = long long int]	48	static
../tensorflow/tensorflow/lite/kernels/internal/tensor_ctypes.h:24:11:T* tflite::GetTensorData(TfLiteTensor*) [with T = unsigned char]	16	static
../third_party/flatbuffers/include/flatbuffers/base.h:416:24:T flatbuffers::EndianScalar(T) [with T = signed char]	16	static
../third_party/flatbuffers/include/flatbuffers/flatbuffer_builder.h:266:29:void flatbuffers::FlatBufferBuilder::AssertScalarT() [with T = signed char]	16	static
../third_party/flatbuffers/include/flatbuffers/vector_downward.h:186:29:void flatbuffers::vector_downward::push_small(const T&) [with T = signed char]	16	static
/opt/st/stm32cubeide_1.11.0/plugins/com.st.stm32cube.ide.mcu.externaltools.gnu-tools-for-stm32.10.3-2021.10.linux64_1.0.100.202210260954/tools/arm-none-eabi/include/c++/10.3.1/bits/stl_algobase.h:254:5:constexpr const _Tp& std::max(const _Tp&, const _Tp&) [with _Tp = long long int]	16	static
/opt/st/stm32cubeide_1.11.0/plugins/com.st.stm32cube.ide.mcu.externaltools.gnu-tools-for-stm32.10.3-2021.10.linux64_1.0.100.202210260954/tools/arm-none-eabi/include/c++/10.3.1/bits/stl_algobase.h:230:5:constexpr const _Tp& std::min(const _Tp&, const _Tp&) [with _Tp = long long int]	16	static
../tensorflow/tensorflow/lite/micro/test_helpers.cc:43:7:tflite::testing::{anonymous}::StackAllocator::~StackAllocator()	16	static
../tensorflow/tensorflow/lite/micro/test_helpers.cc:43:7:virtual tflite::testing::{anonymous}::StackAllocator::~StackAllocator()	16	static
