/opt/st/stm32cubeide_1.11.0/plugins/com.st.stm32cube.ide.mcu.externaltools.gnu-tools-for-stm32.10.3-2021.10.linux64_1.0.100.202210260954/tools/arm-none-eabi/include/c++/10.3.1/arm-none-eabi/thumb/v7e-m+fp/hard/bits/gthr-default.h:229:1:int __gthread_key_delete(__gthread_key_t)	16	static
../tensorflow/tensorflow/lite/micro/test_helper_custom_ops.cc:39:27:static const TfLiteRegistration* tflite::testing::PackerOp::getRegistration()	8	static
../tensorflow/tensorflow/lite/micro/test_helper_custom_ops.cc:43:21:static TfLiteRegistration* tflite::testing::PackerOp::GetMutableRegistration()	4	static
../tensorflow/tensorflow/lite/micro/test_helper_custom_ops.cc:52:7:static void* tflite::testing::PackerOp::Init(TfLiteContext*, const char*, size_t)	24	static
../tensorflow/tensorflow/lite/micro/test_helper_custom_ops.cc:59:6:static void tflite::testing::PackerOp::Free(TfLiteContext*, void*)	16	static
../tensorflow/tensorflow/lite/micro/test_helper_custom_ops.cc:61:14:static TfLiteStatus tflite::testing::PackerOp::Prepare(TfLiteContext*, TfLiteNode*)	16	static
../tensorflow/tensorflow/lite/micro/test_helper_custom_ops.cc:65:14:static TfLiteStatus tflite::testing::PackerOp::Invoke(TfLiteContext*, TfLiteNode*)	88	static
