/opt/st/stm32cubeide_1.11.0/plugins/com.st.stm32cube.ide.mcu.externaltools.gnu-tools-for-stm32.10.3-2021.10.linux64_1.0.100.202210260954/tools/arm-none-eabi/include/c++/10.3.1/new:174:33:void* operator new(std::size_t, void*)	16	static
../tensorflow/tensorflow/lite/micro/arena_allocator/recording_single_arena_buffer_allocator.cc:24:1:tflite::RecordingSingleArenaBufferAllocator::RecordingSingleArenaBufferAllocator(uint8_t*, size_t)	24	static
../tensorflow/tensorflow/lite/micro/arena_allocator/recording_single_arena_buffer_allocator.cc:32:1:tflite::RecordingSingleArenaBufferAllocator::~RecordingSingleArenaBufferAllocator()	16	static
../tensorflow/tensorflow/lite/micro/arena_allocator/recording_single_arena_buffer_allocator.cc:32:1:virtual tflite::RecordingSingleArenaBufferAllocator::~RecordingSingleArenaBufferAllocator()	16	static
../tensorflow/tensorflow/lite/micro/arena_allocator/ibuffer_allocator.h:47:7:constexpr tflite::INonPersistentBufferAllocator::INonPersistentBufferAllocator(const tflite::INonPersistentBufferAllocator&)	16	static
../tensorflow/tensorflow/lite/micro/arena_allocator/ibuffer_allocator.h:32:7:constexpr tflite::IPersistentBufferAllocator::IPersistentBufferAllocator(const tflite::IPersistentBufferAllocator&)	16	static
../tensorflow/tensorflow/lite/micro/arena_allocator/single_arena_buffer_allocator.h:31:7:constexpr tflite::SingleArenaBufferAllocator::SingleArenaBufferAllocator(const tflite::SingleArenaBufferAllocator&)	16	static
../tensorflow/tensorflow/lite/micro/arena_allocator/recording_single_arena_buffer_allocator.h:27:7:constexpr tflite::RecordingSingleArenaBufferAllocator::RecordingSingleArenaBufferAllocator(const tflite::RecordingSingleArenaBufferAllocator&)	16	static
../tensorflow/tensorflow/lite/micro/arena_allocator/recording_single_arena_buffer_allocator.cc:35:1:static tflite::RecordingSingleArenaBufferAllocator* tflite::RecordingSingleArenaBufferAllocator::Create(uint8_t*, size_t)	80	static
../tensorflow/tensorflow/lite/micro/arena_allocator/recording_single_arena_buffer_allocator.cc:48:8:size_t tflite::RecordingSingleArenaBufferAllocator::GetRequestedBytes() const	16	static
../tensorflow/tensorflow/lite/micro/arena_allocator/recording_single_arena_buffer_allocator.cc:52:8:size_t tflite::RecordingSingleArenaBufferAllocator::GetUsedBytes() const	16	static
../tensorflow/tensorflow/lite/micro/arena_allocator/recording_single_arena_buffer_allocator.cc:56:8:size_t tflite::RecordingSingleArenaBufferAllocator::GetAllocatedCount() const	16	static
../tensorflow/tensorflow/lite/micro/arena_allocator/recording_single_arena_buffer_allocator.cc:60:14:virtual TfLiteStatus tflite::RecordingSingleArenaBufferAllocator::ResizeBuffer(uint8_t*, size_t, size_t)	32	static
../tensorflow/tensorflow/lite/micro/arena_allocator/recording_single_arena_buffer_allocator.cc:72:10:virtual uint8_t* tflite::RecordingSingleArenaBufferAllocator::AllocatePersistentBuffer(size_t, size_t)	32	static
