../tensorflow/tensorflow/lite/micro/arena_allocator/ibuffer_allocator.h:34:3:tflite::IPersistentBufferAllocator::IPersistentBufferAllocator()	16	static
../tensorflow/tensorflow/lite/micro/arena_allocator/ibuffer_allocator.h:35:11:tflite::IPersistentBufferAllocator::~IPersistentBufferAllocator()	16	static
../tensorflow/tensorflow/lite/micro/arena_allocator/ibuffer_allocator.h:35:11:virtual tflite::IPersistentBufferAllocator::~IPersistentBufferAllocator()	16	static
../tensorflow/tensorflow/lite/micro/arena_allocator/ibuffer_allocator.h:49:3:tflite::INonPersistentBufferAllocator::INonPersistentBufferAllocator()	16	static
../tensorflow/tensorflow/lite/micro/arena_allocator/ibuffer_allocator.h:50:11:tflite::INonPersistentBufferAllocator::~INonPersistentBufferAllocator()	16	static
../tensorflow/tensorflow/lite/micro/arena_allocator/ibuffer_allocator.h:50:11:virtual tflite::INonPersistentBufferAllocator::~INonPersistentBufferAllocator()	16	static
/opt/st/stm32cubeide_1.11.0/plugins/com.st.stm32cube.ide.mcu.externaltools.gnu-tools-for-stm32.10.3-2021.10.linux64_1.0.100.202210260954/tools/arm-none-eabi/include/c++/10.3.1/new:174:33:void* operator new(std::size_t, void*)	16	static
/opt/st/stm32cubeide_1.11.0/plugins/com.st.stm32cube.ide.mcu.externaltools.gnu-tools-for-stm32.10.3-2021.10.linux64_1.0.100.202210260954/tools/arm-none-eabi/include/c++/10.3.1/arm-none-eabi/thumb/v7e-m+fp/hard/bits/gthr-default.h:229:1:int __gthread_key_delete(__gthread_key_t)	16	static
../tensorflow/tensorflow/lite/micro/arena_allocator/single_arena_buffer_allocator.cc:31:1:tflite::SingleArenaBufferAllocator::SingleArenaBufferAllocator(uint8_t*, uint8_t*)	24	static
../tensorflow/tensorflow/lite/micro/arena_allocator/single_arena_buffer_allocator.cc:39:1:tflite::SingleArenaBufferAllocator::SingleArenaBufferAllocator(uint8_t*, size_t)	24	static
../tensorflow/tensorflow/lite/micro/arena_allocator/ibuffer_allocator.h:47:7:constexpr tflite::INonPersistentBufferAllocator::INonPersistentBufferAllocator(const tflite::INonPersistentBufferAllocator&)	16	static
../tensorflow/tensorflow/lite/micro/arena_allocator/ibuffer_allocator.h:32:7:constexpr tflite::IPersistentBufferAllocator::IPersistentBufferAllocator(const tflite::IPersistentBufferAllocator&)	16	static
../tensorflow/tensorflow/lite/micro/arena_allocator/single_arena_buffer_allocator.h:31:7:constexpr tflite::SingleArenaBufferAllocator::SingleArenaBufferAllocator(const tflite::SingleArenaBufferAllocator&)	16	static
../tensorflow/tensorflow/lite/micro/arena_allocator/single_arena_buffer_allocator.cc:44:29:static tflite::SingleArenaBufferAllocator* tflite::SingleArenaBufferAllocator::Create(uint8_t*, size_t)	64	static
../tensorflow/tensorflow/lite/micro/arena_allocator/single_arena_buffer_allocator.cc:59:1:tflite::SingleArenaBufferAllocator::~SingleArenaBufferAllocator()	16	static
../tensorflow/tensorflow/lite/micro/arena_allocator/single_arena_buffer_allocator.cc:59:1:virtual tflite::SingleArenaBufferAllocator::~SingleArenaBufferAllocator()	16	static
../tensorflow/tensorflow/lite/micro/arena_allocator/single_arena_buffer_allocator.cc:61:10:virtual uint8_t* tflite::SingleArenaBufferAllocator::AllocateResizableBuffer(size_t, size_t)	40	static
../tensorflow/tensorflow/lite/micro/arena_allocator/single_arena_buffer_allocator.cc:71:14:virtual TfLiteStatus tflite::SingleArenaBufferAllocator::DeallocateResizableBuffer(uint8_t*)	24	static
../tensorflow/tensorflow/lite/micro/arena_allocator/single_arena_buffer_allocator.cc:76:14:virtual TfLiteStatus tflite::SingleArenaBufferAllocator::ReserveNonPersistentOverlayMemory(size_t, size_t)	40	static
../tensorflow/tensorflow/lite/micro/arena_allocator/single_arena_buffer_allocator.cc:82:14:virtual TfLiteStatus tflite::SingleArenaBufferAllocator::ResizeBuffer(uint8_t*, size_t, size_t)	40	static
../tensorflow/tensorflow/lite/micro/arena_allocator/single_arena_buffer_allocator.cc:108:10:virtual uint8_t* tflite::SingleArenaBufferAllocator::AllocatePersistentBuffer(size_t, size_t)	32	static
../tensorflow/tensorflow/lite/micro/arena_allocator/single_arena_buffer_allocator.cc:125:10:virtual uint8_t* tflite::SingleArenaBufferAllocator::AllocateTemp(size_t, size_t)	32	static
../tensorflow/tensorflow/lite/micro/arena_allocator/single_arena_buffer_allocator.cc:142:6:virtual void tflite::SingleArenaBufferAllocator::DeallocateTemp(uint8_t*)	16	static
../tensorflow/tensorflow/lite/micro/arena_allocator/single_arena_buffer_allocator.cc:147:6:virtual bool tflite::SingleArenaBufferAllocator::IsAllTempDeallocated()	16	static
../tensorflow/tensorflow/lite/micro/arena_allocator/single_arena_buffer_allocator.cc:157:14:virtual TfLiteStatus tflite::SingleArenaBufferAllocator::ResetTempAllocations()	16	static
../tensorflow/tensorflow/lite/micro/arena_allocator/single_arena_buffer_allocator.cc:169:10:virtual uint8_t* tflite::SingleArenaBufferAllocator::GetOverlayMemoryAddress() const	16	static
../tensorflow/tensorflow/lite/micro/arena_allocator/single_arena_buffer_allocator.cc:173:8:virtual size_t tflite::SingleArenaBufferAllocator::GetNonPersistentUsedBytes() const	24	static
../tensorflow/tensorflow/lite/micro/arena_allocator/single_arena_buffer_allocator.cc:177:8:virtual size_t tflite::SingleArenaBufferAllocator::GetPersistentUsedBytes() const	16	static
../tensorflow/tensorflow/lite/micro/arena_allocator/single_arena_buffer_allocator.cc:181:8:virtual size_t tflite::SingleArenaBufferAllocator::GetAvailableMemory(size_t) const	24	static
../tensorflow/tensorflow/lite/micro/arena_allocator/single_arena_buffer_allocator.cc:187:8:size_t tflite::SingleArenaBufferAllocator::GetUsedBytes() const	24	static
../tensorflow/tensorflow/lite/micro/arena_allocator/single_arena_buffer_allocator.cc:191:8:size_t tflite::SingleArenaBufferAllocator::GetBufferSize() const	16	static
../tensorflow/tensorflow/lite/micro/arena_allocator/single_arena_buffer_allocator.cc:195:10:uint8_t* tflite::SingleArenaBufferAllocator::head() const	16	static
../tensorflow/tensorflow/lite/micro/arena_allocator/single_arena_buffer_allocator.cc:197:10:uint8_t* tflite::SingleArenaBufferAllocator::tail() const	16	static
/opt/st/stm32cubeide_1.11.0/plugins/com.st.stm32cube.ide.mcu.externaltools.gnu-tools-for-stm32.10.3-2021.10.linux64_1.0.100.202210260954/tools/arm-none-eabi/include/c++/10.3.1/bits/stl_algobase.h:254:5:constexpr const _Tp& std::max(const _Tp&, const _Tp&) [with _Tp = int]	16	static
