../tensorflow/tensorflow/lite/micro/memory_planner/micro_memory_planner.h:47:3:tflite::MicroMemoryPlanner::MicroMemoryPlanner()	16	static
../tensorflow/tensorflow/lite/micro/memory_planner/micro_memory_planner.h:48:11:tflite::MicroMemoryPlanner::~MicroMemoryPlanner()	16	static
../tensorflow/tensorflow/lite/micro/memory_planner/micro_memory_planner.h:48:11:virtual tflite::MicroMemoryPlanner::~MicroMemoryPlanner()	16	static
../tensorflow/tensorflow/lite/micro/memory_planner/micro_memory_planner.h:62:24:virtual TfLiteStatus tflite::MicroMemoryPlanner::AddBuffer(int, int, int, int)	24	static
../tensorflow/tensorflow/lite/micro/memory_planner/micro_memory_planner.h:79:24:virtual TfLiteStatus tflite::MicroMemoryPlanner::Init(unsigned char*, int)	24	static
../tensorflow/tensorflow/lite/micro/memory_planner/micro_memory_planner.h:84:16:virtual void tflite::MicroMemoryPlanner::PrintMemoryPlan()	16	static
../tensorflow/tensorflow/lite/micro/memory_planner/linear_memory_planner.cc:22:1:tflite::LinearMemoryPlanner::LinearMemoryPlanner()	16	static
../tensorflow/tensorflow/lite/micro/memory_planner/linear_memory_planner.cc:24:1:tflite::LinearMemoryPlanner::~LinearMemoryPlanner()	16	static
../tensorflow/tensorflow/lite/micro/memory_planner/linear_memory_planner.cc:24:1:virtual tflite::LinearMemoryPlanner::~LinearMemoryPlanner()	16	static
../tensorflow/tensorflow/lite/micro/memory_planner/linear_memory_planner.cc:26:14:virtual TfLiteStatus tflite::LinearMemoryPlanner::AddBuffer(int, int, int)	24	static
../tensorflow/tensorflow/lite/micro/memory_planner/linear_memory_planner.cc:38:8:virtual size_t tflite::LinearMemoryPlanner::GetMaximumMemorySize()	16	static
../tensorflow/tensorflow/lite/micro/memory_planner/linear_memory_planner.cc:40:5:virtual int tflite::LinearMemoryPlanner::GetBufferCount()	16	static
../tensorflow/tensorflow/lite/micro/memory_planner/linear_memory_planner.cc:42:14:virtual TfLiteStatus tflite::LinearMemoryPlanner::GetOffsetForBuffer(int, int*)	24	static
